Archive member included to satisfy reference by file (symbol)

d:/5.3 2016q1/bin/../lib/gcc/arm-none-eabi/5.3.1/armv7e-m\libgcc.a(_arm_addsubsf3.o)
                              ..\obj\main.o (__aeabi_ui2f)
d:/5.3 2016q1/bin/../lib/gcc/arm-none-eabi/5.3.1/armv7e-m\libgcc.a(_arm_muldivsf3.o)
                              ..\obj\main.o (__aeabi_fmul)
d:/5.3 2016q1/bin/../lib/gcc/arm-none-eabi/5.3.1/armv7e-m\libgcc.a(_arm_fixunssfsi.o)
                              ..\obj\main.o (__aeabi_f2uiz)
d:/5.3 2016q1/bin/../lib/gcc/arm-none-eabi/5.3.1/../../../../arm-none-eabi/lib/armv7e-m\libg.a(lib_a-memset.o)
                              ..\obj\main.o (memset)

Allocating common symbols
Common symbol       size              file

commcounter         0x2               ..\obj\main.o
potvalue            0x2               ..\obj\main.o
phase               0x1               ..\obj\main.o
runningdc           0x2               ..\obj\main.o
to_rpm              0x2               ..\obj\main.o
run                 0x1               ..\obj\main.o
step                0x2               ..\obj\main.o

Discarded input sections

 .text          0x00000000        0x0 ..\obj\stm32f30x_rcc.o
 .bss           0x00000000        0x0 ..\obj\stm32f30x_rcc.o
 .text.RCC_AdjustHSICalibrationValue
                0x00000000       0x3c ..\obj\stm32f30x_rcc.o
 .text.RCC_HSICmd
                0x00000000       0x20 ..\obj\stm32f30x_rcc.o
 .text.RCC_LSEConfig
                0x00000000       0x3c ..\obj\stm32f30x_rcc.o
 .text.RCC_LSEDriveConfig
                0x00000000       0x30 ..\obj\stm32f30x_rcc.o
 .text.RCC_LSICmd
                0x00000000       0x20 ..\obj\stm32f30x_rcc.o
 .text.RCC_PREDIV1Config
                0x00000000       0x38 ..\obj\stm32f30x_rcc.o
 .text.RCC_ClockSecuritySystemCmd
                0x00000000       0x20 ..\obj\stm32f30x_rcc.o
 .text.RCC_MCOConfig
                0x00000000       0x20 ..\obj\stm32f30x_rcc.o
 .text.RCC_I2CCLKConfig
                0x00000000       0x4c ..\obj\stm32f30x_rcc.o
 .text.RCC_TIMCLKConfig
                0x00000000       0x4c ..\obj\stm32f30x_rcc.o
 .text.RCC_USARTCLKConfig
                0x00000000       0x98 ..\obj\stm32f30x_rcc.o
 .text.RCC_USBCLKConfig
                0x00000000       0x1c ..\obj\stm32f30x_rcc.o
 .text.RCC_RTCCLKConfig
                0x00000000       0x24 ..\obj\stm32f30x_rcc.o
 .text.RCC_I2SCLKConfig
                0x00000000       0x1c ..\obj\stm32f30x_rcc.o
 .text.RCC_RTCCLKCmd
                0x00000000       0x20 ..\obj\stm32f30x_rcc.o
 .text.RCC_BackupResetCmd
                0x00000000       0x20 ..\obj\stm32f30x_rcc.o
 .text.RCC_AHBPeriphResetCmd
                0x00000000       0x3c ..\obj\stm32f30x_rcc.o
 .text.RCC_APB2PeriphResetCmd
                0x00000000       0x3c ..\obj\stm32f30x_rcc.o
 .text.RCC_APB1PeriphResetCmd
                0x00000000       0x3c ..\obj\stm32f30x_rcc.o
 .text.RCC_ITConfig
                0x00000000       0x4c ..\obj\stm32f30x_rcc.o
 .text.RCC_ClearFlag
                0x00000000       0x1c ..\obj\stm32f30x_rcc.o
 .text.RCC_GetITStatus
                0x00000000       0x34 ..\obj\stm32f30x_rcc.o
 .text.RCC_ClearITPendingBit
                0x00000000       0x20 ..\obj\stm32f30x_rcc.o
 .text          0x00000000        0x0 ..\obj\stm32f30x_adc.o
 .data          0x00000000        0x0 ..\obj\stm32f30x_adc.o
 .bss           0x00000000        0x0 ..\obj\stm32f30x_adc.o
 .text.ADC_DeInit
                0x00000000       0x68 ..\obj\stm32f30x_adc.o
 .text.ADC_StructInit
                0x00000000       0x44 ..\obj\stm32f30x_adc.o
 .text.ADC_InjectedInit
                0x00000000       0x60 ..\obj\stm32f30x_adc.o
 .text.ADC_InjectedStructInit
                0x00000000       0x3c ..\obj\stm32f30x_adc.o
 .text.ADC_CommonInit
                0x00000000       0x9c ..\obj\stm32f30x_adc.o
 .text.ADC_CommonStructInit
                0x00000000       0x30 ..\obj\stm32f30x_adc.o
 .text.ADC_GetCalibrationValue
                0x00000000       0x18 ..\obj\stm32f30x_adc.o
 .text.ADC_SetCalibrationValue
                0x00000000       0x1c ..\obj\stm32f30x_adc.o
 .text.ADC_SelectCalibrationMode
                0x00000000       0x2c ..\obj\stm32f30x_adc.o
 .text.ADC_DisableCmd
                0x00000000       0x20 ..\obj\stm32f30x_adc.o
 .text.ADC_GetDisableCmdStatus
                0x00000000       0x30 ..\obj\stm32f30x_adc.o
 .text.ADC_VoltageRegulatorCmd
                0x00000000       0x44 ..\obj\stm32f30x_adc.o
 .text.ADC_SelectDifferentialMode
                0x00000000       0x50 ..\obj\stm32f30x_adc.o
 .text.ADC_SelectQueueOfContextMode
                0x00000000       0x38 ..\obj\stm32f30x_adc.o
 .text.ADC_AutoDelayCmd
                0x00000000       0x38 ..\obj\stm32f30x_adc.o
 .text.ADC_AnalogWatchdogCmd
                0x00000000       0x34 ..\obj\stm32f30x_adc.o
 .text.ADC_AnalogWatchdog1ThresholdsConfig
                0x00000000       0x54 ..\obj\stm32f30x_adc.o
 .text.ADC_AnalogWatchdog2ThresholdsConfig
                0x00000000       0x4c ..\obj\stm32f30x_adc.o
 .text.ADC_AnalogWatchdog3ThresholdsConfig
                0x00000000       0x4c ..\obj\stm32f30x_adc.o
 .text.ADC_AnalogWatchdog1SingleChannelConfig
                0x00000000       0x38 ..\obj\stm32f30x_adc.o
 .text.ADC_AnalogWatchdog2SingleChannelConfig
                0x00000000       0x4c ..\obj\stm32f30x_adc.o
 .text.ADC_AnalogWatchdog3SingleChannelConfig
                0x00000000       0x4c ..\obj\stm32f30x_adc.o
 .text.ADC_TempSensorCmd
                0x00000000       0x78 ..\obj\stm32f30x_adc.o
 .text.ADC_VrefintCmd
                0x00000000       0x78 ..\obj\stm32f30x_adc.o
 .text.ADC_VbatCmd
                0x00000000       0x78 ..\obj\stm32f30x_adc.o
 .text.ADC_RegularChannelSequencerLengthConfig
                0x00000000       0x30 ..\obj\stm32f30x_adc.o
 .text.ADC_ExternalTriggerConfig
                0x00000000       0x38 ..\obj\stm32f30x_adc.o
 .text.ADC_GetStartConversionStatus
                0x00000000       0x30 ..\obj\stm32f30x_adc.o
 .text.ADC_StopConversion
                0x00000000       0x20 ..\obj\stm32f30x_adc.o
 .text.ADC_DiscModeChannelCountConfig
                0x00000000       0x44 ..\obj\stm32f30x_adc.o
 .text.ADC_DiscModeCmd
                0x00000000       0x38 ..\obj\stm32f30x_adc.o
 .text.ADC_GetDualModeConversionValue
                0x00000000       0x44 ..\obj\stm32f30x_adc.o
 .text.ADC_SetChannelOffset1
                0x00000000       0x50 ..\obj\stm32f30x_adc.o
 .text.ADC_SetChannelOffset2
                0x00000000       0x50 ..\obj\stm32f30x_adc.o
 .text.ADC_SetChannelOffset3
                0x00000000       0x50 ..\obj\stm32f30x_adc.o
 .text.ADC_SetChannelOffset4
                0x00000000       0x50 ..\obj\stm32f30x_adc.o
 .text.ADC_ChannelOffset1Cmd
                0x00000000       0x38 ..\obj\stm32f30x_adc.o
 .text.ADC_ChannelOffset2Cmd
                0x00000000       0x38 ..\obj\stm32f30x_adc.o
 .text.ADC_ChannelOffset3Cmd
                0x00000000       0x38 ..\obj\stm32f30x_adc.o
 .text.ADC_ChannelOffset4Cmd
                0x00000000       0x38 ..\obj\stm32f30x_adc.o
 .text.ADC_DMACmd
                0x00000000       0x38 ..\obj\stm32f30x_adc.o
 .text.ADC_DMAConfig
                0x00000000       0x2c ..\obj\stm32f30x_adc.o
 .text.ADC_InjectedChannelSampleTimeConfig
                0x00000000       0xa0 ..\obj\stm32f30x_adc.o
 .text.ADC_StartInjectedConversion
                0x00000000       0x20 ..\obj\stm32f30x_adc.o
 .text.ADC_StopInjectedConversion
                0x00000000       0x20 ..\obj\stm32f30x_adc.o
 .text.ADC_GetStartInjectedConversionStatus
                0x00000000       0x30 ..\obj\stm32f30x_adc.o
 .text.ADC_AutoInjectedConvCmd
                0x00000000       0x38 ..\obj\stm32f30x_adc.o
 .text.ADC_InjectedDiscModeCmd
                0x00000000       0x38 ..\obj\stm32f30x_adc.o
 .text.ADC_GetInjectedConversionValue
                0x00000000       0x34 ..\obj\stm32f30x_adc.o
 .text.ADC_ITConfig
                0x00000000       0x3c ..\obj\stm32f30x_adc.o
 .text.ADC_GetFlagStatus
                0x00000000       0x30 ..\obj\stm32f30x_adc.o
 .text.ADC_ClearFlag
                0x00000000       0x1c ..\obj\stm32f30x_adc.o
 .text.ADC_GetCommonFlagStatus
                0x00000000       0x5c ..\obj\stm32f30x_adc.o
 .text.ADC_ClearCommonFlag
                0x00000000       0x4c ..\obj\stm32f30x_adc.o
 .text.ADC_GetITStatus
                0x00000000       0x54 ..\obj\stm32f30x_adc.o
 .text.ADC_ClearITPendingBit
                0x00000000       0x20 ..\obj\stm32f30x_adc.o
 .text          0x00000000        0x0 ..\obj\stm32f30x_gpio.o
 .data          0x00000000        0x0 ..\obj\stm32f30x_gpio.o
 .bss           0x00000000        0x0 ..\obj\stm32f30x_gpio.o
 .text.GPIO_DeInit
                0x00000000       0xd8 ..\obj\stm32f30x_gpio.o
 .text.GPIO_StructInit
                0x00000000       0x34 ..\obj\stm32f30x_gpio.o
 .text.GPIO_PinLockConfig
                0x00000000       0x44 ..\obj\stm32f30x_gpio.o
 .text.GPIO_ReadInputDataBit
                0x00000000       0x38 ..\obj\stm32f30x_gpio.o
 .text.GPIO_ReadOutputDataBit
                0x00000000       0x38 ..\obj\stm32f30x_gpio.o
 .text.GPIO_ReadOutputData
                0x00000000       0x18 ..\obj\stm32f30x_gpio.o
 .text.GPIO_SetBits
                0x00000000       0x1c ..\obj\stm32f30x_gpio.o
 .text.GPIO_WriteBit
                0x00000000       0x30 ..\obj\stm32f30x_gpio.o
 .text.GPIO_Write
                0x00000000       0x1c ..\obj\stm32f30x_gpio.o
 .text.GPIO_PinAFConfig
                0x00000000       0x90 ..\obj\stm32f30x_gpio.o
 .text          0x00000000        0x0 ..\obj\main.o
 .data          0x00000000        0x4 ..\obj\main.o
 .text          0x00000000        0x0 ..\obj\stm32f30x_dma.o
 .data          0x00000000        0x0 ..\obj\stm32f30x_dma.o
 .bss           0x00000000        0x0 ..\obj\stm32f30x_dma.o
 .text.DMA_DeInit
                0x00000000      0x178 ..\obj\stm32f30x_dma.o
 .text.DMA_Init
                0x00000000       0x80 ..\obj\stm32f30x_dma.o
 .text.DMA_StructInit
                0x00000000       0x54 ..\obj\stm32f30x_dma.o
 .text.DMA_Cmd  0x00000000       0x38 ..\obj\stm32f30x_dma.o
 .text.DMA_SetCurrDataCounter
                0x00000000       0x1c ..\obj\stm32f30x_dma.o
 .text.DMA_GetCurrDataCounter
                0x00000000       0x18 ..\obj\stm32f30x_dma.o
 .text.DMA_ITConfig
                0x00000000       0x3c ..\obj\stm32f30x_dma.o
 .text.DMA_GetFlagStatus
                0x00000000       0x50 ..\obj\stm32f30x_dma.o
 .text.DMA_ClearFlag
                0x00000000       0x34 ..\obj\stm32f30x_dma.o
 .text.DMA_GetITStatus
                0x00000000       0x50 ..\obj\stm32f30x_dma.o
 .text.DMA_ClearITPendingBit
                0x00000000       0x34 ..\obj\stm32f30x_dma.o
 .debug_info    0x00000000      0x47b ..\obj\stm32f30x_dma.o
 .debug_abbrev  0x00000000      0x157 ..\obj\stm32f30x_dma.o
 .debug_aranges
                0x00000000       0x70 ..\obj\stm32f30x_dma.o
 .debug_ranges  0x00000000       0x60 ..\obj\stm32f30x_dma.o
 .debug_line    0x00000000      0x2f5 ..\obj\stm32f30x_dma.o
 .debug_str     0x00000000      0x3c5 ..\obj\stm32f30x_dma.o
 .comment       0x00000000       0x6f ..\obj\stm32f30x_dma.o
 .debug_frame   0x00000000      0x1c8 ..\obj\stm32f30x_dma.o
 .ARM.attributes
                0x00000000       0x33 ..\obj\stm32f30x_dma.o
 .text          0x00000000        0x0 ..\obj\printf.o
 .data          0x00000000      0x42c ..\obj\printf.o
 .bss           0x00000000        0x0 ..\obj\printf.o
 .text.PrintChar
                0x00000000       0x14 ..\obj\printf.o
 .text.snprintf
                0x00000000       0x30 ..\obj\printf.o
 .rodata        0x00000000       0x24 ..\obj\printf.o
 .text.vfprintf
                0x00000000       0x68 ..\obj\printf.o
 .text.vprintf  0x00000000       0x28 ..\obj\printf.o
 .text.fprintf  0x00000000       0x2c ..\obj\printf.o
 .text.printf   0x00000000       0x28 ..\obj\printf.o
 .text.puts     0x00000000       0x24 ..\obj\printf.o
 .text.fputc    0x00000000       0x40 ..\obj\printf.o
 .text.fputs    0x00000000       0x48 ..\obj\printf.o
 .text          0x00000000        0x0 ..\obj\stm32f30x_exti.o
 .data          0x00000000        0x0 ..\obj\stm32f30x_exti.o
 .bss           0x00000000        0x0 ..\obj\stm32f30x_exti.o
 .text.EXTI_DeInit
                0x00000000       0x5c ..\obj\stm32f30x_exti.o
 .text.EXTI_StructInit
                0x00000000       0x2c ..\obj\stm32f30x_exti.o
 .text.EXTI_GenerateSWInterrupt
                0x00000000       0x40 ..\obj\stm32f30x_exti.o
 .text.EXTI_GetFlagStatus
                0x00000000       0x44 ..\obj\stm32f30x_exti.o
 .text.EXTI_ClearFlag
                0x00000000       0x30 ..\obj\stm32f30x_exti.o
 .text          0x00000000        0x0 ..\obj\system_stm32f30x_temp.o
 .data          0x00000000       0x14 ..\obj\system_stm32f30x_temp.o
 .bss           0x00000000        0x0 ..\obj\system_stm32f30x_temp.o
 .text.SystemCoreClockUpdate1
                0x00000000       0xd4 ..\obj\system_stm32f30x_temp.o
 .text          0x00000000        0x0 ..\obj\stm32f30x_misc.o
 .data          0x00000000        0x0 ..\obj\stm32f30x_misc.o
 .bss           0x00000000        0x0 ..\obj\stm32f30x_misc.o
 .text.NVIC_PriorityGroupConfig
                0x00000000       0x24 ..\obj\stm32f30x_misc.o
 .text.NVIC_SetVectorTable
                0x00000000       0x2c ..\obj\stm32f30x_misc.o
 .text.NVIC_SystemLPConfig
                0x00000000       0x40 ..\obj\stm32f30x_misc.o
 .text.SysTick_CLKSourceConfig
                0x00000000       0x38 ..\obj\stm32f30x_misc.o
 .text          0x00000000        0x0 ..\obj\stm32f30x_tim.o
 .data          0x00000000        0x0 ..\obj\stm32f30x_tim.o
 .bss           0x00000000        0x0 ..\obj\stm32f30x_tim.o
 .text.TIM_DeInit
                0x00000000      0x14c ..\obj\stm32f30x_tim.o
 .text.TIM_PrescalerConfig
                0x00000000       0x28 ..\obj\stm32f30x_tim.o
 .text.TIM_CounterModeConfig
                0x00000000       0x38 ..\obj\stm32f30x_tim.o
 .text.TIM_SetAutoreload
                0x00000000       0x1c ..\obj\stm32f30x_tim.o
 .text.TIM_GetPrescaler
                0x00000000       0x18 ..\obj\stm32f30x_tim.o
 .text.TIM_UpdateDisableConfig
                0x00000000       0x40 ..\obj\stm32f30x_tim.o
 .text.TIM_UpdateRequestConfig
                0x00000000       0x40 ..\obj\stm32f30x_tim.o
 .text.TIM_UIFRemap
                0x00000000       0x40 ..\obj\stm32f30x_tim.o
 .text.TIM_ARRPreloadConfig
                0x00000000       0x40 ..\obj\stm32f30x_tim.o
 .text.TIM_SelectOnePulseMode
                0x00000000       0x38 ..\obj\stm32f30x_tim.o
 .text.TIM_SetClockDivision
                0x00000000       0x38 ..\obj\stm32f30x_tim.o
 .text.TIM_OC1Init
                0x00000000      0x124 ..\obj\stm32f30x_tim.o
 .text.TIM_OC2Init
                0x00000000      0x100 ..\obj\stm32f30x_tim.o
 .text.TIM_OC3Init
                0x00000000       0xfc ..\obj\stm32f30x_tim.o
 .text.TIM_OC4Init
                0x00000000       0xc0 ..\obj\stm32f30x_tim.o
 .text.TIM_OC5Init
                0x00000000       0xb8 ..\obj\stm32f30x_tim.o
 .text.TIM_OC6Init
                0x00000000       0xac ..\obj\stm32f30x_tim.o
 .text.TIM_SelectGC5C1
                0x00000000       0x38 ..\obj\stm32f30x_tim.o
 .text.TIM_SelectGC5C2
                0x00000000       0x38 ..\obj\stm32f30x_tim.o
 .text.TIM_SelectGC5C3
                0x00000000       0x38 ..\obj\stm32f30x_tim.o
 .text.TIM_OCStructInit
                0x00000000       0x44 ..\obj\stm32f30x_tim.o
 .text.TIM_SelectOCxM
                0x00000000       0xac ..\obj\stm32f30x_tim.o
 .text.TIM_SetCompare1
                0x00000000       0x1c ..\obj\stm32f30x_tim.o
 .text.TIM_SetCompare2
                0x00000000       0x1c ..\obj\stm32f30x_tim.o
 .text.TIM_SetCompare3
                0x00000000       0x1c ..\obj\stm32f30x_tim.o
 .text.TIM_SetCompare4
                0x00000000       0x1c ..\obj\stm32f30x_tim.o
 .text.TIM_SetCompare5
                0x00000000       0x1c ..\obj\stm32f30x_tim.o
 .text.TIM_SetCompare6
                0x00000000       0x1c ..\obj\stm32f30x_tim.o
 .text.TIM_ForcedOC1Config
                0x00000000       0x3c ..\obj\stm32f30x_tim.o
 .text.TIM_ForcedOC2Config
                0x00000000       0x3c ..\obj\stm32f30x_tim.o
 .text.TIM_ForcedOC3Config
                0x00000000       0x38 ..\obj\stm32f30x_tim.o
 .text.TIM_ForcedOC4Config
                0x00000000       0x38 ..\obj\stm32f30x_tim.o
 .text.TIM_ForcedOC5Config
                0x00000000       0x38 ..\obj\stm32f30x_tim.o
 .text.TIM_ForcedOC6Config
                0x00000000       0x38 ..\obj\stm32f30x_tim.o
 .text.TIM_OC1PreloadConfig
                0x00000000       0x38 ..\obj\stm32f30x_tim.o
 .text.TIM_OC2PreloadConfig
                0x00000000       0x38 ..\obj\stm32f30x_tim.o
 .text.TIM_OC3PreloadConfig
                0x00000000       0x38 ..\obj\stm32f30x_tim.o
 .text.TIM_OC4PreloadConfig
                0x00000000       0x38 ..\obj\stm32f30x_tim.o
 .text.TIM_OC5PreloadConfig
                0x00000000       0x38 ..\obj\stm32f30x_tim.o
 .text.TIM_OC6PreloadConfig
                0x00000000       0x38 ..\obj\stm32f30x_tim.o
 .text.TIM_OC1FastConfig
                0x00000000       0x38 ..\obj\stm32f30x_tim.o
 .text.TIM_OC2FastConfig
                0x00000000       0x38 ..\obj\stm32f30x_tim.o
 .text.TIM_OC3FastConfig
                0x00000000       0x38 ..\obj\stm32f30x_tim.o
 .text.TIM_OC4FastConfig
                0x00000000       0x38 ..\obj\stm32f30x_tim.o
 .text.TIM_ClearOC1Ref
                0x00000000       0x38 ..\obj\stm32f30x_tim.o
 .text.TIM_ClearOC2Ref
                0x00000000       0x38 ..\obj\stm32f30x_tim.o
 .text.TIM_ClearOC3Ref
                0x00000000       0x38 ..\obj\stm32f30x_tim.o
 .text.TIM_ClearOC4Ref
                0x00000000       0x38 ..\obj\stm32f30x_tim.o
 .text.TIM_ClearOC5Ref
                0x00000000       0x38 ..\obj\stm32f30x_tim.o
 .text.TIM_ClearOC6Ref
                0x00000000       0x38 ..\obj\stm32f30x_tim.o
 .text.TIM_SelectOCREFClear
                0x00000000       0x30 ..\obj\stm32f30x_tim.o
 .text.TIM_OC1PolarityConfig
                0x00000000       0x38 ..\obj\stm32f30x_tim.o
 .text.TIM_OC1NPolarityConfig
                0x00000000       0x38 ..\obj\stm32f30x_tim.o
 .text.TIM_OC2PolarityConfig
                0x00000000       0x38 ..\obj\stm32f30x_tim.o
 .text.TIM_OC2NPolarityConfig
                0x00000000       0x38 ..\obj\stm32f30x_tim.o
 .text.TIM_OC3PolarityConfig
                0x00000000       0x38 ..\obj\stm32f30x_tim.o
 .text.TIM_OC3NPolarityConfig
                0x00000000       0x38 ..\obj\stm32f30x_tim.o
 .text.TIM_OC4PolarityConfig
                0x00000000       0x38 ..\obj\stm32f30x_tim.o
 .text.TIM_OC5PolarityConfig
                0x00000000       0x38 ..\obj\stm32f30x_tim.o
 .text.TIM_OC6PolarityConfig
                0x00000000       0x38 ..\obj\stm32f30x_tim.o
 .text.TIM_CCxCmd
                0x00000000       0x48 ..\obj\stm32f30x_tim.o
 .text.TIM_CCxNCmd
                0x00000000       0x48 ..\obj\stm32f30x_tim.o
 .text.TIM_ICInit
                0x00000000       0xa8 ..\obj\stm32f30x_tim.o
 .text.TIM_ICStructInit
                0x00000000       0x30 ..\obj\stm32f30x_tim.o
 .text.TIM_PWMIConfig
                0x00000000       0xb8 ..\obj\stm32f30x_tim.o
 .text.TIM_GetCapture1
                0x00000000       0x18 ..\obj\stm32f30x_tim.o
 .text.TIM_GetCapture2
                0x00000000       0x18 ..\obj\stm32f30x_tim.o
 .text.TIM_GetCapture3
                0x00000000       0x18 ..\obj\stm32f30x_tim.o
 .text.TIM_GetCapture4
                0x00000000       0x18 ..\obj\stm32f30x_tim.o
 .text.TIM_SetIC1Prescaler
                0x00000000       0x30 ..\obj\stm32f30x_tim.o
 .text.TIM_SetIC2Prescaler
                0x00000000       0x30 ..\obj\stm32f30x_tim.o
 .text.TIM_SetIC3Prescaler
                0x00000000       0x30 ..\obj\stm32f30x_tim.o
 .text.TIM_SetIC4Prescaler
                0x00000000       0x34 ..\obj\stm32f30x_tim.o
 .text.TIM_BDTRConfig
                0x00000000       0x50 ..\obj\stm32f30x_tim.o
 .text.TIM_Break1Config
                0x00000000       0x38 ..\obj\stm32f30x_tim.o
 .text.TIM_Break2Config
                0x00000000       0x38 ..\obj\stm32f30x_tim.o
 .text.TIM_Break1Cmd
                0x00000000       0x38 ..\obj\stm32f30x_tim.o
 .text.TIM_Break2Cmd
                0x00000000       0x38 ..\obj\stm32f30x_tim.o
 .text.TIM_BDTRStructInit
                0x00000000       0x3c ..\obj\stm32f30x_tim.o
 .text.TIM_CtrlPWMOutputs
                0x00000000       0x38 ..\obj\stm32f30x_tim.o
 .text.TIM_SelectCOM
                0x00000000       0x38 ..\obj\stm32f30x_tim.o
 .text.TIM_CCPreloadControl
                0x00000000       0x38 ..\obj\stm32f30x_tim.o
 .text.TIM_GenerateEvent
                0x00000000       0x1c ..\obj\stm32f30x_tim.o
 .text.TIM_GetFlagStatus
                0x00000000       0x30 ..\obj\stm32f30x_tim.o
 .text.TIM_DMAConfig
                0x00000000       0x28 ..\obj\stm32f30x_tim.o
 .text.TIM_DMACmd
                0x00000000       0x40 ..\obj\stm32f30x_tim.o
 .text.TIM_SelectCCDMA
                0x00000000       0x38 ..\obj\stm32f30x_tim.o
 .text.TIM_InternalClockConfig
                0x00000000       0x20 ..\obj\stm32f30x_tim.o
 .text.TIM_ITRxExternalClockConfig
                0x00000000       0x2c ..\obj\stm32f30x_tim.o
 .text.TIM_TIxExternalClockConfig
                0x00000000       0x58 ..\obj\stm32f30x_tim.o
 .text.TIM_ETRClockMode1Config
                0x00000000       0x60 ..\obj\stm32f30x_tim.o
 .text.TIM_ETRClockMode2Config
                0x00000000       0x3c ..\obj\stm32f30x_tim.o
 .text.TIM_SelectInputTrigger
                0x00000000       0x38 ..\obj\stm32f30x_tim.o
 .text.TIM_SelectOutputTrigger
                0x00000000       0x30 ..\obj\stm32f30x_tim.o
 .text.TIM_SelectOutputTrigger2
                0x00000000       0x2c ..\obj\stm32f30x_tim.o
 .text.TIM_SelectSlaveMode
                0x00000000       0x30 ..\obj\stm32f30x_tim.o
 .text.TIM_SelectMasterSlaveMode
                0x00000000       0x30 ..\obj\stm32f30x_tim.o
 .text.TIM_ETRConfig
                0x00000000       0x54 ..\obj\stm32f30x_tim.o
 .text.TIM_EncoderInterfaceConfig
                0x00000000       0x98 ..\obj\stm32f30x_tim.o
 .text.TIM_SelectHallSensor
                0x00000000       0x38 ..\obj\stm32f30x_tim.o
 .text.TIM_RemapConfig
                0x00000000       0x20 ..\obj\stm32f30x_tim.o
 .text.TI1_Config
                0x00000000       0x80 ..\obj\stm32f30x_tim.o
 .text.TI2_Config
                0x00000000       0x98 ..\obj\stm32f30x_tim.o
 .text.TI3_Config
                0x00000000       0x8c ..\obj\stm32f30x_tim.o
 .text.TI4_Config
                0x00000000       0x9c ..\obj\stm32f30x_tim.o
 .text          0x00000000       0x14 ..\obj\startup_stm32f30x.o
 .data          0x00000000        0x0 ..\obj\startup_stm32f30x.o
 .bss           0x00000000        0x0 ..\obj\startup_stm32f30x.o
 .text          0x00000000        0x0 ..\obj\stm32f30x_syscfg.o
 .data          0x00000000        0x0 ..\obj\stm32f30x_syscfg.o
 .bss           0x00000000        0x0 ..\obj\stm32f30x_syscfg.o
 .text.SYSCFG_DeInit
                0x00000000       0x4c ..\obj\stm32f30x_syscfg.o
 .text.SYSCFG_MemoryRemapConfig
                0x00000000       0x38 ..\obj\stm32f30x_syscfg.o
 .text.SYSCFG_DMAChannelRemapConfig
                0x00000000       0x3c ..\obj\stm32f30x_syscfg.o
 .text.SYSCFG_TriggerRemapConfig
                0x00000000       0x3c ..\obj\stm32f30x_syscfg.o
 .text.SYSCFG_EncoderRemapConfig
                0x00000000       0x30 ..\obj\stm32f30x_syscfg.o
 .text.SYSCFG_USBInterruptLineRemapCmd
                0x00000000       0x20 ..\obj\stm32f30x_syscfg.o
 .text.SYSCFG_I2CFastModePlusConfig
                0x00000000       0x3c ..\obj\stm32f30x_syscfg.o
 .text.SYSCFG_ITConfig
                0x00000000       0x3c ..\obj\stm32f30x_syscfg.o
 .text.SYSCFG_BreakConfig
                0x00000000       0x24 ..\obj\stm32f30x_syscfg.o
 .text.SYSCFG_BypassParityCheckDisable
                0x00000000       0x18 ..\obj\stm32f30x_syscfg.o
 .text.SYSCFG_SRAMWRPEnable
                0x00000000       0x24 ..\obj\stm32f30x_syscfg.o
 .text.SYSCFG_GetFlagStatus
                0x00000000       0x34 ..\obj\stm32f30x_syscfg.o
 .text.SYSCFG_ClearFlag
                0x00000000       0x24 ..\obj\stm32f30x_syscfg.o
 .text          0x00000000        0x0 ..\obj\stm32f30x_usart.o
 .data          0x00000000        0x0 ..\obj\stm32f30x_usart.o
 .bss           0x00000000        0x0 ..\obj\stm32f30x_usart.o
 .text.USART_DeInit
                0x00000000       0xb8 ..\obj\stm32f30x_usart.o
 .text.USART_StructInit
                0x00000000       0x38 ..\obj\stm32f30x_usart.o
 .text.USART_ClockInit
                0x00000000       0x48 ..\obj\stm32f30x_usart.o
 .text.USART_ClockStructInit
                0x00000000       0x2c ..\obj\stm32f30x_usart.o
 .text.USART_DirectionModeCmd
                0x00000000       0x3c ..\obj\stm32f30x_usart.o
 .text.USART_OverSampling8Cmd
                0x00000000       0x38 ..\obj\stm32f30x_usart.o
 .text.USART_OneBitMethodCmd
                0x00000000       0x38 ..\obj\stm32f30x_usart.o
 .text.USART_MSBFirstCmd
                0x00000000       0x38 ..\obj\stm32f30x_usart.o
 .text.USART_DataInvCmd
                0x00000000       0x38 ..\obj\stm32f30x_usart.o
 .text.USART_InvPinCmd
                0x00000000       0x3c ..\obj\stm32f30x_usart.o
 .text.USART_SWAPPinCmd
                0x00000000       0x38 ..\obj\stm32f30x_usart.o
 .text.USART_ReceiverTimeOutCmd
                0x00000000       0x38 ..\obj\stm32f30x_usart.o
 .text.USART_SetReceiverTimeOut
                0x00000000       0x2c ..\obj\stm32f30x_usart.o
 .text.USART_SetPrescaler
                0x00000000       0x38 ..\obj\stm32f30x_usart.o
 .text.USART_STOPModeCmd
                0x00000000       0x38 ..\obj\stm32f30x_usart.o
 .text.USART_StopModeWakeUpSourceConfig
                0x00000000       0x2c ..\obj\stm32f30x_usart.o
 .text.USART_AutoBaudRateCmd
                0x00000000       0x38 ..\obj\stm32f30x_usart.o
 .text.USART_AutoBaudRateConfig
                0x00000000       0x2c ..\obj\stm32f30x_usart.o
 .text.USART_ReceiveData
                0x00000000       0x20 ..\obj\stm32f30x_usart.o
 .text.USART_SetAddress
                0x00000000       0x30 ..\obj\stm32f30x_usart.o
 .text.USART_MuteModeCmd
                0x00000000       0x38 ..\obj\stm32f30x_usart.o
 .text.USART_MuteModeWakeUpConfig
                0x00000000       0x2c ..\obj\stm32f30x_usart.o
 .text.USART_AddressDetectionConfig
                0x00000000       0x2c ..\obj\stm32f30x_usart.o
 .text.USART_LINBreakDetectLengthConfig
                0x00000000       0x2c ..\obj\stm32f30x_usart.o
 .text.USART_LINCmd
                0x00000000       0x38 ..\obj\stm32f30x_usart.o
 .text.USART_HalfDuplexCmd
                0x00000000       0x38 ..\obj\stm32f30x_usart.o
 .text.USART_SetGuardTime
                0x00000000       0x3c ..\obj\stm32f30x_usart.o
 .text.USART_SmartCardCmd
                0x00000000       0x38 ..\obj\stm32f30x_usart.o
 .text.USART_SmartCardNACKCmd
                0x00000000       0x38 ..\obj\stm32f30x_usart.o
 .text.USART_SetAutoRetryCount
                0x00000000       0x30 ..\obj\stm32f30x_usart.o
 .text.USART_SetBlockLength
                0x00000000       0x30 ..\obj\stm32f30x_usart.o
 .text.USART_IrDAConfig
                0x00000000       0x2c ..\obj\stm32f30x_usart.o
 .text.USART_IrDACmd
                0x00000000       0x38 ..\obj\stm32f30x_usart.o
 .text.USART_DECmd
                0x00000000       0x38 ..\obj\stm32f30x_usart.o
 .text.USART_DEPolarityConfig
                0x00000000       0x2c ..\obj\stm32f30x_usart.o
 .text.USART_SetDEAssertionTime
                0x00000000       0x30 ..\obj\stm32f30x_usart.o
 .text.USART_SetDEDeassertionTime
                0x00000000       0x30 ..\obj\stm32f30x_usart.o
 .text.USART_DMACmd
                0x00000000       0x3c ..\obj\stm32f30x_usart.o
 .text.USART_DMAReceptionErrorConfig
                0x00000000       0x2c ..\obj\stm32f30x_usart.o
 .text.USART_ITConfig
                0x00000000       0x80 ..\obj\stm32f30x_usart.o
 .text.USART_RequestCmd
                0x00000000       0x48 ..\obj\stm32f30x_usart.o
 .text.USART_OverrunDetectionConfig
                0x00000000       0x2c ..\obj\stm32f30x_usart.o
 .text.USART_ClearFlag
                0x00000000       0x1c ..\obj\stm32f30x_usart.o
 .text.USART_GetITStatus
                0x00000000       0x9c ..\obj\stm32f30x_usart.o
 .text.USART_ClearITPendingBit
                0x00000000       0x34 ..\obj\stm32f30x_usart.o
 .data          0x00000000        0x0 d:/5.3 2016q1/bin/../lib/gcc/arm-none-eabi/5.3.1/armv7e-m\libgcc.a(_arm_addsubsf3.o)
 .bss           0x00000000        0x0 d:/5.3 2016q1/bin/../lib/gcc/arm-none-eabi/5.3.1/armv7e-m\libgcc.a(_arm_addsubsf3.o)
 .data          0x00000000        0x0 d:/5.3 2016q1/bin/../lib/gcc/arm-none-eabi/5.3.1/armv7e-m\libgcc.a(_arm_muldivsf3.o)
 .bss           0x00000000        0x0 d:/5.3 2016q1/bin/../lib/gcc/arm-none-eabi/5.3.1/armv7e-m\libgcc.a(_arm_muldivsf3.o)
 .data          0x00000000        0x0 d:/5.3 2016q1/bin/../lib/gcc/arm-none-eabi/5.3.1/armv7e-m\libgcc.a(_arm_fixunssfsi.o)
 .bss           0x00000000        0x0 d:/5.3 2016q1/bin/../lib/gcc/arm-none-eabi/5.3.1/armv7e-m\libgcc.a(_arm_fixunssfsi.o)
 .text          0x00000000        0x0 d:/5.3 2016q1/bin/../lib/gcc/arm-none-eabi/5.3.1/../../../../arm-none-eabi/lib/armv7e-m\libg.a(lib_a-memset.o)
 .data          0x00000000        0x0 d:/5.3 2016q1/bin/../lib/gcc/arm-none-eabi/5.3.1/../../../../arm-none-eabi/lib/armv7e-m\libg.a(lib_a-memset.o)
 .bss           0x00000000        0x0 d:/5.3 2016q1/bin/../lib/gcc/arm-none-eabi/5.3.1/../../../../arm-none-eabi/lib/armv7e-m\libg.a(lib_a-memset.o)

Memory Configuration

Name             Origin             Length             Attributes
rom              0x08000000         0x00040000         xr
ram              0x20000000         0x0000a000         xrw
ram1             0x10000000         0x00002000         xrw
*default*        0x00000000         0xffffffff

Linker script and memory map

                0x2000a000                _eram = 0x2000a000

.text           0x08000000     0x2b62
 *(.isr_vector)
 .isr_vector    0x08000000      0x188 ..\obj\startup_stm32f30x.o
                0x08000000                g_pfnVectors
 *(.text*)
 .text.RCC_DeInit
                0x08000188       0x7c ..\obj\stm32f30x_rcc.o
                0x08000188                RCC_DeInit
 .text.RCC_HSEConfig
                0x08000204       0x24 ..\obj\stm32f30x_rcc.o
                0x08000204                RCC_HSEConfig
 .text.RCC_WaitForHSEStartUp
                0x08000228       0x50 ..\obj\stm32f30x_rcc.o
                0x08000228                RCC_WaitForHSEStartUp
 .text.RCC_PLLConfig
                0x08000278       0x34 ..\obj\stm32f30x_rcc.o
                0x08000278                RCC_PLLConfig
 .text.RCC_PLLCmd
                0x080002ac       0x20 ..\obj\stm32f30x_rcc.o
                0x080002ac                RCC_PLLCmd
 .text.RCC_SYSCLKConfig
                0x080002cc       0x38 ..\obj\stm32f30x_rcc.o
                0x080002cc                RCC_SYSCLKConfig
 .text.RCC_GetSYSCLKSource
                0x08000304       0x1c ..\obj\stm32f30x_rcc.o
                0x08000304                RCC_GetSYSCLKSource
 .text.RCC_HCLKConfig
                0x08000320       0x38 ..\obj\stm32f30x_rcc.o
                0x08000320                RCC_HCLKConfig
 .text.RCC_PCLK1Config
                0x08000358       0x38 ..\obj\stm32f30x_rcc.o
                0x08000358                RCC_PCLK1Config
 .text.RCC_PCLK2Config
                0x08000390       0x38 ..\obj\stm32f30x_rcc.o
                0x08000390                RCC_PCLK2Config
 .text.RCC_GetClocksFreq
                0x080003c8      0x414 ..\obj\stm32f30x_rcc.o
                0x080003c8                RCC_GetClocksFreq
 .text.RCC_ADCCLKConfig
                0x080007dc       0x4c ..\obj\stm32f30x_rcc.o
                0x080007dc                RCC_ADCCLKConfig
 .text.RCC_AHBPeriphClockCmd
                0x08000828       0x3c ..\obj\stm32f30x_rcc.o
                0x08000828                RCC_AHBPeriphClockCmd
 .text.RCC_APB2PeriphClockCmd
                0x08000864       0x3c ..\obj\stm32f30x_rcc.o
                0x08000864                RCC_APB2PeriphClockCmd
 .text.RCC_APB1PeriphClockCmd
                0x080008a0       0x3c ..\obj\stm32f30x_rcc.o
                0x080008a0                RCC_APB1PeriphClockCmd
 .text.RCC_GetFlagStatus
                0x080008dc       0x80 ..\obj\stm32f30x_rcc.o
                0x080008dc                RCC_GetFlagStatus
 .text.ADC_Init
                0x0800095c       0x80 ..\obj\stm32f30x_adc.o
                0x0800095c                ADC_Init
 .text.ADC_Cmd  0x080009dc       0x38 ..\obj\stm32f30x_adc.o
                0x080009dc                ADC_Cmd
 .text.ADC_StartCalibration
                0x08000a14       0x20 ..\obj\stm32f30x_adc.o
                0x08000a14                ADC_StartCalibration
 .text.ADC_GetCalibrationStatus
                0x08000a34       0x2c ..\obj\stm32f30x_adc.o
                0x08000a34                ADC_GetCalibrationStatus
 .text.ADC_RegularChannelConfig
                0x08000a60      0x1f0 ..\obj\stm32f30x_adc.o
                0x08000a60                ADC_RegularChannelConfig
 .text.ADC_StartConversion
                0x08000c50       0x20 ..\obj\stm32f30x_adc.o
                0x08000c50                ADC_StartConversion
 .text.ADC_GetConversionValue
                0x08000c70       0x18 ..\obj\stm32f30x_adc.o
                0x08000c70                ADC_GetConversionValue
 .text.GPIO_Init
                0x08000c88      0x12c ..\obj\stm32f30x_gpio.o
                0x08000c88                GPIO_Init
 .text.GPIO_ReadInputData
                0x08000db4       0x18 ..\obj\stm32f30x_gpio.o
                0x08000db4                GPIO_ReadInputData
 .text.GPIO_ResetBits
                0x08000dcc       0x1c ..\obj\stm32f30x_gpio.o
                0x08000dcc                GPIO_ResetBits
 .text.main     0x08000de8       0x94 ..\obj\main.o
                0x08000de8                main
 .text.SetSysClockTo72
                0x08000e7c       0x70 ..\obj\main.o
                0x08000e7c                SetSysClockTo72
 .text.led_init
                0x08000eec       0x38 ..\obj\main.o
                0x08000eec                led_init
 .text.tim1_init
                0x08000f24       0xec ..\obj\main.o
                0x08000f24                tim1_init
 .text.HallSensorsInit
                0x08001010       0x7c ..\obj\main.o
                0x08001010                HallSensorsInit
 .text.adc_init
                0x0800108c       0x94 ..\obj\main.o
                0x0800108c                adc_init
 .text.PMSM_SpeedTimerInit
                0x08001120       0x64 ..\obj\main.o
                0x08001120                PMSM_SpeedTimerInit
 .text.tim4_init
                0x08001184       0x68 ..\obj\main.o
                0x08001184                tim4_init
 .text.usart2_init
                0x080011ec       0xa8 ..\obj\main.o
                0x080011ec                usart2_init
 .text.USARTSend
                0x08001294       0x40 ..\obj\main.o
                0x08001294                USARTSend
 .text.delay    0x080012d4       0x20 ..\obj\main.o
                0x080012d4                delay
 .text.HallSensorsGetPosition
                0x080012f4       0x84 ..\obj\main.o
                0x080012f4                HallSensorsGetPosition
 .text.commutate
                0x08001378       0xd8 ..\obj\main.o
                0x08001378                commutate
 .text.motorstartinit
                0x08001450       0x24 ..\obj\main.o
                0x08001450                motorstartinit
 .text.adc_to_pwm
                0x08001474       0x3c ..\obj\main.o
                0x08001474                adc_to_pwm
 .text.TIM7_IRQHandler
                0x080014b0       0x54 ..\obj\main.o
                0x080014b0                TIM7_IRQHandler
 .text.EXTI9_5_IRQHandler
                0x08001504       0x70 ..\obj\main.o
                0x08001504                EXTI9_5_IRQHandler
 .text.TIM3_IRQHandler
                0x08001574       0x2c ..\obj\main.o
                0x08001574                TIM3_IRQHandler
 .text.TIM4_IRQHandler
                0x080015a0       0xb8 ..\obj\main.o
                0x080015a0                TIM4_IRQHandler
 .text.PutChar  0x08001658       0x20 ..\obj\printf.o
                0x08001658                PutChar
 .text.PutString
                0x08001678       0x3c ..\obj\printf.o
                0x08001678                PutString
 .text.PutUnsignedInt
                0x080016b4       0x9c ..\obj\printf.o
                0x080016b4                PutUnsignedInt
 .text.PutSignedInt
                0x08001750       0xf8 ..\obj\printf.o
                0x08001750                PutSignedInt
 .text.PutHexa  0x08001848       0xd4 ..\obj\printf.o
                0x08001848                PutHexa
 .text.vsnprintf
                0x0800191c      0x254 ..\obj\printf.o
                0x0800191c                vsnprintf
 .text.vsprintf
                0x08001b70       0x24 ..\obj\printf.o
                0x08001b70                vsprintf
 .text.sprintf  0x08001b94       0x2c ..\obj\printf.o
                0x08001b94                sprintf
 .text.EXTI_Init
                0x08001bc0      0x1f4 ..\obj\stm32f30x_exti.o
                0x08001bc0                EXTI_Init
 .text.EXTI_GetITStatus
                0x08001db4       0x70 ..\obj\stm32f30x_exti.o
                0x08001db4                EXTI_GetITStatus
 .text.EXTI_ClearITPendingBit
                0x08001e24       0x30 ..\obj\stm32f30x_exti.o
                0x08001e24                EXTI_ClearITPendingBit
 .text.SystemInit1
                0x08001e54       0x84 ..\obj\system_stm32f30x_temp.o
                0x08001e54                SystemInit
                0x08001e54                SystemInit1
 .text.SetSysClock1
                0x08001ed8       0xe0 ..\obj\system_stm32f30x_temp.o
                0x08001ed8                SetSysClock
 .text.NVIC_Init
                0x08001fb8       0xc4 ..\obj\stm32f30x_misc.o
                0x08001fb8                NVIC_Init
 .text.TIM_TimeBaseInit
                0x0800207c       0xec ..\obj\stm32f30x_tim.o
                0x0800207c                TIM_TimeBaseInit
 .text.TIM_TimeBaseStructInit
                0x08002168       0x34 ..\obj\stm32f30x_tim.o
                0x08002168                TIM_TimeBaseStructInit
 .text.TIM_SetCounter
                0x0800219c       0x1c ..\obj\stm32f30x_tim.o
                0x0800219c                TIM_SetCounter
 .text.TIM_GetCounter
                0x080021b8       0x18 ..\obj\stm32f30x_tim.o
                0x080021b8                TIM_GetCounter
 .text.TIM_Cmd  0x080021d0       0x40 ..\obj\stm32f30x_tim.o
                0x080021d0                TIM_Cmd
 .text.TIM_ITConfig
                0x08002210       0x40 ..\obj\stm32f30x_tim.o
                0x08002210                TIM_ITConfig
 .text.TIM_ClearFlag
                0x08002250       0x24 ..\obj\stm32f30x_tim.o
                0x08002250                TIM_ClearFlag
 .text.TIM_GetITStatus
                0x08002274       0x54 ..\obj\stm32f30x_tim.o
                0x08002274                TIM_GetITStatus
 .text.TIM_ClearITPendingBit
                0x080022c8       0x24 ..\obj\stm32f30x_tim.o
                0x080022c8                TIM_ClearITPendingBit
 .text.Reset_Handler
                0x080022ec       0x44 ..\obj\startup_stm32f30x.o
                0x080022ec                Reset_Handler
 .text.Default_Handler
                0x08002330        0x2 ..\obj\startup_stm32f30x.o
                0x08002330                RTC_Alarm_IRQHandler
                0x08002330                TIM8_TRG_COM_IRQHandler
                0x08002330                TIM8_CC_IRQHandler
                0x08002330                DebugMon_Handler
                0x08002330                TIM1_CC_IRQHandler
                0x08002330                HardFault_Handler
                0x08002330                USB_HP_IRQHandler
                0x08002330                SysTick_Handler
                0x08002330                PVD_IRQHandler
                0x08002330                PendSV_Handler
                0x08002330                NMI_Handler
                0x08002330                EXTI3_IRQHandler
                0x08002330                EXTI0_IRQHandler
                0x08002330                I2C2_EV_IRQHandler
                0x08002330                FPU_IRQHandler
                0x08002330                EXTI2_TS_IRQHandler
                0x08002330                TIM1_UP_TIM16_IRQHandler
                0x08002330                UsageFault_Handler
                0x08002330                ADC1_2_IRQHandler
                0x08002330                SPI1_IRQHandler
                0x08002330                TIM6_DAC_IRQHandler
                0x08002330                TIM8_UP_IRQHandler
                0x08002330                DMA2_Channel2_IRQHandler
                0x08002330                DMA1_Channel4_IRQHandler
                0x08002330                USART3_IRQHandler
                0x08002330                DMA1_Channel7_IRQHandler
                0x08002330                CAN1_RX1_IRQHandler
                0x08002330                UART5_IRQHandler
                0x08002330                ADC3_IRQHandler
                0x08002330                DMA2_Channel1_IRQHandler
                0x08002330                I2C1_EV_IRQHandler
                0x08002330                DMA1_Channel6_IRQHandler
                0x08002330                UART4_IRQHandler
                0x08002330                DMA2_Channel4_IRQHandler
                0x08002330                RCC_IRQHandler
                0x08002330                DMA1_Channel1_IRQHandler
                0x08002330                Default_Handler
                0x08002330                USBWakeUp_RMP_IRQHandler
                0x08002330                EXTI15_10_IRQHandler
                0x08002330                TAMPER_STAMP_IRQHandler
                0x08002330                RTC_WKUP_IRQHandler
                0x08002330                SPI2_IRQHandler
                0x08002330                MemManage_Handler
                0x08002330                SVC_Handler
                0x08002330                DMA2_Channel5_IRQHandler
                0x08002330                DMA1_Channel5_IRQHandler
                0x08002330                USB_LP_IRQHandler
                0x08002330                EXTI4_IRQHandler
                0x08002330                USB_LP_CAN1_RX0_IRQHandler
                0x08002330                TIM1_TRG_COM_TIM17_IRQHandler
                0x08002330                USB_HP_CAN1_TX_IRQHandler
                0x08002330                DMA1_Channel3_IRQHandler
                0x08002330                ADC4_IRQHandler
                0x08002330                WWDG_IRQHandler
                0x08002330                TIM2_IRQHandler
                0x08002330                COMP7_IRQHandler
                0x08002330                COMP1_2_3_IRQHandler
                0x08002330                EXTI1_IRQHandler
                0x08002330                USART2_IRQHandler
                0x08002330                COMP4_5_6_IRQHandler
                0x08002330                I2C2_ER_IRQHandler
                0x08002330                DMA1_Channel2_IRQHandler
                0x08002330                TIM8_BRK_IRQHandler
                0x08002330                CAN1_SCE_IRQHandler
                0x08002330                FLASH_IRQHandler
                0x08002330                BusFault_Handler
                0x08002330                USART1_IRQHandler
                0x08002330                SPI3_IRQHandler
                0x08002330                I2C1_ER_IRQHandler
                0x08002330                USBWakeUp_IRQHandler
                0x08002330                DMA2_Channel3_IRQHandler
                0x08002330                TIM1_BRK_TIM15_IRQHandler
 *fill*         0x08002332        0x2 
 .text.SYSCFG_EXTILineConfig
                0x08002334       0x84 ..\obj\stm32f30x_syscfg.o
                0x08002334                SYSCFG_EXTILineConfig
 .text.USART_Init
                0x080023b8      0x178 ..\obj\stm32f30x_usart.o
                0x080023b8                USART_Init
 .text.USART_Cmd
                0x08002530       0x38 ..\obj\stm32f30x_usart.o
                0x08002530                USART_Cmd
 .text.USART_SendData
                0x08002568       0x24 ..\obj\stm32f30x_usart.o
                0x08002568                USART_SendData
 .text.USART_GetFlagStatus
                0x0800258c       0x30 ..\obj\stm32f30x_usart.o
                0x0800258c                USART_GetFlagStatus
 .text          0x080025bc      0x21c d:/5.3 2016q1/bin/../lib/gcc/arm-none-eabi/5.3.1/armv7e-m\libgcc.a(_arm_addsubsf3.o)
                0x080025bc                __aeabi_frsub
                0x080025c4                __subsf3
                0x080025c4                __aeabi_fsub
                0x080025c8                __aeabi_fadd
                0x080025c8                __addsf3
                0x08002728                __aeabi_ui2f
                0x08002728                __floatunsisf
                0x08002730                __aeabi_i2f
                0x08002730                __floatsisf
                0x0800274c                __aeabi_ul2f
                0x0800274c                __floatundisf
                0x0800275c                __aeabi_l2f
                0x0800275c                __floatdisf
 .text          0x080027d8      0x2a0 d:/5.3 2016q1/bin/../lib/gcc/arm-none-eabi/5.3.1/armv7e-m\libgcc.a(_arm_muldivsf3.o)
                0x080027d8                __mulsf3
                0x080027d8                __aeabi_fmul
                0x08002940                __aeabi_fdiv
                0x08002940                __divsf3
 .text          0x08002a78       0x40 d:/5.3 2016q1/bin/../lib/gcc/arm-none-eabi/5.3.1/armv7e-m\libgcc.a(_arm_fixunssfsi.o)
                0x08002a78                __fixunssfsi
                0x08002a78                __aeabi_f2uiz
 .text.memset   0x08002ab8       0x9c d:/5.3 2016q1/bin/../lib/gcc/arm-none-eabi/5.3.1/../../../../arm-none-eabi/lib/armv7e-m\libg.a(lib_a-memset.o)
                0x08002ab8                memset
 *(.init)
 *(.fini)
 *crtbegin.o(.ctors)
 *crtbegin?.o(.ctors)
 *(EXCLUDE_FILE(*crtend.o *crtend?.o) .ctors)
 *(SORT(.ctors.*))
 *(.ctors)
 *crtbegin.o(.dtors)
 *crtbegin?.o(.dtors)
 *(EXCLUDE_FILE(*crtend.o *crtend?.o) .dtors)
 *(SORT(.dtors.*))
 *(.dtors)
 *(.rodata*)
 .rodata        0x08002b54        0xe ..\obj\main.o
 *(.eh_fram e*)

.glue_7         0x08002b64        0x0
 .glue_7        0x08002b64        0x0 linker stubs

.glue_7t        0x08002b64        0x0
 .glue_7t       0x08002b64        0x0 linker stubs

.vfp11_veneer   0x08002b64        0x0
 .vfp11_veneer  0x08002b64        0x0 linker stubs

.v4_bx          0x08002b64        0x0
 .v4_bx         0x08002b64        0x0 linker stubs

.iplt           0x08002b64        0x0
 .iplt          0x08002b64        0x0 ..\obj\stm32f30x_rcc.o

.rel.dyn        0x08002b64        0x0
 .rel.iplt      0x08002b64        0x0 ..\obj\stm32f30x_rcc.o

.ARM.extab
 *(.ARM.extab* .gnu.linkonce.armextab.*)
                0x08002b64                __exidx_start = .

.ARM.exidx
 *(.ARM.exidx* .gnu.linkonce.armexidx.*)
                0x08002b64                __exidx_end = .
                0x08002b64                __etext = .
                0x08002b62                _sidata = __etext

.data           0x20000000       0x2c load address 0x08002b62
                0x20000000                __data_start__ = .
                0x20000000                _sdata = __data_start__
 *(vtable)
 *(.data*)
 .data          0x20000000       0x2a ..\obj\stm32f30x_rcc.o
                0x2000002c                . = ALIGN (0x4)
 *fill*         0x2000002a        0x2 
                [!provide]                PROVIDE (__preinit_array_start, .)
 *(.preinit_array)
                [!provide]                PROVIDE (__preinit_array_end, .)
                0x2000002c                . = ALIGN (0x4)
                [!provide]                PROVIDE (__init_array_start, .)
 *(SORT(.init_array.*))
 *(.init_array)
                [!provide]                PROVIDE (__init_array_end, .)
                0x2000002c                . = ALIGN (0x4)
                [!provide]                PROVIDE (__fini_array_start, .)
 *(SORT(.fini_array.*))
 *(.fini_array)
                [!provide]                PROVIDE (__fini_array_end, .)
 *(.jcr*)
                0x2000002c                . = ALIGN (0x4)
                0x2000002c                __data_end__ = .
                0x2000002c                _edata = __data_end__

.igot.plt       0x2000002c        0x0 load address 0x08002b90
 .igot.plt      0x2000002c        0x0 ..\obj\stm32f30x_rcc.o

.bss            0x2000002c       0x10 load address 0x08002b8e
                0x2000002c                . = ALIGN (0x4)
                0x2000002c                __bss_start__ = .
                0x2000002c                _sbss = __bss_start__
 *(.bss*)
 .bss           0x2000002c        0x2 ..\obj\main.o
                0x2000002c                speed_raw
 *(COMMON)
 COMMON         0x2000002e        0xe ..\obj\main.o
                0x2000002e                commcounter
                0x20000030                potvalue
                0x20000032                phase
                0x20000034                runningdc
                0x20000036                to_rpm
                0x20000038                run
                0x2000003a                step
                0x2000003c                . = ALIGN (0x4)
                0x2000003c                __bss_end__ = .
                0x2000003c                _ebss = __bss_end__

.heap           0x2000003c        0x0
                0x2000003c                __end__ = .
                0x2000003c                _end = __end__
                0x2000003c                end = __end__
 *(.heap*)
                0x2000003c                __HeapLimit = .

.co_stack       0x2000003c        0x4 load address 0x08002b9e
                0x20000040                . = ALIGN (0x8)
 *fill*         0x2000003c        0x4 
 *(.co_stack .co_stack.*)
                0x2000a000                __StackTop = (ORIGIN (ram) + LENGTH (ram))
                0x20009ffc                __StackLimit = (__StackTop - SIZEOF (.co_stack))
                [!provide]                PROVIDE (__stack, __StackTop)
                0x00000001                ASSERT ((__StackLimit >= __HeapLimit), region ram  overflowed with stack)
LOAD ..\obj\stm32f30x_rcc.o
LOAD ..\obj\stm32f30x_adc.o
LOAD ..\obj\stm32f30x_gpio.o
LOAD ..\obj\main.o
LOAD ..\obj\stm32f30x_dma.o
LOAD ..\obj\printf.o
LOAD ..\obj\stm32f30x_exti.o
LOAD ..\obj\system_stm32f30x_temp.o
LOAD ..\obj\stm32f30x_misc.o
LOAD ..\obj\stm32f30x_tim.o
LOAD ..\obj\startup_stm32f30x.o
LOAD ..\obj\stm32f30x_syscfg.o
LOAD ..\obj\stm32f30x_usart.o
START GROUP
LOAD d:/5.3 2016q1/bin/../lib/gcc/arm-none-eabi/5.3.1/armv7e-m\libgcc.a
LOAD d:/5.3 2016q1/bin/../lib/gcc/arm-none-eabi/5.3.1/../../../../arm-none-eabi/lib/armv7e-m\libg.a
LOAD d:/5.3 2016q1/bin/../lib/gcc/arm-none-eabi/5.3.1/../../../../arm-none-eabi/lib/armv7e-m\libc.a
END GROUP
OUTPUT(BLDC_control_motor.elf elf32-littlearm)

.debug_info     0x00000000     0x8448
 .debug_info    0x00000000      0xacc ..\obj\stm32f30x_rcc.o
 .debug_info    0x00000acc     0x131f ..\obj\stm32f30x_adc.o
 .debug_info    0x00001deb      0x612 ..\obj\stm32f30x_gpio.o
 .debug_info    0x000023fd      0xf67 ..\obj\main.o
 .debug_info    0x00003364      0xe3d ..\obj\printf.o
 .debug_info    0x000041a1      0x3c4 ..\obj\stm32f30x_exti.o
 .debug_info    0x00004565      0x4bb ..\obj\system_stm32f30x_temp.o
 .debug_info    0x00004a20      0x556 ..\obj\stm32f30x_misc.o
 .debug_info    0x00004f76     0x218c ..\obj\stm32f30x_tim.o
 .debug_info    0x00007102       0xb4 ..\obj\startup_stm32f30x.o
 .debug_info    0x000071b6      0x3ce ..\obj\stm32f30x_syscfg.o
 .debug_info    0x00007584      0xec4 ..\obj\stm32f30x_usart.o

.debug_abbrev   0x00000000     0x1234
 .debug_abbrev  0x00000000      0x1e5 ..\obj\stm32f30x_rcc.o
 .debug_abbrev  0x000001e5      0x192 ..\obj\stm32f30x_adc.o
 .debug_abbrev  0x00000377      0x198 ..\obj\stm32f30x_gpio.o
 .debug_abbrev  0x0000050f      0x242 ..\obj\main.o
 .debug_abbrev  0x00000751      0x262 ..\obj\printf.o
 .debug_abbrev  0x000009b3      0x17e ..\obj\stm32f30x_exti.o
 .debug_abbrev  0x00000b31      0x147 ..\obj\system_stm32f30x_temp.o
 .debug_abbrev  0x00000c78      0x147 ..\obj\stm32f30x_misc.o
 .debug_abbrev  0x00000dbf      0x189 ..\obj\stm32f30x_tim.o
 .debug_abbrev  0x00000f48       0x12 ..\obj\startup_stm32f30x.o
 .debug_abbrev  0x00000f5a      0x183 ..\obj\stm32f30x_syscfg.o
 .debug_abbrev  0x000010dd      0x157 ..\obj\stm32f30x_usart.o

.debug_aranges  0x00000000      0xbf0
 .debug_aranges
                0x00000000      0x150 ..\obj\stm32f30x_rcc.o
 .debug_aranges
                0x00000150      0x210 ..\obj\stm32f30x_adc.o
 .debug_aranges
                0x00000360       0x80 ..\obj\stm32f30x_gpio.o
 .debug_aranges
                0x000003e0       0xb0 ..\obj\main.o
 .debug_aranges
                0x00000490       0xa0 ..\obj\printf.o
 .debug_aranges
                0x00000530       0x58 ..\obj\stm32f30x_exti.o
 .debug_aranges
                0x00000588       0x30 ..\obj\system_stm32f30x_temp.o
 .debug_aranges
                0x000005b8       0x40 ..\obj\stm32f30x_misc.o
 .debug_aranges
                0x000005f8      0x3a8 ..\obj\stm32f30x_tim.o
 .debug_aranges
                0x000009a0       0x28 ..\obj\startup_stm32f30x.o
 .debug_aranges
                0x000009c8       0x88 ..\obj\stm32f30x_syscfg.o
 .debug_aranges
                0x00000a50      0x1a0 ..\obj\stm32f30x_usart.o

.debug_ranges   0x00000000      0xb38
 .debug_ranges  0x00000000      0x140 ..\obj\stm32f30x_rcc.o
 .debug_ranges  0x00000140      0x200 ..\obj\stm32f30x_adc.o
 .debug_ranges  0x00000340       0x70 ..\obj\stm32f30x_gpio.o
 .debug_ranges  0x000003b0       0xa0 ..\obj\main.o
 .debug_ranges  0x00000450       0x90 ..\obj\printf.o
 .debug_ranges  0x000004e0       0x48 ..\obj\stm32f30x_exti.o
 .debug_ranges  0x00000528       0x20 ..\obj\system_stm32f30x_temp.o
 .debug_ranges  0x00000548       0x30 ..\obj\stm32f30x_misc.o
 .debug_ranges  0x00000578      0x398 ..\obj\stm32f30x_tim.o
 .debug_ranges  0x00000910       0x20 ..\obj\startup_stm32f30x.o
 .debug_ranges  0x00000930       0x78 ..\obj\stm32f30x_syscfg.o
 .debug_ranges  0x000009a8      0x190 ..\obj\stm32f30x_usart.o

.debug_line     0x00000000     0x32de
 .debug_line    0x00000000      0x55e ..\obj\stm32f30x_rcc.o
 .debug_line    0x0000055e      0x799 ..\obj\stm32f30x_adc.o
 .debug_line    0x00000cf7      0x2f9 ..\obj\stm32f30x_gpio.o
 .debug_line    0x00000ff0      0x447 ..\obj\main.o
 .debug_line    0x00001437      0x2f3 ..\obj\printf.o
 .debug_line    0x0000172a      0x273 ..\obj\stm32f30x_exti.o
 .debug_line    0x0000199d      0x1ad ..\obj\system_stm32f30x_temp.o
 .debug_line    0x00001b4a      0x214 ..\obj\stm32f30x_misc.o
 .debug_line    0x00001d5e      0xc68 ..\obj\stm32f30x_tim.o
 .debug_line    0x000029c6       0xa8 ..\obj\startup_stm32f30x.o
 .debug_line    0x00002a6e      0x276 ..\obj\stm32f30x_syscfg.o
 .debug_line    0x00002ce4      0x5fa ..\obj\stm32f30x_usart.o

.debug_str      0x00000000     0x3af5
 .debug_str     0x00000000      0x76b ..\obj\stm32f30x_rcc.o
                                0x7fc (size before relaxing)
 .debug_str     0x0000076b      0x9d5 ..\obj\stm32f30x_adc.o
                                0xb98 (size before relaxing)
 .debug_str     0x00001140      0x2fe ..\obj\stm32f30x_gpio.o
                                0x4a7 (size before relaxing)
 .debug_str     0x0000143e      0x94e ..\obj\main.o
                                0xe1a (size before relaxing)
 .debug_str     0x00001d8c      0x4be ..\obj\printf.o
                                0x674 (size before relaxing)
 .debug_str     0x0000224a      0x118 ..\obj\stm32f30x_exti.o
                                0x388 (size before relaxing)
 .debug_str     0x00002362       0xf8 ..\obj\system_stm32f30x_temp.o
                                0x312 (size before relaxing)
 .debug_str     0x0000245a      0x152 ..\obj\stm32f30x_misc.o
                                0x3d6 (size before relaxing)
 .debug_str     0x000025ac      0xc70 ..\obj\stm32f30x_tim.o
                                0xf7f (size before relaxing)
 .debug_str     0x0000321c      0x271 ..\obj\stm32f30x_syscfg.o
                                0x408 (size before relaxing)
 .debug_str     0x0000348d      0x668 ..\obj\stm32f30x_usart.o
                                0xa07 (size before relaxing)

.comment        0x00000000       0x6e
 .comment       0x00000000       0x6e ..\obj\stm32f30x_rcc.o
                                 0x6f (size before relaxing)
 .comment       0x0000006e       0x6f ..\obj\stm32f30x_adc.o
 .comment       0x0000006e       0x6f ..\obj\stm32f30x_gpio.o
 .comment       0x0000006e       0x6f ..\obj\main.o
 .comment       0x0000006e       0x6f ..\obj\printf.o
 .comment       0x0000006e       0x6f ..\obj\stm32f30x_exti.o
 .comment       0x0000006e       0x6f ..\obj\system_stm32f30x_temp.o
 .comment       0x0000006e       0x6f ..\obj\stm32f30x_misc.o
 .comment       0x0000006e       0x6f ..\obj\stm32f30x_tim.o
 .comment       0x0000006e       0x6f ..\obj\stm32f30x_syscfg.o
 .comment       0x0000006e       0x6f ..\obj\stm32f30x_usart.o

.ARM.attributes
                0x00000000       0x31
 .ARM.attributes
                0x00000000       0x33 ..\obj\stm32f30x_rcc.o
 .ARM.attributes
                0x00000033       0x33 ..\obj\stm32f30x_adc.o
 .ARM.attributes
                0x00000066       0x33 ..\obj\stm32f30x_gpio.o
 .ARM.attributes
                0x00000099       0x33 ..\obj\main.o
 .ARM.attributes
                0x000000cc       0x33 ..\obj\printf.o
 .ARM.attributes
                0x000000ff       0x33 ..\obj\stm32f30x_exti.o
 .ARM.attributes
                0x00000132       0x33 ..\obj\system_stm32f30x_temp.o
 .ARM.attributes
                0x00000165       0x33 ..\obj\stm32f30x_misc.o
 .ARM.attributes
                0x00000198       0x33 ..\obj\stm32f30x_tim.o
 .ARM.attributes
                0x000001cb       0x21 ..\obj\startup_stm32f30x.o
 .ARM.attributes
                0x000001ec       0x33 ..\obj\stm32f30x_syscfg.o
 .ARM.attributes
                0x0000021f       0x33 ..\obj\stm32f30x_usart.o
 .ARM.attributes
                0x00000252       0x1e d:/5.3 2016q1/bin/../lib/gcc/arm-none-eabi/5.3.1/armv7e-m\libgcc.a(_arm_addsubsf3.o)
 .ARM.attributes
                0x00000270       0x1e d:/5.3 2016q1/bin/../lib/gcc/arm-none-eabi/5.3.1/armv7e-m\libgcc.a(_arm_muldivsf3.o)
 .ARM.attributes
                0x0000028e       0x1e d:/5.3 2016q1/bin/../lib/gcc/arm-none-eabi/5.3.1/armv7e-m\libgcc.a(_arm_fixunssfsi.o)
 .ARM.attributes
                0x000002ac       0x2e d:/5.3 2016q1/bin/../lib/gcc/arm-none-eabi/5.3.1/../../../../arm-none-eabi/lib/armv7e-m\libg.a(lib_a-memset.o)

.debug_frame    0x00000000     0x35f8
 .debug_frame   0x00000000      0x60c ..\obj\stm32f30x_rcc.o
 .debug_frame   0x0000060c      0x9e4 ..\obj\stm32f30x_adc.o
 .debug_frame   0x00000ff0      0x214 ..\obj\stm32f30x_gpio.o
 .debug_frame   0x00001204      0x2a4 ..\obj\main.o
 .debug_frame   0x000014a8      0x2dc ..\obj\printf.o
 .debug_frame   0x00001784      0x148 ..\obj\stm32f30x_exti.o
 .debug_frame   0x000018cc       0x7c ..\obj\system_stm32f30x_temp.o
 .debug_frame   0x00001948       0xd8 ..\obj\stm32f30x_misc.o
 .debug_frame   0x00001a20     0x11c4 ..\obj\stm32f30x_tim.o
 .debug_frame   0x00002be4      0x230 ..\obj\stm32f30x_syscfg.o
 .debug_frame   0x00002e14      0x7b0 ..\obj\stm32f30x_usart.o
 .debug_frame   0x000035c4       0x34 d:/5.3 2016q1/bin/../lib/gcc/arm-none-eabi/5.3.1/../../../../arm-none-eabi/lib/armv7e-m\libg.a(lib_a-memset.o)
