Archive member included to satisfy reference by file (symbol)

d:/5.3 2016q1/bin/../lib/gcc/arm-none-eabi/5.3.1/armv7e-m/fpu\libgcc.a(_arm_addsubdf3.o)
                              ..\obj\main.o (__aeabi_dsub)
d:/5.3 2016q1/bin/../lib/gcc/arm-none-eabi/5.3.1/armv7e-m/fpu\libgcc.a(_arm_muldivdf3.o)
                              ..\obj\main.o (__aeabi_dmul)
d:/5.3 2016q1/bin/../lib/gcc/arm-none-eabi/5.3.1/armv7e-m/fpu\libgcc.a(_arm_cmpdf2.o)
                              ..\obj\main.o (__aeabi_dcmplt)
d:/5.3 2016q1/bin/../lib/gcc/arm-none-eabi/5.3.1/../../../../arm-none-eabi/lib/armv7e-m/fpu\libg.a(lib_a-memcpy.o)
                              ..\obj\queue.o (memcpy)
d:/5.3 2016q1/bin/../lib/gcc/arm-none-eabi/5.3.1/../../../../arm-none-eabi/lib/armv7e-m/fpu\libg.a(lib_a-memset.o)
                              ..\obj\tasks.o (memset)

Allocating common symbols
Common symbol       size              file

xQueueRegistry      0x40              ..\obj\queue.o
receiveData         0x2               ..\obj\main.o
xPosition           0x8               ..\obj\main.o
xSign               0x1               ..\obj\main.o
sendData            0x1               ..\obj\main.o
tempByte            0x1               ..\obj\main.o
xResult             0x2               ..\obj\main.o

Discarded input sections

 .text          0x00000000        0x0 ..\obj\stm32f30x_rcc.o
 .data          0x00000000       0x2a ..\obj\stm32f30x_rcc.o
 .bss           0x00000000        0x0 ..\obj\stm32f30x_rcc.o
 .text.RCC_DeInit
                0x00000000       0x7c ..\obj\stm32f30x_rcc.o
 .text.RCC_HSEConfig
                0x00000000       0x28 ..\obj\stm32f30x_rcc.o
 .text.RCC_WaitForHSEStartUp
                0x00000000       0x50 ..\obj\stm32f30x_rcc.o
 .text.RCC_AdjustHSICalibrationValue
                0x00000000       0x3c ..\obj\stm32f30x_rcc.o
 .text.RCC_HSICmd
                0x00000000       0x20 ..\obj\stm32f30x_rcc.o
 .text.RCC_LSEConfig
                0x00000000       0x3c ..\obj\stm32f30x_rcc.o
 .text.RCC_LSEDriveConfig
                0x00000000       0x30 ..\obj\stm32f30x_rcc.o
 .text.RCC_LSICmd
                0x00000000       0x20 ..\obj\stm32f30x_rcc.o
 .text.RCC_PLLConfig
                0x00000000       0x38 ..\obj\stm32f30x_rcc.o
 .text.RCC_PLLCmd
                0x00000000       0x20 ..\obj\stm32f30x_rcc.o
 .text.RCC_PREDIV1Config
                0x00000000       0x38 ..\obj\stm32f30x_rcc.o
 .text.RCC_ClockSecuritySystemCmd
                0x00000000       0x20 ..\obj\stm32f30x_rcc.o
 .text.RCC_MCOConfig
                0x00000000       0x20 ..\obj\stm32f30x_rcc.o
 .text.RCC_SYSCLKConfig
                0x00000000       0x38 ..\obj\stm32f30x_rcc.o
 .text.RCC_GetSYSCLKSource
                0x00000000       0x20 ..\obj\stm32f30x_rcc.o
 .text.RCC_HCLKConfig
                0x00000000       0x38 ..\obj\stm32f30x_rcc.o
 .text.RCC_PCLK1Config
                0x00000000       0x38 ..\obj\stm32f30x_rcc.o
 .text.RCC_PCLK2Config
                0x00000000       0x3c ..\obj\stm32f30x_rcc.o
 .text.RCC_GetClocksFreq
                0x00000000      0x418 ..\obj\stm32f30x_rcc.o
 .text.RCC_ADCCLKConfig
                0x00000000       0x50 ..\obj\stm32f30x_rcc.o
 .text.RCC_I2CCLKConfig
                0x00000000       0x50 ..\obj\stm32f30x_rcc.o
 .text.RCC_TIMCLKConfig
                0x00000000       0x50 ..\obj\stm32f30x_rcc.o
 .text.RCC_USARTCLKConfig
                0x00000000       0x98 ..\obj\stm32f30x_rcc.o
 .text.RCC_USBCLKConfig
                0x00000000       0x20 ..\obj\stm32f30x_rcc.o
 .text.RCC_RTCCLKConfig
                0x00000000       0x24 ..\obj\stm32f30x_rcc.o
 .text.RCC_I2SCLKConfig
                0x00000000       0x20 ..\obj\stm32f30x_rcc.o
 .text.RCC_RTCCLKCmd
                0x00000000       0x20 ..\obj\stm32f30x_rcc.o
 .text.RCC_BackupResetCmd
                0x00000000       0x20 ..\obj\stm32f30x_rcc.o
 .text.RCC_APB1PeriphClockCmd
                0x00000000       0x40 ..\obj\stm32f30x_rcc.o
 .text.RCC_AHBPeriphResetCmd
                0x00000000       0x40 ..\obj\stm32f30x_rcc.o
 .text.RCC_APB2PeriphResetCmd
                0x00000000       0x40 ..\obj\stm32f30x_rcc.o
 .text.RCC_APB1PeriphResetCmd
                0x00000000       0x40 ..\obj\stm32f30x_rcc.o
 .text.RCC_ITConfig
                0x00000000       0x4c ..\obj\stm32f30x_rcc.o
 .text.RCC_GetFlagStatus
                0x00000000       0x84 ..\obj\stm32f30x_rcc.o
 .text.RCC_ClearFlag
                0x00000000       0x20 ..\obj\stm32f30x_rcc.o
 .text.RCC_GetITStatus
                0x00000000       0x38 ..\obj\stm32f30x_rcc.o
 .text.RCC_ClearITPendingBit
                0x00000000       0x20 ..\obj\stm32f30x_rcc.o
 .text          0x00000000        0x0 ..\obj\stm32f30x_gpio.o
 .data          0x00000000        0x0 ..\obj\stm32f30x_gpio.o
 .bss           0x00000000        0x0 ..\obj\stm32f30x_gpio.o
 .text.GPIO_DeInit
                0x00000000       0xd8 ..\obj\stm32f30x_gpio.o
 .text.GPIO_StructInit
                0x00000000       0x34 ..\obj\stm32f30x_gpio.o
 .text.GPIO_PinLockConfig
                0x00000000       0x44 ..\obj\stm32f30x_gpio.o
 .text.GPIO_ReadInputDataBit
                0x00000000       0x38 ..\obj\stm32f30x_gpio.o
 .text.GPIO_ReadInputData
                0x00000000       0x1c ..\obj\stm32f30x_gpio.o
 .text.GPIO_ReadOutputDataBit
                0x00000000       0x38 ..\obj\stm32f30x_gpio.o
 .text.GPIO_ReadOutputData
                0x00000000       0x1c ..\obj\stm32f30x_gpio.o
 .text.GPIO_WriteBit
                0x00000000       0x30 ..\obj\stm32f30x_gpio.o
 .text          0x00000000        0x0 ..\obj\main.o
 .data          0x00000000        0x0 ..\obj\main.o
 .bss           0x00000000        0x0 ..\obj\main.o
 .text          0x00000000        0x0 ..\obj\timers.o
 .data          0x00000000        0x0 ..\obj\timers.o
 .text.xTimerCreate
                0x00000000       0x44 ..\obj\timers.o
 .text.prvInitialiseNewTimer
                0x00000000       0x70 ..\obj\timers.o
 .text.xTimerGenericCommand
                0x00000000       0x98 ..\obj\timers.o
 .text.xTimerGetTimerDaemonTaskHandle
                0x00000000       0x38 ..\obj\timers.o
 .text.xTimerGetPeriod
                0x00000000       0x38 ..\obj\timers.o
 .text.vTimerSetReloadMode
                0x00000000       0x64 ..\obj\timers.o
 .text.xTimerGetReloadMode
                0x00000000       0x50 ..\obj\timers.o
 .text.uxTimerGetReloadMode
                0x00000000       0x18 ..\obj\timers.o
 .text.xTimerGetExpiryTime
                0x00000000       0x3c ..\obj\timers.o
 .text.pcTimerGetName
                0x00000000       0x38 ..\obj\timers.o
 .text.xTimerIsTimerActive
                0x00000000       0x50 ..\obj\timers.o
 .text.pvTimerGetTimerID
                0x00000000       0x40 ..\obj\timers.o
 .text.vTimerSetTimerID
                0x00000000       0x40 ..\obj\timers.o
 .text.uxTimerGetTimerNumber
                0x00000000       0x18 ..\obj\timers.o
 .text.vTimerSetTimerNumber
                0x00000000       0x1c ..\obj\timers.o
 .text          0x00000000        0x0 ..\obj\tasks.o
 .text.vTaskDelete
                0x00000000      0x128 ..\obj\tasks.o
 .text.xTaskDelayUntil
                0x00000000       0xf8 ..\obj\tasks.o
 .text.vTaskDelay
                0x00000000       0x68 ..\obj\tasks.o
 .text.eTaskGetState
                0x00000000       0xf0 ..\obj\tasks.o
 .text.uxTaskPriorityGet
                0x00000000       0x34 ..\obj\tasks.o
 .text.uxTaskPriorityGetFromISR
                0x00000000       0x58 ..\obj\tasks.o
 .text.vTaskPrioritySet
                0x00000000      0x1a4 ..\obj\tasks.o
 .text.vTaskSuspend
                0x00000000      0x13c ..\obj\tasks.o
 .text.prvTaskIsTaskSuspended
                0x00000000       0x60 ..\obj\tasks.o
 .text.vTaskResume
                0x00000000      0x108 ..\obj\tasks.o
 .text.xTaskResumeFromISR
                0x00000000      0x138 ..\obj\tasks.o
 .text.vTaskEndScheduler
                0x00000000       0x30 ..\obj\tasks.o
 .text.xTaskGetTickCountFromISR
                0x00000000       0x24 ..\obj\tasks.o
 .text.uxTaskGetNumberOfTasks
                0x00000000       0x18 ..\obj\tasks.o
 .text.pcTaskGetName
                0x00000000       0x48 ..\obj\tasks.o
 .text.uxTaskGetSystemState
                0x00000000      0x11c ..\obj\tasks.o
 .text.xTaskCatchUpTicks
                0x00000000       0x54 ..\obj\tasks.o
 .text.vTaskPlaceOnUnorderedEventList
                0x00000000       0xa8 ..\obj\tasks.o
 .text.vTaskRemoveFromUnorderedEventList
                0x00000000      0x17c ..\obj\tasks.o
 .text.vTaskSetTimeOutState
                0x00000000       0x4c ..\obj\tasks.o
 .text.uxTaskGetTaskNumber
                0x00000000       0x2c ..\obj\tasks.o
 .text.vTaskSetTaskNumber
                0x00000000       0x28 ..\obj\tasks.o
 .text.vTaskGetInfo
                0x00000000       0xcc ..\obj\tasks.o
 .text.prvListTasksWithinSingleList
                0x00000000       0xa4 ..\obj\tasks.o
 .text.prvTaskCheckFreeStackSpace
                0x00000000       0x38 ..\obj\tasks.o
 .text.xTaskGetCurrentTaskHandle
                0x00000000       0x20 ..\obj\tasks.o
 .text.xTaskPriorityInherit
                0x00000000      0x13c ..\obj\tasks.o
 .text.xTaskPriorityDisinherit
                0x00000000      0x144 ..\obj\tasks.o
 .text.vTaskPriorityDisinheritAfterTimeout
                0x00000000      0x16c ..\obj\tasks.o
 .text.uxTaskResetEventItemValue
                0x00000000       0x30 ..\obj\tasks.o
 .text.pvTaskIncrementMutexHeldCount
                0x00000000       0x28 ..\obj\tasks.o
 .text.ulTaskGenericNotifyTake
                0x00000000       0xcc ..\obj\tasks.o
 .text.xTaskGenericNotifyWait
                0x00000000       0xfc ..\obj\tasks.o
 .text.xTaskGenericNotify
                0x00000000      0x23c ..\obj\tasks.o
 .text.xTaskGenericNotifyFromISR
                0x00000000      0x2ac ..\obj\tasks.o
 .text.vTaskGenericNotifyGiveFromISR
                0x00000000      0x204 ..\obj\tasks.o
 .text.xTaskGenericNotifyStateClear
                0x00000000       0x70 ..\obj\tasks.o
 .text.ulTaskGenericNotifyValueClear
                0x00000000       0x5c ..\obj\tasks.o
 .text          0x00000000        0x0 ..\obj\stm32f30x_spi.o
 .data          0x00000000        0x0 ..\obj\stm32f30x_spi.o
 .bss           0x00000000        0x0 ..\obj\stm32f30x_spi.o
 .text.SPI_I2S_DeInit
                0x00000000       0x74 ..\obj\stm32f30x_spi.o
 .text.SPI_StructInit
                0x00000000       0x4c ..\obj\stm32f30x_spi.o
 .text.I2S_StructInit
                0x00000000       0x38 ..\obj\stm32f30x_spi.o
 .text.I2S_Init
                0x00000000      0x17c ..\obj\stm32f30x_spi.o
 .text.SPI_TIModeCmd
                0x00000000       0x40 ..\obj\stm32f30x_spi.o
 .text.I2S_Cmd  0x00000000       0x40 ..\obj\stm32f30x_spi.o
 .text.SPI_DataSizeConfig
                0x00000000       0x38 ..\obj\stm32f30x_spi.o
 .text.SPI_BiDirectionalLineConfig
                0x00000000       0x44 ..\obj\stm32f30x_spi.o
 .text.SPI_NSSInternalSoftwareConfig
                0x00000000       0x44 ..\obj\stm32f30x_spi.o
 .text.I2S_FullDuplexConfig
                0x00000000       0x9c ..\obj\stm32f30x_spi.o
 .text.SPI_SSOutputCmd
                0x00000000       0x40 ..\obj\stm32f30x_spi.o
 .text.SPI_NSSPulseModeCmd
                0x00000000       0x40 ..\obj\stm32f30x_spi.o
 .text.SPI_I2S_SendData16
                0x00000000       0x20 ..\obj\stm32f30x_spi.o
 .text.SPI_I2S_ReceiveData16
                0x00000000       0x1c ..\obj\stm32f30x_spi.o
 .text.SPI_CRCLengthConfig
                0x00000000       0x38 ..\obj\stm32f30x_spi.o
 .text.SPI_CalculateCRC
                0x00000000       0x40 ..\obj\stm32f30x_spi.o
 .text.SPI_TransmitCRC
                0x00000000       0x24 ..\obj\stm32f30x_spi.o
 .text.SPI_GetCRC
                0x00000000       0x34 ..\obj\stm32f30x_spi.o
 .text.SPI_GetCRCPolynomial
                0x00000000       0x1c ..\obj\stm32f30x_spi.o
 .text.SPI_I2S_DMACmd
                0x00000000       0x48 ..\obj\stm32f30x_spi.o
 .text.SPI_LastDMATransferCmd
                0x00000000       0x38 ..\obj\stm32f30x_spi.o
 .text.SPI_I2S_ITConfig
                0x00000000       0x64 ..\obj\stm32f30x_spi.o
 .text.SPI_GetTransmissionFIFOStatus
                0x00000000       0x20 ..\obj\stm32f30x_spi.o
 .text.SPI_GetReceptionFIFOStatus
                0x00000000       0x20 ..\obj\stm32f30x_spi.o
 .text.SPI_I2S_ClearFlag
                0x00000000       0x24 ..\obj\stm32f30x_spi.o
 .text.SPI_I2S_GetITStatus
                0x00000000       0x78 ..\obj\stm32f30x_spi.o
 .text          0x00000000        0x0 ..\obj\system_stm32f30x_temp.o
 .bss           0x00000000        0x0 ..\obj\system_stm32f30x_temp.o
 .text.SystemCoreClockUpdate1
                0x00000000       0xd8 ..\obj\system_stm32f30x_temp.o
 .text          0x00000000        0x0 ..\obj\list.o
 .data          0x00000000        0x0 ..\obj\list.o
 .bss           0x00000000        0x0 ..\obj\list.o
 .text.vListInsertEnd
                0x00000000       0x48 ..\obj\list.o
 .text          0x00000000        0x0 ..\obj\stm32f30x_misc.o
 .data          0x00000000        0x0 ..\obj\stm32f30x_misc.o
 .bss           0x00000000        0x0 ..\obj\stm32f30x_misc.o
 .text.NVIC_PriorityGroupConfig
                0x00000000       0x28 ..\obj\stm32f30x_misc.o
 .text.NVIC_SetVectorTable
                0x00000000       0x2c ..\obj\stm32f30x_misc.o
 .text.NVIC_SystemLPConfig
                0x00000000       0x44 ..\obj\stm32f30x_misc.o
 .text.SysTick_CLKSourceConfig
                0x00000000       0x38 ..\obj\stm32f30x_misc.o
 .text          0x00000000        0x0 ..\obj\port.o
 .rodata        0x00000000        0x4 ..\obj\port.o
 .text.vPortEndScheduler
                0x00000000       0x34 ..\obj\port.o
 .text.vPortValidateInterruptPriority
                0x00000000       0x7c ..\obj\port.o
 .text          0x00000000        0x0 ..\obj\queue.o
 .data          0x00000000        0x0 ..\obj\queue.o
 .bss           0x00000000        0x0 ..\obj\queue.o
 .text.prvInitialiseMutex
                0x00000000       0x34 ..\obj\queue.o
 .text.xQueueCreateMutex
                0x00000000       0x30 ..\obj\queue.o
 .text.xQueueGiveMutexRecursive
                0x00000000       0x68 ..\obj\queue.o
 .text.xQueueTakeMutexRecursive
                0x00000000       0x6c ..\obj\queue.o
 .text.xQueueCreateCountingSemaphore
                0x00000000       0x5c ..\obj\queue.o
 .text.xQueueGenericSend
                0x00000000      0x1f4 ..\obj\queue.o
 .text.xQueueGenericSendFromISR
                0x00000000      0x15c ..\obj\queue.o
 .text.xQueueGiveFromISR
                0x00000000      0x140 ..\obj\queue.o
 .text.xQueueSemaphoreTake
                0x00000000      0x1f4 ..\obj\queue.o
 .text.xQueuePeek
                0x00000000      0x1bc ..\obj\queue.o
 .text.xQueueReceiveFromISR
                0x00000000      0x128 ..\obj\queue.o
 .text.xQueuePeekFromISR
                0x00000000       0xcc ..\obj\queue.o
 .text.uxQueueMessagesWaiting
                0x00000000       0x3c ..\obj\queue.o
 .text.uxQueueSpacesAvailable
                0x00000000       0x44 ..\obj\queue.o
 .text.uxQueueMessagesWaitingFromISR
                0x00000000       0x3c ..\obj\queue.o
 .text.vQueueDelete
                0x00000000       0x3c ..\obj\queue.o
 .text.uxQueueGetQueueNumber
                0x00000000       0x18 ..\obj\queue.o
 .text.vQueueSetQueueNumber
                0x00000000       0x1c ..\obj\queue.o
 .text.ucQueueGetQueueType
                0x00000000       0x1c ..\obj\queue.o
 .text.prvGetDisinheritPriorityAfterTimeout
                0x00000000       0x30 ..\obj\queue.o
 .text.prvCopyDataToQueue
                0x00000000       0xd4 ..\obj\queue.o
 .text.xQueueIsQueueEmptyFromISR
                0x00000000       0x48 ..\obj\queue.o
 .text.prvIsQueueFull
                0x00000000       0x30 ..\obj\queue.o
 .text.xQueueIsQueueFullFromISR
                0x00000000       0x4c ..\obj\queue.o
 .text.pcQueueGetName
                0x00000000       0x68 ..\obj\queue.o
 .text.vQueueUnregisterQueue
                0x00000000       0x6c ..\obj\queue.o
 .text          0x00000000       0x14 ..\obj\startup_stm32f30x.o
 .data          0x00000000        0x0 ..\obj\startup_stm32f30x.o
 .bss           0x00000000        0x0 ..\obj\startup_stm32f30x.o
 .text          0x00000000        0x0 ..\obj\stream_buffer.o
 .data          0x00000000        0x0 ..\obj\stream_buffer.o
 .bss           0x00000000        0x0 ..\obj\stream_buffer.o
 .text.xStreamBufferGenericCreate
                0x00000000       0xcc ..\obj\stream_buffer.o
 .text.vStreamBufferDelete
                0x00000000       0x4c ..\obj\stream_buffer.o
 .text.xStreamBufferReset
                0x00000000       0x88 ..\obj\stream_buffer.o
 .text.xStreamBufferSetTriggerLevel
                0x00000000       0x5c ..\obj\stream_buffer.o
 .text.xStreamBufferSpacesAvailable
                0x00000000       0x74 ..\obj\stream_buffer.o
 .text.xStreamBufferBytesAvailable
                0x00000000       0x38 ..\obj\stream_buffer.o
 .text.xStreamBufferSend
                0x00000000      0x194 ..\obj\stream_buffer.o
 .text.xStreamBufferSendFromISR
                0x00000000       0xe0 ..\obj\stream_buffer.o
 .text.prvWriteMessageToBuffer
                0x00000000       0x90 ..\obj\stream_buffer.o
 .text.xStreamBufferReceive
                0x00000000      0x12c ..\obj\stream_buffer.o
 .text.xStreamBufferNextMessageLengthBytes
                0x00000000       0x84 ..\obj\stream_buffer.o
 .text.xStreamBufferReceiveFromISR
                0x00000000       0xd8 ..\obj\stream_buffer.o
 .text.prvReadMessageFromBuffer
                0x00000000       0x7c ..\obj\stream_buffer.o
 .text.xStreamBufferIsEmpty
                0x00000000       0x50 ..\obj\stream_buffer.o
 .text.xStreamBufferIsFull
                0x00000000       0x60 ..\obj\stream_buffer.o
 .text.xStreamBufferSendCompletedFromISR
                0x00000000       0x88 ..\obj\stream_buffer.o
 .text.xStreamBufferReceiveCompletedFromISR
                0x00000000       0x88 ..\obj\stream_buffer.o
 .text.prvWriteBytesToBuffer
                0x00000000       0xd4 ..\obj\stream_buffer.o
 .text.prvReadBytesFromBuffer
                0x00000000       0xd0 ..\obj\stream_buffer.o
 .text.prvBytesInBuffer
                0x00000000       0x40 ..\obj\stream_buffer.o
 .text.prvInitialiseNewStreamBuffer
                0x00000000       0x64 ..\obj\stream_buffer.o
 .text.uxStreamBufferGetStreamBufferNumber
                0x00000000       0x18 ..\obj\stream_buffer.o
 .text.vStreamBufferSetStreamBufferNumber
                0x00000000       0x1c ..\obj\stream_buffer.o
 .text.ucStreamBufferGetStreamBufferType
                0x00000000       0x20 ..\obj\stream_buffer.o
 .debug_info    0x00000000     0x129e ..\obj\stream_buffer.o
 .debug_abbrev  0x00000000      0x207 ..\obj\stream_buffer.o
 .debug_aranges
                0x00000000       0xd8 ..\obj\stream_buffer.o
 .debug_ranges  0x00000000       0xc8 ..\obj\stream_buffer.o
 .debug_line    0x00000000      0x7ce ..\obj\stream_buffer.o
 .debug_str     0x00000000      0x86a ..\obj\stream_buffer.o
 .comment       0x00000000       0x6f ..\obj\stream_buffer.o
 .debug_frame   0x00000000      0x3a4 ..\obj\stream_buffer.o
 .ARM.attributes
                0x00000000       0x39 ..\obj\stream_buffer.o
 .text          0x00000000        0x0 ..\obj\croutine.o
 .data          0x00000000        0x0 ..\obj\croutine.o
 .bss           0x00000000        0x0 ..\obj\croutine.o
 .debug_info    0x00000000       0x9c ..\obj\croutine.o
 .debug_abbrev  0x00000000       0x49 ..\obj\croutine.o
 .debug_aranges
                0x00000000       0x18 ..\obj\croutine.o
 .debug_line    0x00000000       0xcb ..\obj\croutine.o
 .debug_str     0x00000000      0x19c ..\obj\croutine.o
 .comment       0x00000000       0x6f ..\obj\croutine.o
 .ARM.attributes
                0x00000000       0x39 ..\obj\croutine.o
 .text          0x00000000        0x0 ..\obj\event_groups.o
 .data          0x00000000        0x0 ..\obj\event_groups.o
 .bss           0x00000000        0x0 ..\obj\event_groups.o
 .text.xEventGroupCreate
                0x00000000       0x30 ..\obj\event_groups.o
 .text.xEventGroupSync
                0x00000000      0x158 ..\obj\event_groups.o
 .text.xEventGroupWaitBits
                0x00000000      0x194 ..\obj\event_groups.o
 .text.xEventGroupClearBits
                0x00000000       0x6c ..\obj\event_groups.o
 .text.xEventGroupGetBitsFromISR
                0x00000000       0x48 ..\obj\event_groups.o
 .text.xEventGroupSetBits
                0x00000000      0x114 ..\obj\event_groups.o
 .text.vEventGroupDelete
                0x00000000       0x7c ..\obj\event_groups.o
 .text.vEventGroupSetBitsCallback
                0x00000000       0x1c ..\obj\event_groups.o
 .text.vEventGroupClearBitsCallback
                0x00000000       0x1c ..\obj\event_groups.o
 .text.prvTestWaitCondition
                0x00000000       0x44 ..\obj\event_groups.o
 .text.uxEventGroupGetNumber
                0x00000000       0x2c ..\obj\event_groups.o
 .text.vEventGroupSetNumber
                0x00000000       0x1c ..\obj\event_groups.o
 .debug_info    0x00000000      0x965 ..\obj\event_groups.o
 .debug_abbrev  0x00000000      0x1f9 ..\obj\event_groups.o
 .debug_aranges
                0x00000000       0x78 ..\obj\event_groups.o
 .debug_ranges  0x00000000       0x68 ..\obj\event_groups.o
 .debug_line    0x00000000      0x45b ..\obj\event_groups.o
 .debug_str     0x00000000      0x5af ..\obj\event_groups.o
 .comment       0x00000000       0x6f ..\obj\event_groups.o
 .debug_frame   0x00000000      0x1d0 ..\obj\event_groups.o
 .ARM.attributes
                0x00000000       0x39 ..\obj\event_groups.o
 .text          0x00000000        0x0 ..\obj\heap_2.o
 .rodata        0x00000000        0x2 ..\obj\heap_2.o
 .text.xPortGetFreeHeapSize
                0x00000000       0x18 ..\obj\heap_2.o
 .text.vPortInitialiseBlocks
                0x00000000       0x10 ..\obj\heap_2.o
 .text.pvPortCalloc
                0x00000000       0x60 ..\obj\heap_2.o
 .data          0x00000000        0x0 d:/5.3 2016q1/bin/../lib/gcc/arm-none-eabi/5.3.1/armv7e-m/fpu\libgcc.a(_arm_addsubdf3.o)
 .bss           0x00000000        0x0 d:/5.3 2016q1/bin/../lib/gcc/arm-none-eabi/5.3.1/armv7e-m/fpu\libgcc.a(_arm_addsubdf3.o)
 .data          0x00000000        0x0 d:/5.3 2016q1/bin/../lib/gcc/arm-none-eabi/5.3.1/armv7e-m/fpu\libgcc.a(_arm_muldivdf3.o)
 .bss           0x00000000        0x0 d:/5.3 2016q1/bin/../lib/gcc/arm-none-eabi/5.3.1/armv7e-m/fpu\libgcc.a(_arm_muldivdf3.o)
 .data          0x00000000        0x0 d:/5.3 2016q1/bin/../lib/gcc/arm-none-eabi/5.3.1/armv7e-m/fpu\libgcc.a(_arm_cmpdf2.o)
 .bss           0x00000000        0x0 d:/5.3 2016q1/bin/../lib/gcc/arm-none-eabi/5.3.1/armv7e-m/fpu\libgcc.a(_arm_cmpdf2.o)
 .data          0x00000000        0x0 d:/5.3 2016q1/bin/../lib/gcc/arm-none-eabi/5.3.1/../../../../arm-none-eabi/lib/armv7e-m/fpu\libg.a(lib_a-memcpy.o)
 .bss           0x00000000        0x0 d:/5.3 2016q1/bin/../lib/gcc/arm-none-eabi/5.3.1/../../../../arm-none-eabi/lib/armv7e-m/fpu\libg.a(lib_a-memcpy.o)
 .text          0x00000000        0x0 d:/5.3 2016q1/bin/../lib/gcc/arm-none-eabi/5.3.1/../../../../arm-none-eabi/lib/armv7e-m/fpu\libg.a(lib_a-memset.o)
 .data          0x00000000        0x0 d:/5.3 2016q1/bin/../lib/gcc/arm-none-eabi/5.3.1/../../../../arm-none-eabi/lib/armv7e-m/fpu\libg.a(lib_a-memset.o)
 .bss           0x00000000        0x0 d:/5.3 2016q1/bin/../lib/gcc/arm-none-eabi/5.3.1/../../../../arm-none-eabi/lib/armv7e-m/fpu\libg.a(lib_a-memset.o)

Memory Configuration

Name             Origin             Length             Attributes
rom              0x08000000         0x00040000         xr
ram              0x20000000         0x0000a000         xrw
ram1             0x10000000         0x00002000         xrw
*default*        0x00000000         0xffffffff

Linker script and memory map

                0x2000a000                _eram = 0x2000a000

.text           0x08000000     0x3a1d
 *(.isr_vector)
 .isr_vector    0x08000000      0x188 ..\obj\startup_stm32f30x.o
                0x08000000                g_pfnVectors
 *(.text*)
 .text.RCC_AHBPeriphClockCmd
                0x08000188       0x40 ..\obj\stm32f30x_rcc.o
                0x08000188                RCC_AHBPeriphClockCmd
 .text.RCC_APB2PeriphClockCmd
                0x080001c8       0x40 ..\obj\stm32f30x_rcc.o
                0x080001c8                RCC_APB2PeriphClockCmd
 .text.GPIO_Init
                0x08000208      0x130 ..\obj\stm32f30x_gpio.o
                0x08000208                GPIO_Init
 .text.GPIO_SetBits
                0x08000338       0x20 ..\obj\stm32f30x_gpio.o
                0x08000338                GPIO_SetBits
 .text.GPIO_ResetBits
                0x08000358       0x20 ..\obj\stm32f30x_gpio.o
                0x08000358                GPIO_ResetBits
 .text.GPIO_Write
                0x08000378       0x20 ..\obj\stm32f30x_gpio.o
                0x08000378                GPIO_Write
 .text.GPIO_PinAFConfig
                0x08000398       0x94 ..\obj\stm32f30x_gpio.o
                0x08000398                GPIO_PinAFConfig
 .text.GPIO_INIT
                0x0800042c       0x9c ..\obj\main.o
                0x0800042c                GPIO_INIT
 .text.SPI_INIT
                0x080004c8       0x64 ..\obj\main.o
                0x080004c8                SPI_INIT
 .text.NVIC_INIT
                0x0800052c       0x28 ..\obj\main.o
                0x0800052c                NVIC_INIT
 .text.writeData
                0x08000554       0x3c ..\obj\main.o
                0x08000554                writeData
 .text.sendByte
                0x08000590       0x48 ..\obj\main.o
                0x08000590                sendByte
 .text.Gyro     0x080005d8      0x308 ..\obj\main.o
                0x080005d8                Gyro
 .text.main     0x080008e0       0x58 ..\obj\main.o
                0x080008e0                main
 .text.vApplicationIdleHook
                0x08000938       0x10 ..\obj\main.o
                0x08000938                vApplicationIdleHook
 .text.vApplicationMallocFailedHook
                0x08000948        0x8 ..\obj\main.o
                0x08000948                vApplicationMallocFailedHook
 .text.vApplicationStackOverflowHook
                0x08000950        0xc ..\obj\main.o
                0x08000950                vApplicationStackOverflowHook
 .text.vApplicationTickHook
                0x0800095c       0x10 ..\obj\main.o
                0x0800095c                vApplicationTickHook
 .text.xTimerCreateTimerTask
                0x0800096c       0x64 ..\obj\timers.o
                0x0800096c                xTimerCreateTimerTask
 .text.prvReloadTimer
                0x080009d0       0x40 ..\obj\timers.o
 .text.prvProcessExpiredTimer
                0x08000a10       0x60 ..\obj\timers.o
 .text.prvTimerTask
                0x08000a70       0x24 ..\obj\timers.o
 .text.prvProcessTimerOrBlockTask
                0x08000a94       0x9c ..\obj\timers.o
 .text.prvGetNextExpireTime
                0x08000b30       0x48 ..\obj\timers.o
 .text.prvSampleTimeNow
                0x08000b78       0x40 ..\obj\timers.o
 .text.prvInsertTimerInActiveList
                0x08000bb8       0x84 ..\obj\timers.o
 .text.prvProcessReceivedCommands
                0x08000c3c      0x178 ..\obj\timers.o
 .text.prvSwitchTimerLists
                0x08000db4       0x4c ..\obj\timers.o
 .text.prvCheckForValidListAndQueue
                0x08000e00       0x6c ..\obj\timers.o
 .text.xTaskCreate
                0x08000e6c       0x8c ..\obj\tasks.o
                0x08000e6c                xTaskCreate
 .text.prvInitialiseNewTask
                0x08000ef8      0x118 ..\obj\tasks.o
 .text.prvAddNewTaskToReadyList
                0x08001010      0x12c ..\obj\tasks.o
 .text.vTaskStartScheduler
                0x0800113c       0xa0 ..\obj\tasks.o
                0x0800113c                vTaskStartScheduler
 .text.vTaskSuspendAll
                0x080011dc       0x1c ..\obj\tasks.o
                0x080011dc                vTaskSuspendAll
 .text.xTaskResumeAll
                0x080011f8      0x1f4 ..\obj\tasks.o
                0x080011f8                xTaskResumeAll
 .text.xTaskGetTickCount
                0x080013ec       0x20 ..\obj\tasks.o
                0x080013ec                xTaskGetTickCount
 .text.xTaskIncrementTick
                0x0800140c      0x23c ..\obj\tasks.o
                0x0800140c                xTaskIncrementTick
 .text.vTaskSwitchContext
                0x08001648      0x100 ..\obj\tasks.o
                0x08001648                vTaskSwitchContext
 .text.vTaskPlaceOnEventList
                0x08001748       0x48 ..\obj\tasks.o
                0x08001748                vTaskPlaceOnEventList
 .text.vTaskPlaceOnEventListRestricted
                0x08001790       0x88 ..\obj\tasks.o
                0x08001790                vTaskPlaceOnEventListRestricted
 .text.xTaskRemoveFromEventList
                0x08001818      0x1ac ..\obj\tasks.o
                0x08001818                xTaskRemoveFromEventList
 .text.vTaskInternalSetTimeOutState
                0x080019c4       0x2c ..\obj\tasks.o
                0x080019c4                vTaskInternalSetTimeOutState
 .text.xTaskCheckForTimeOut
                0x080019f0       0xc8 ..\obj\tasks.o
                0x080019f0                xTaskCheckForTimeOut
 .text.vTaskMissedYield
                0x08001ab8       0x18 ..\obj\tasks.o
                0x08001ab8                vTaskMissedYield
 .text.prvIdleTask
                0x08001ad0       0x34 ..\obj\tasks.o
 .text.prvInitialiseTaskLists
                0x08001b04       0x80 ..\obj\tasks.o
 .text.prvCheckTasksWaitingTermination
                0x08001b84       0x58 ..\obj\tasks.o
 .text.prvDeleteTCB
                0x08001bdc       0x20 ..\obj\tasks.o
 .text.prvResetNextTaskUnblockTime
                0x08001bfc       0x38 ..\obj\tasks.o
 .text.xTaskGetSchedulerState
                0x08001c34       0x3c ..\obj\tasks.o
                0x08001c34                xTaskGetSchedulerState
 .text.prvAddCurrentTaskToDelayedList
                0x08001c70      0x100 ..\obj\tasks.o
 .text.SPI_Init
                0x08001d70      0x118 ..\obj\stm32f30x_spi.o
                0x08001d70                SPI_Init
 .text.SPI_Cmd  0x08001e88       0x40 ..\obj\stm32f30x_spi.o
                0x08001e88                SPI_Cmd
 .text.SPI_RxFIFOThresholdConfig
                0x08001ec8       0x38 ..\obj\stm32f30x_spi.o
                0x08001ec8                SPI_RxFIFOThresholdConfig
 .text.SPI_SendData8
                0x08001f00       0x2c ..\obj\stm32f30x_spi.o
                0x08001f00                SPI_SendData8
 .text.SPI_ReceiveData8
                0x08001f2c       0x28 ..\obj\stm32f30x_spi.o
                0x08001f2c                SPI_ReceiveData8
 .text.SPI_I2S_GetFlagStatus
                0x08001f54       0x38 ..\obj\stm32f30x_spi.o
                0x08001f54                SPI_I2S_GetFlagStatus
 .text.SystemInit1
                0x08001f8c       0x94 ..\obj\system_stm32f30x_temp.o
                0x08001f8c                SystemInit
                0x08001f8c                SystemInit1
 .text.SetSysClock1
                0x08002020       0xe4 ..\obj\system_stm32f30x_temp.o
                0x08002020                SetSysClock
 .text.vListInitialise
                0x08002104       0x40 ..\obj\list.o
                0x08002104                vListInitialise
 .text.vListInitialiseItem
                0x08002144       0x1c ..\obj\list.o
                0x08002144                vListInitialiseItem
 .text.vListInsert
                0x08002160       0x74 ..\obj\list.o
                0x08002160                vListInsert
 .text.uxListRemove
                0x080021d4       0x54 ..\obj\list.o
                0x080021d4                uxListRemove
 .text.NVIC_Init
                0x08002228       0xc8 ..\obj\stm32f30x_misc.o
                0x08002228                NVIC_Init
 .text.pxPortInitialiseStack
                0x080022f0       0x68 ..\obj\port.o
                0x080022f0                pxPortInitialiseStack
 .text.prvTaskExitError
                0x08002358       0x54 ..\obj\port.o
 *fill*         0x080023ac        0x4 
 .text.SVC_Handler
                0x080023b0       0x28 ..\obj\port.o
                0x080023b0                SVC_Handler
 .text.prvPortStartFirstTask
                0x080023d8       0x2c ..\obj\port.o
 .text.xPortStartScheduler
                0x08002404      0x15c ..\obj\port.o
                0x08002404                xPortStartScheduler
 .text.vPortEnterCritical
                0x08002560       0x5c ..\obj\port.o
                0x08002560                vPortEnterCritical
 .text.vPortExitCritical
                0x080025bc       0x50 ..\obj\port.o
                0x080025bc                vPortExitCritical
 *fill*         0x0800260c        0x4 
 .text.PendSV_Handler
                0x08002610       0x68 ..\obj\port.o
                0x08002610                PendSV_Handler
 .text.SysTick_Handler
                0x08002678       0x40 ..\obj\port.o
                0x08002678                SysTick_Handler
 .text.vPortSetupTimerInterrupt
                0x080026b8       0x48 ..\obj\port.o
                0x080026b8                vPortSetupTimerInterrupt
 .text.vPortEnableVFP
                0x08002700       0x18 ..\obj\port.o
 .text.xQueueGenericReset
                0x08002718      0x114 ..\obj\queue.o
                0x08002718                xQueueGenericReset
 .text.xQueueGenericCreate
                0x0800282c       0x94 ..\obj\queue.o
                0x0800282c                xQueueGenericCreate
 .text.prvInitialiseNewQueue
                0x080028c0       0x48 ..\obj\queue.o
 .text.xQueueReceive
                0x08002908      0x1b8 ..\obj\queue.o
                0x08002908                xQueueReceive
 .text.prvCopyDataFromQueue
                0x08002ac0       0x4c ..\obj\queue.o
 .text.prvUnlockQueue
                0x08002b0c       0xa4 ..\obj\queue.o
 .text.prvIsQueueEmpty
                0x08002bb0       0x2c ..\obj\queue.o
 .text.vQueueAddToRegistry
                0x08002bdc       0x9c ..\obj\queue.o
                0x08002bdc                vQueueAddToRegistry
 .text.vQueueWaitForMessageRestricted
                0x08002c78       0x68 ..\obj\queue.o
                0x08002c78                vQueueWaitForMessageRestricted
 .text.Reset_Handler
                0x08002ce0       0x44 ..\obj\startup_stm32f30x.o
                0x08002ce0                Reset_Handler
 .text.Default_Handler
                0x08002d24        0x2 ..\obj\startup_stm32f30x.o
                0x08002d24                RTC_Alarm_IRQHandler
                0x08002d24                TIM8_TRG_COM_IRQHandler
                0x08002d24                TIM8_CC_IRQHandler
                0x08002d24                DebugMon_Handler
                0x08002d24                TIM1_CC_IRQHandler
                0x08002d24                HardFault_Handler
                0x08002d24                USB_HP_IRQHandler
                0x08002d24                PVD_IRQHandler
                0x08002d24                NMI_Handler
                0x08002d24                EXTI3_IRQHandler
                0x08002d24                EXTI0_IRQHandler
                0x08002d24                I2C2_EV_IRQHandler
                0x08002d24                FPU_IRQHandler
                0x08002d24                EXTI2_TS_IRQHandler
                0x08002d24                TIM1_UP_TIM16_IRQHandler
                0x08002d24                UsageFault_Handler
                0x08002d24                ADC1_2_IRQHandler
                0x08002d24                SPI1_IRQHandler
                0x08002d24                TIM6_DAC_IRQHandler
                0x08002d24                TIM8_UP_IRQHandler
                0x08002d24                DMA2_Channel2_IRQHandler
                0x08002d24                DMA1_Channel4_IRQHandler
                0x08002d24                USART3_IRQHandler
                0x08002d24                DMA1_Channel7_IRQHandler
                0x08002d24                CAN1_RX1_IRQHandler
                0x08002d24                UART5_IRQHandler
                0x08002d24                ADC3_IRQHandler
                0x08002d24                TIM4_IRQHandler
                0x08002d24                DMA2_Channel1_IRQHandler
                0x08002d24                I2C1_EV_IRQHandler
                0x08002d24                DMA1_Channel6_IRQHandler
                0x08002d24                UART4_IRQHandler
                0x08002d24                DMA2_Channel4_IRQHandler
                0x08002d24                TIM3_IRQHandler
                0x08002d24                RCC_IRQHandler
                0x08002d24                DMA1_Channel1_IRQHandler
                0x08002d24                Default_Handler
                0x08002d24                USBWakeUp_RMP_IRQHandler
                0x08002d24                EXTI15_10_IRQHandler
                0x08002d24                TIM7_IRQHandler
                0x08002d24                EXTI9_5_IRQHandler
                0x08002d24                TAMPER_STAMP_IRQHandler
                0x08002d24                RTC_WKUP_IRQHandler
                0x08002d24                SPI2_IRQHandler
                0x08002d24                MemManage_Handler
                0x08002d24                DMA2_Channel5_IRQHandler
                0x08002d24                DMA1_Channel5_IRQHandler
                0x08002d24                USB_LP_IRQHandler
                0x08002d24                EXTI4_IRQHandler
                0x08002d24                USB_LP_CAN1_RX0_IRQHandler
                0x08002d24                TIM1_TRG_COM_TIM17_IRQHandler
                0x08002d24                USB_HP_CAN1_TX_IRQHandler
                0x08002d24                DMA1_Channel3_IRQHandler
                0x08002d24                ADC4_IRQHandler
                0x08002d24                WWDG_IRQHandler
                0x08002d24                TIM2_IRQHandler
                0x08002d24                COMP7_IRQHandler
                0x08002d24                COMP1_2_3_IRQHandler
                0x08002d24                EXTI1_IRQHandler
                0x08002d24                USART2_IRQHandler
                0x08002d24                COMP4_5_6_IRQHandler
                0x08002d24                I2C2_ER_IRQHandler
                0x08002d24                DMA1_Channel2_IRQHandler
                0x08002d24                TIM8_BRK_IRQHandler
                0x08002d24                CAN1_SCE_IRQHandler
                0x08002d24                FLASH_IRQHandler
                0x08002d24                BusFault_Handler
                0x08002d24                USART1_IRQHandler
                0x08002d24                SPI3_IRQHandler
                0x08002d24                I2C1_ER_IRQHandler
                0x08002d24                USBWakeUp_IRQHandler
                0x08002d24                DMA2_Channel3_IRQHandler
                0x08002d24                TIM1_BRK_TIM15_IRQHandler
 *fill*         0x08002d26        0x2 
 .text.pvPortMalloc
                0x08002d28      0x148 ..\obj\heap_2.o
                0x08002d28                pvPortMalloc
 .text.vPortFree
                0x08002e70       0xc8 ..\obj\heap_2.o
                0x08002e70                vPortFree
 .text.prvHeapInit
                0x08002f38       0x54 ..\obj\heap_2.o
 .text          0x08002f8c      0x370 d:/5.3 2016q1/bin/../lib/gcc/arm-none-eabi/5.3.1/armv7e-m/fpu\libgcc.a(_arm_addsubdf3.o)
                0x08002f8c                __aeabi_drsub
                0x08002f94                __aeabi_dsub
                0x08002f94                __subdf3
                0x08002f98                __aeabi_dadd
                0x08002f98                __adddf3
                0x08003210                __floatunsidf
                0x08003210                __aeabi_ui2d
                0x08003230                __floatsidf
                0x08003230                __aeabi_i2d
                0x08003254                __aeabi_f2d
                0x08003254                __extendsfdf2
                0x08003290                __floatundidf
                0x08003290                __aeabi_ul2d
                0x080032a0                __floatdidf
                0x080032a0                __aeabi_l2d
 .text          0x080032fc      0x424 d:/5.3 2016q1/bin/../lib/gcc/arm-none-eabi/5.3.1/armv7e-m/fpu\libgcc.a(_arm_muldivdf3.o)
                0x080032fc                __aeabi_dmul
                0x080032fc                __muldf3
                0x08003550                __divdf3
                0x08003550                __aeabi_ddiv
 .text          0x08003720      0x110 d:/5.3 2016q1/bin/../lib/gcc/arm-none-eabi/5.3.1/armv7e-m/fpu\libgcc.a(_arm_cmpdf2.o)
                0x08003720                __gtdf2
                0x08003720                __gedf2
                0x08003728                __ltdf2
                0x08003728                __ledf2
                0x08003730                __nedf2
                0x08003730                __eqdf2
                0x08003730                __cmpdf2
                0x080037ac                __aeabi_cdrcmple
                0x080037bc                __aeabi_cdcmpeq
                0x080037bc                __aeabi_cdcmple
                0x080037cc                __aeabi_dcmpeq
                0x080037e0                __aeabi_dcmplt
                0x080037f4                __aeabi_dcmple
                0x08003808                __aeabi_dcmpge
                0x0800381c                __aeabi_dcmpgt
 .text          0x08003830      0x134 d:/5.3 2016q1/bin/../lib/gcc/arm-none-eabi/5.3.1/../../../../arm-none-eabi/lib/armv7e-m/fpu\libg.a(lib_a-memcpy.o)
                0x08003830                memcpy
 .text.memset   0x08003964       0x9c d:/5.3 2016q1/bin/../lib/gcc/arm-none-eabi/5.3.1/../../../../arm-none-eabi/lib/armv7e-m/fpu\libg.a(lib_a-memset.o)
                0x08003964                memset
 *(.init)
 *(.fini)
 *crtbegin.o(.ctors)
 *crtbegin?.o(.ctors)
 *(EXCLUDE_FILE(*crtend.o *crtend?.o) .ctors)
 *(SORT(.ctors.*))
 *(.ctors)
 *crtbegin.o(.dtors)
 *crtbegin?.o(.dtors)
 *(EXCLUDE_FILE(*crtend.o *crtend?.o) .dtors)
 *(SORT(.dtors.*))
 *(.dtors)
 *(.rodata*)
 .rodata        0x08003a00        0x5 ..\obj\main.o
 *fill*         0x08003a05        0x3 
 .rodata        0x08003a08        0xd ..\obj\timers.o
 *fill*         0x08003a15        0x3 
 .rodata        0x08003a18        0x5 ..\obj\tasks.o
 *(.eh_fram e*)

.glue_7         0x08003a20        0x0
 .glue_7        0x08003a20        0x0 linker stubs

.glue_7t        0x08003a20        0x0
 .glue_7t       0x08003a20        0x0 linker stubs

.vfp11_veneer   0x08003a20        0x0
 .vfp11_veneer  0x08003a20        0x0 linker stubs

.v4_bx          0x08003a20        0x0
 .v4_bx         0x08003a20        0x0 linker stubs

.iplt           0x08003a20        0x0
 .iplt          0x08003a20        0x0 ..\obj\stm32f30x_rcc.o

.rel.dyn        0x08003a20        0x0
 .rel.iplt      0x08003a20        0x0 ..\obj\stm32f30x_rcc.o

.ARM.extab
 *(.ARM.extab* .gnu.linkonce.armextab.*)
                0x08003a20                __exidx_start = .

.ARM.exidx
 *(.ARM.exidx* .gnu.linkonce.armexidx.*)
                0x08003a20                __exidx_end = .
                0x08003a20                __etext = .
                0x08003a1d                _sidata = __etext

.data           0x20000000       0x20 load address 0x08003a1d
                0x20000000                __data_start__ = .
                0x20000000                _sdata = __data_start__
 *(vtable)
 *(.data*)
 .data          0x20000000        0x4 ..\obj\tasks.o
                0x20000000                uxTopUsedPriority
 .data          0x20000004       0x14 ..\obj\system_stm32f30x_temp.o
                0x20000004                SystemCoreClock
                0x20000008                AHBPrescTable
 .data          0x20000018        0x4 ..\obj\port.o
 .data          0x2000001c        0x4 ..\obj\heap_2.o
                0x20000020                . = ALIGN (0x4)
                [!provide]                PROVIDE (__preinit_array_start, .)
 *(.preinit_array)
                [!provide]                PROVIDE (__preinit_array_end, .)
                0x20000020                . = ALIGN (0x4)
                [!provide]                PROVIDE (__init_array_start, .)
 *(SORT(.init_array.*))
 *(.init_array)
                [!provide]                PROVIDE (__init_array_end, .)
                0x20000020                . = ALIGN (0x4)
                [!provide]                PROVIDE (__fini_array_start, .)
 *(SORT(.fini_array.*))
 *(.fini_array)
                [!provide]                PROVIDE (__fini_array_end, .)
 *(.jcr*)
                0x20000020                . = ALIGN (0x4)
                0x20000020                __data_end__ = .
                0x20000020                _edata = __data_end__

.igot.plt       0x20000020        0x0 load address 0x08003a40
 .igot.plt      0x20000020        0x0 ..\obj\stm32f30x_rcc.o

.bss            0x20000020     0x3db8 load address 0x08003a40
                0x20000020                . = ALIGN (0x4)
                0x20000020                __bss_start__ = .
                0x20000020                _sbss = __bss_start__
 *(.bss*)
 .bss           0x20000020       0x3c ..\obj\timers.o
 .bss           0x2000005c      0x104 ..\obj\tasks.o
                0x2000005c                pxCurrentTCB
 .bss           0x20000160        0x8 ..\obj\port.o
 .bss           0x20000168     0x3c14 ..\obj\heap_2.o
 *(COMMON)
 *fill*         0x20003d7c        0x4 
 COMMON         0x20003d80       0x16 ..\obj\main.o
                0x20003d80                receiveData
                0x20003d88                xPosition
                0x20003d90                xSign
                0x20003d91                sendData
                0x20003d92                tempByte
                0x20003d94                xResult
 *fill*         0x20003d96        0x2 
 COMMON         0x20003d98       0x40 ..\obj\queue.o
                0x20003d98                xQueueRegistry
                0x20003dd8                . = ALIGN (0x4)
                0x20003dd8                __bss_end__ = .
                0x20003dd8                _ebss = __bss_end__

.heap           0x20003dd8        0x0
                0x20003dd8                __end__ = .
                0x20003dd8                _end = __end__
                0x20003dd8                end = __end__
 *(.heap*)
                0x20003dd8                __HeapLimit = .

.co_stack       0x20003dd8        0x0
                0x20003dd8                . = ALIGN (0x8)
 *(.co_stack .co_stack.*)
                0x2000a000                __StackTop = (ORIGIN (ram) + LENGTH (ram))
                0x2000a000                __StackLimit = (__StackTop - SIZEOF (.co_stack))
                [!provide]                PROVIDE (__stack, __StackTop)
                0x00000001                ASSERT ((__StackLimit >= __HeapLimit), region ram  overflowed with stack)
LOAD ..\obj\stm32f30x_rcc.o
LOAD ..\obj\stm32f30x_gpio.o
LOAD ..\obj\main.o
LOAD ..\obj\timers.o
LOAD ..\obj\tasks.o
LOAD ..\obj\stm32f30x_spi.o
LOAD ..\obj\system_stm32f30x_temp.o
LOAD ..\obj\list.o
LOAD ..\obj\stm32f30x_misc.o
LOAD ..\obj\port.o
LOAD ..\obj\queue.o
LOAD ..\obj\startup_stm32f30x.o
LOAD ..\obj\stream_buffer.o
LOAD ..\obj\croutine.o
LOAD ..\obj\event_groups.o
LOAD ..\obj\heap_2.o
START GROUP
LOAD d:/5.3 2016q1/bin/../lib/gcc/arm-none-eabi/5.3.1/armv7e-m/fpu\libgcc.a
LOAD d:/5.3 2016q1/bin/../lib/gcc/arm-none-eabi/5.3.1/../../../../arm-none-eabi/lib/armv7e-m/fpu\libg.a
LOAD d:/5.3 2016q1/bin/../lib/gcc/arm-none-eabi/5.3.1/../../../../arm-none-eabi/lib/armv7e-m/fpu\libc.a
END GROUP
OUTPUT(FRTTEST_1.elf elf32-littlearm)

.debug_info     0x00000000     0x863a
 .debug_info    0x00000000      0xacc ..\obj\stm32f30x_rcc.o
 .debug_info    0x00000acc      0x612 ..\obj\stm32f30x_gpio.o
 .debug_info    0x000010de      0x897 ..\obj\main.o
 .debug_info    0x00001975      0xc90 ..\obj\timers.o
 .debug_info    0x00002605     0x256f ..\obj\tasks.o
 .debug_info    0x00004b74      0xb7a ..\obj\stm32f30x_spi.o
 .debug_info    0x000056ee      0x4bb ..\obj\system_stm32f30x_temp.o
 .debug_info    0x00005ba9      0x2d6 ..\obj\list.o
 .debug_info    0x00005e7f      0x556 ..\obj\stm32f30x_misc.o
 .debug_info    0x000063d5      0x584 ..\obj\port.o
 .debug_info    0x00006959     0x1873 ..\obj\queue.o
 .debug_info    0x000081cc       0xa9 ..\obj\startup_stm32f30x.o
 .debug_info    0x00008275      0x3c5 ..\obj\heap_2.o

.debug_abbrev   0x00000000     0x1534
 .debug_abbrev  0x00000000      0x1e5 ..\obj\stm32f30x_rcc.o
 .debug_abbrev  0x000001e5      0x198 ..\obj\stm32f30x_gpio.o
 .debug_abbrev  0x0000037d      0x1df ..\obj\main.o
 .debug_abbrev  0x0000055c      0x21a ..\obj\timers.o
 .debug_abbrev  0x00000776      0x2ab ..\obj\tasks.o
 .debug_abbrev  0x00000a21      0x18b ..\obj\stm32f30x_spi.o
 .debug_abbrev  0x00000bac      0x147 ..\obj\system_stm32f30x_temp.o
 .debug_abbrev  0x00000cf3       0xd6 ..\obj\list.o
 .debug_abbrev  0x00000dc9      0x147 ..\obj\stm32f30x_misc.o
 .debug_abbrev  0x00000f10      0x202 ..\obj\port.o
 .debug_abbrev  0x00001112      0x245 ..\obj\queue.o
 .debug_abbrev  0x00001357       0x12 ..\obj\startup_stm32f30x.o
 .debug_abbrev  0x00001369      0x1cb ..\obj\heap_2.o

.debug_aranges  0x00000000      0x908
 .debug_aranges
                0x00000000      0x150 ..\obj\stm32f30x_rcc.o
 .debug_aranges
                0x00000150       0x80 ..\obj\stm32f30x_gpio.o
 .debug_aranges
                0x000001d0       0x70 ..\obj\main.o
 .debug_aranges
                0x00000240       0xe8 ..\obj\timers.o
 .debug_aranges
                0x00000328      0x1f8 ..\obj\tasks.o
 .debug_aranges
                0x00000520      0x118 ..\obj\stm32f30x_spi.o
 .debug_aranges
                0x00000638       0x30 ..\obj\system_stm32f30x_temp.o
 .debug_aranges
                0x00000668       0x40 ..\obj\list.o
 .debug_aranges
                0x000006a8       0x40 ..\obj\stm32f30x_misc.o
 .debug_aranges
                0x000006e8       0x80 ..\obj\port.o
 .debug_aranges
                0x00000768      0x130 ..\obj\queue.o
 .debug_aranges
                0x00000898       0x28 ..\obj\startup_stm32f30x.o
 .debug_aranges
                0x000008c0       0x48 ..\obj\heap_2.o

.debug_ranges   0x00000000      0x840
 .debug_ranges  0x00000000      0x140 ..\obj\stm32f30x_rcc.o
 .debug_ranges  0x00000140       0x70 ..\obj\stm32f30x_gpio.o
 .debug_ranges  0x000001b0       0x60 ..\obj\main.o
 .debug_ranges  0x00000210       0xd8 ..\obj\timers.o
 .debug_ranges  0x000002e8      0x1e8 ..\obj\tasks.o
 .debug_ranges  0x000004d0      0x108 ..\obj\stm32f30x_spi.o
 .debug_ranges  0x000005d8       0x20 ..\obj\system_stm32f30x_temp.o
 .debug_ranges  0x000005f8       0x30 ..\obj\list.o
 .debug_ranges  0x00000628       0x30 ..\obj\stm32f30x_misc.o
 .debug_ranges  0x00000658       0x70 ..\obj\port.o
 .debug_ranges  0x000006c8      0x120 ..\obj\queue.o
 .debug_ranges  0x000007e8       0x20 ..\obj\startup_stm32f30x.o
 .debug_ranges  0x00000808       0x38 ..\obj\heap_2.o

.debug_line     0x00000000     0x3f40
 .debug_line    0x00000000      0x55a ..\obj\stm32f30x_rcc.o
 .debug_line    0x0000055a      0x2f5 ..\obj\stm32f30x_gpio.o
 .debug_line    0x0000084f      0x34b ..\obj\main.o
 .debug_line    0x00000b9a      0x58d ..\obj\timers.o
 .debug_line    0x00001127     0x1056 ..\obj\tasks.o
 .debug_line    0x0000217d      0x4be ..\obj\stm32f30x_spi.o
 .debug_line    0x0000263b      0x1ab ..\obj\system_stm32f30x_temp.o
 .debug_line    0x000027e6      0x217 ..\obj\list.o
 .debug_line    0x000029fd      0x210 ..\obj\stm32f30x_misc.o
 .debug_line    0x00002c0d      0x3ac ..\obj\port.o
 .debug_line    0x00002fb9      0xc37 ..\obj\queue.o
 .debug_line    0x00003bf0       0xa7 ..\obj\startup_stm32f30x.o
 .debug_line    0x00003c97      0x2a9 ..\obj\heap_2.o

.debug_str      0x00000000     0x35d5
 .debug_str     0x00000000      0x788 ..\obj\stm32f30x_rcc.o
                                0x81e (size before relaxing)
 .debug_str     0x00000788      0x32b ..\obj\stm32f30x_gpio.o
                                0x4c9 (size before relaxing)
 .debug_str     0x00000ab3      0x701 ..\obj\main.o
                                0xa67 (size before relaxing)
 .debug_str     0x000011b4      0x5a2 ..\obj\timers.o
                                0x7be (size before relaxing)
 .debug_str     0x00001756      0xdf8 ..\obj\tasks.o
                               0x111b (size before relaxing)
 .debug_str     0x0000254e      0x3cd ..\obj\stm32f30x_spi.o
                                0x7f1 (size before relaxing)
 .debug_str     0x0000291b      0x100 ..\obj\system_stm32f30x_temp.o
                                0x334 (size before relaxing)
 .debug_str     0x00002a1b       0xc9 ..\obj\list.o
                                0x2eb (size before relaxing)
 .debug_str     0x00002ae4      0x168 ..\obj\stm32f30x_misc.o
                                0x3f8 (size before relaxing)
 .debug_str     0x00002c4c      0x206 ..\obj\port.o
                                0x42d (size before relaxing)
 .debug_str     0x00002e52      0x5f0 ..\obj\queue.o
                                0x9bb (size before relaxing)
 .debug_str     0x00003442      0x193 ..\obj\heap_2.o
                                0x374 (size before relaxing)

.comment        0x00000000       0x6e
 .comment       0x00000000       0x6e ..\obj\stm32f30x_rcc.o
                                 0x6f (size before relaxing)
 .comment       0x0000006e       0x6f ..\obj\stm32f30x_gpio.o
 .comment       0x0000006e       0x6f ..\obj\main.o
 .comment       0x0000006e       0x6f ..\obj\timers.o
 .comment       0x0000006e       0x6f ..\obj\tasks.o
 .comment       0x0000006e       0x6f ..\obj\stm32f30x_spi.o
 .comment       0x0000006e       0x6f ..\obj\system_stm32f30x_temp.o
 .comment       0x0000006e       0x6f ..\obj\list.o
 .comment       0x0000006e       0x6f ..\obj\stm32f30x_misc.o
 .comment       0x0000006e       0x6f ..\obj\port.o
 .comment       0x0000006e       0x6f ..\obj\queue.o
 .comment       0x0000006e       0x6f ..\obj\heap_2.o

.ARM.attributes
                0x00000000       0x37
 .ARM.attributes
                0x00000000       0x39 ..\obj\stm32f30x_rcc.o
 .ARM.attributes
                0x00000039       0x39 ..\obj\stm32f30x_gpio.o
 .ARM.attributes
                0x00000072       0x39 ..\obj\main.o
 .ARM.attributes
                0x000000ab       0x39 ..\obj\timers.o
 .ARM.attributes
                0x000000e4       0x39 ..\obj\tasks.o
 .ARM.attributes
                0x0000011d       0x39 ..\obj\stm32f30x_spi.o
 .ARM.attributes
                0x00000156       0x39 ..\obj\system_stm32f30x_temp.o
 .ARM.attributes
                0x0000018f       0x39 ..\obj\list.o
 .ARM.attributes
                0x000001c8       0x39 ..\obj\stm32f30x_misc.o
 .ARM.attributes
                0x00000201       0x39 ..\obj\port.o
 .ARM.attributes
                0x0000023a       0x39 ..\obj\queue.o
 .ARM.attributes
                0x00000273       0x21 ..\obj\startup_stm32f30x.o
 .ARM.attributes
                0x00000294       0x39 ..\obj\heap_2.o
 .ARM.attributes
                0x000002cd       0x22 d:/5.3 2016q1/bin/../lib/gcc/arm-none-eabi/5.3.1/armv7e-m/fpu\libgcc.a(_arm_addsubdf3.o)
 .ARM.attributes
                0x000002ef       0x22 d:/5.3 2016q1/bin/../lib/gcc/arm-none-eabi/5.3.1/armv7e-m/fpu\libgcc.a(_arm_muldivdf3.o)
 .ARM.attributes
                0x00000311       0x22 d:/5.3 2016q1/bin/../lib/gcc/arm-none-eabi/5.3.1/armv7e-m/fpu\libgcc.a(_arm_cmpdf2.o)
 .ARM.attributes
                0x00000333       0x20 d:/5.3 2016q1/bin/../lib/gcc/arm-none-eabi/5.3.1/../../../../arm-none-eabi/lib/armv7e-m/fpu\libg.a(lib_a-memcpy.o)
 .ARM.attributes
                0x00000353       0x34 d:/5.3 2016q1/bin/../lib/gcc/arm-none-eabi/5.3.1/../../../../arm-none-eabi/lib/armv7e-m/fpu\libg.a(lib_a-memset.o)

.debug_frame    0x00000000     0x2538
 .debug_frame   0x00000000      0x60c ..\obj\stm32f30x_rcc.o
 .debug_frame   0x0000060c      0x214 ..\obj\stm32f30x_gpio.o
 .debug_frame   0x00000820      0x184 ..\obj\main.o
 .debug_frame   0x000009a4      0x3c8 ..\obj\timers.o
 .debug_frame   0x00000d6c      0x8a8 ..\obj\tasks.o
 .debug_frame   0x00001614      0x508 ..\obj\stm32f30x_spi.o
 .debug_frame   0x00001b1c       0x7c ..\obj\system_stm32f30x_temp.o
 .debug_frame   0x00001b98       0xd8 ..\obj\list.o
 .debug_frame   0x00001c70       0xd8 ..\obj\stm32f30x_misc.o
 .debug_frame   0x00001d48      0x1a8 ..\obj\port.o
 .debug_frame   0x00001ef0      0x530 ..\obj\queue.o
 .debug_frame   0x00002420       0xe4 ..\obj\heap_2.o
 .debug_frame   0x00002504       0x34 d:/5.3 2016q1/bin/../lib/gcc/arm-none-eabi/5.3.1/../../../../arm-none-eabi/lib/armv7e-m/fpu\libg.a(lib_a-memset.o)
