
Discarded input sections

 .text          0x00000000        0x0 ..\obj\stm32f30x_rcc.o
 .bss           0x00000000        0x0 ..\obj\stm32f30x_rcc.o
 .text.RCC_DeInit
                0x00000000       0x7c ..\obj\stm32f30x_rcc.o
 .text.RCC_HSEConfig
                0x00000000       0x24 ..\obj\stm32f30x_rcc.o
 .text.RCC_WaitForHSEStartUp
                0x00000000       0x50 ..\obj\stm32f30x_rcc.o
 .text.RCC_AdjustHSICalibrationValue
                0x00000000       0x3c ..\obj\stm32f30x_rcc.o
 .text.RCC_HSICmd
                0x00000000       0x20 ..\obj\stm32f30x_rcc.o
 .text.RCC_LSEConfig
                0x00000000       0x3c ..\obj\stm32f30x_rcc.o
 .text.RCC_LSEDriveConfig
                0x00000000       0x30 ..\obj\stm32f30x_rcc.o
 .text.RCC_LSICmd
                0x00000000       0x20 ..\obj\stm32f30x_rcc.o
 .text.RCC_PLLConfig
                0x00000000       0x34 ..\obj\stm32f30x_rcc.o
 .text.RCC_PLLCmd
                0x00000000       0x20 ..\obj\stm32f30x_rcc.o
 .text.RCC_PREDIV1Config
                0x00000000       0x38 ..\obj\stm32f30x_rcc.o
 .text.RCC_ClockSecuritySystemCmd
                0x00000000       0x20 ..\obj\stm32f30x_rcc.o
 .text.RCC_MCOConfig
                0x00000000       0x20 ..\obj\stm32f30x_rcc.o
 .text.RCC_SYSCLKConfig
                0x00000000       0x38 ..\obj\stm32f30x_rcc.o
 .text.RCC_GetSYSCLKSource
                0x00000000       0x1c ..\obj\stm32f30x_rcc.o
 .text.RCC_HCLKConfig
                0x00000000       0x38 ..\obj\stm32f30x_rcc.o
 .text.RCC_PCLK1Config
                0x00000000       0x38 ..\obj\stm32f30x_rcc.o
 .text.RCC_PCLK2Config
                0x00000000       0x38 ..\obj\stm32f30x_rcc.o
 .text.RCC_ADCCLKConfig
                0x00000000       0x4c ..\obj\stm32f30x_rcc.o
 .text.RCC_I2CCLKConfig
                0x00000000       0x4c ..\obj\stm32f30x_rcc.o
 .text.RCC_TIMCLKConfig
                0x00000000       0x4c ..\obj\stm32f30x_rcc.o
 .text.RCC_USARTCLKConfig
                0x00000000       0x98 ..\obj\stm32f30x_rcc.o
 .text.RCC_USBCLKConfig
                0x00000000       0x1c ..\obj\stm32f30x_rcc.o
 .text.RCC_RTCCLKConfig
                0x00000000       0x24 ..\obj\stm32f30x_rcc.o
 .text.RCC_I2SCLKConfig
                0x00000000       0x1c ..\obj\stm32f30x_rcc.o
 .text.RCC_RTCCLKCmd
                0x00000000       0x20 ..\obj\stm32f30x_rcc.o
 .text.RCC_BackupResetCmd
                0x00000000       0x20 ..\obj\stm32f30x_rcc.o
 .text.RCC_APB2PeriphClockCmd
                0x00000000       0x3c ..\obj\stm32f30x_rcc.o
 .text.RCC_APB1PeriphClockCmd
                0x00000000       0x3c ..\obj\stm32f30x_rcc.o
 .text.RCC_AHBPeriphResetCmd
                0x00000000       0x3c ..\obj\stm32f30x_rcc.o
 .text.RCC_APB2PeriphResetCmd
                0x00000000       0x3c ..\obj\stm32f30x_rcc.o
 .text.RCC_APB1PeriphResetCmd
                0x00000000       0x3c ..\obj\stm32f30x_rcc.o
 .text.RCC_ITConfig
                0x00000000       0x4c ..\obj\stm32f30x_rcc.o
 .text.RCC_GetFlagStatus
                0x00000000       0x80 ..\obj\stm32f30x_rcc.o
 .text.RCC_ClearFlag
                0x00000000       0x1c ..\obj\stm32f30x_rcc.o
 .text.RCC_GetITStatus
                0x00000000       0x34 ..\obj\stm32f30x_rcc.o
 .text.RCC_ClearITPendingBit
                0x00000000       0x20 ..\obj\stm32f30x_rcc.o
 .text          0x00000000        0x0 ..\obj\stm32f30x_gpio.o
 .data          0x00000000        0x0 ..\obj\stm32f30x_gpio.o
 .bss           0x00000000        0x0 ..\obj\stm32f30x_gpio.o
 .text.GPIO_DeInit
                0x00000000       0xd8 ..\obj\stm32f30x_gpio.o
 .text.GPIO_StructInit
                0x00000000       0x34 ..\obj\stm32f30x_gpio.o
 .text.GPIO_PinLockConfig
                0x00000000       0x44 ..\obj\stm32f30x_gpio.o
 .text.GPIO_ReadInputDataBit
                0x00000000       0x38 ..\obj\stm32f30x_gpio.o
 .text.GPIO_ReadInputData
                0x00000000       0x18 ..\obj\stm32f30x_gpio.o
 .text.GPIO_ReadOutputDataBit
                0x00000000       0x38 ..\obj\stm32f30x_gpio.o
 .text.GPIO_ReadOutputData
                0x00000000       0x18 ..\obj\stm32f30x_gpio.o
 .text.GPIO_SetBits
                0x00000000       0x1c ..\obj\stm32f30x_gpio.o
 .text.GPIO_ResetBits
                0x00000000       0x1c ..\obj\stm32f30x_gpio.o
 .text.GPIO_WriteBit
                0x00000000       0x30 ..\obj\stm32f30x_gpio.o
 .text.GPIO_Write
                0x00000000       0x1c ..\obj\stm32f30x_gpio.o
 .text.GPIO_PinAFConfig
                0x00000000       0x90 ..\obj\stm32f30x_gpio.o
 .text          0x00000000        0x0 ..\obj\main.o
 .data          0x00000000        0x0 ..\obj\main.o
 .text          0x00000000        0x0 ..\obj\system_stm32f30x_temp.o
 .data          0x00000000       0x14 ..\obj\system_stm32f30x_temp.o
 .bss           0x00000000        0x0 ..\obj\system_stm32f30x_temp.o
 .text.SystemCoreClockUpdate1
                0x00000000       0xd4 ..\obj\system_stm32f30x_temp.o
 .text          0x00000000       0x14 ..\obj\startup_stm32f30x.o
 .data          0x00000000        0x0 ..\obj\startup_stm32f30x.o
 .bss           0x00000000        0x0 ..\obj\startup_stm32f30x.o

Memory Configuration

Name             Origin             Length             Attributes
rom              0x08000000         0x00040000         xr
ram              0x20000000         0x0000a000         xrw
ram1             0x10000000         0x00002000         xrw
*default*        0x00000000         0xffffffff

Linker script and memory map

                0x2000a000                _eram = 0x2000a000

.text           0x08000000      0xa0a
 *(.isr_vector)
 .isr_vector    0x08000000      0x188 ..\obj\startup_stm32f30x.o
                0x08000000                g_pfnVectors
 *(.text*)
 .text.RCC_GetClocksFreq
                0x08000188      0x414 ..\obj\stm32f30x_rcc.o
                0x08000188                RCC_GetClocksFreq
 .text.RCC_AHBPeriphClockCmd
                0x0800059c       0x3c ..\obj\stm32f30x_rcc.o
                0x0800059c                RCC_AHBPeriphClockCmd
 .text.GPIO_Init
                0x080005d8      0x12c ..\obj\stm32f30x_gpio.o
                0x080005d8                GPIO_Init
 .text.NVIC_SetPriority
                0x08000704       0x54 ..\obj\main.o
 .text.SysTick_Config
                0x08000758       0x44 ..\obj\main.o
 .text.SysTick_Handler
                0x0800079c       0x28 ..\obj\main.o
                0x0800079c                SysTick_Handler
 .text.main     0x080007c4       0x9c ..\obj\main.o
                0x080007c4                main
 .text.SystemInit1
                0x08000860       0x84 ..\obj\system_stm32f30x_temp.o
                0x08000860                SystemInit
                0x08000860                SystemInit1
 .text.SetSysClock1
                0x080008e4       0xe0 ..\obj\system_stm32f30x_temp.o
                0x080008e4                SetSysClock
 .text.Reset_Handler
                0x080009c4       0x44 ..\obj\startup_stm32f30x.o
                0x080009c4                Reset_Handler
 .text.Default_Handler
                0x08000a08        0x2 ..\obj\startup_stm32f30x.o
                0x08000a08                RTC_Alarm_IRQHandler
                0x08000a08                TIM8_TRG_COM_IRQHandler
                0x08000a08                TIM8_CC_IRQHandler
                0x08000a08                DebugMon_Handler
                0x08000a08                TIM1_CC_IRQHandler
                0x08000a08                HardFault_Handler
                0x08000a08                USB_HP_IRQHandler
                0x08000a08                PVD_IRQHandler
                0x08000a08                PendSV_Handler
                0x08000a08                NMI_Handler
                0x08000a08                EXTI3_IRQHandler
                0x08000a08                EXTI0_IRQHandler
                0x08000a08                I2C2_EV_IRQHandler
                0x08000a08                FPU_IRQHandler
                0x08000a08                EXTI2_TS_IRQHandler
                0x08000a08                TIM1_UP_TIM16_IRQHandler
                0x08000a08                UsageFault_Handler
                0x08000a08                ADC1_2_IRQHandler
                0x08000a08                SPI1_IRQHandler
                0x08000a08                TIM6_DAC_IRQHandler
                0x08000a08                TIM8_UP_IRQHandler
                0x08000a08                DMA2_Channel2_IRQHandler
                0x08000a08                DMA1_Channel4_IRQHandler
                0x08000a08                USART3_IRQHandler
                0x08000a08                DMA1_Channel7_IRQHandler
                0x08000a08                CAN1_RX1_IRQHandler
                0x08000a08                UART5_IRQHandler
                0x08000a08                ADC3_IRQHandler
                0x08000a08                TIM4_IRQHandler
                0x08000a08                DMA2_Channel1_IRQHandler
                0x08000a08                I2C1_EV_IRQHandler
                0x08000a08                DMA1_Channel6_IRQHandler
                0x08000a08                UART4_IRQHandler
                0x08000a08                DMA2_Channel4_IRQHandler
                0x08000a08                TIM3_IRQHandler
                0x08000a08                RCC_IRQHandler
                0x08000a08                DMA1_Channel1_IRQHandler
                0x08000a08                Default_Handler
                0x08000a08                USBWakeUp_RMP_IRQHandler
                0x08000a08                EXTI15_10_IRQHandler
                0x08000a08                TIM7_IRQHandler
                0x08000a08                EXTI9_5_IRQHandler
                0x08000a08                TAMPER_STAMP_IRQHandler
                0x08000a08                RTC_WKUP_IRQHandler
                0x08000a08                SPI2_IRQHandler
                0x08000a08                MemManage_Handler
                0x08000a08                SVC_Handler
                0x08000a08                DMA2_Channel5_IRQHandler
                0x08000a08                DMA1_Channel5_IRQHandler
                0x08000a08                USB_LP_IRQHandler
                0x08000a08                EXTI4_IRQHandler
                0x08000a08                USB_LP_CAN1_RX0_IRQHandler
                0x08000a08                TIM1_TRG_COM_TIM17_IRQHandler
                0x08000a08                USB_HP_CAN1_TX_IRQHandler
                0x08000a08                DMA1_Channel3_IRQHandler
                0x08000a08                ADC4_IRQHandler
                0x08000a08                WWDG_IRQHandler
                0x08000a08                TIM2_IRQHandler
                0x08000a08                COMP7_IRQHandler
                0x08000a08                COMP1_2_3_IRQHandler
                0x08000a08                EXTI1_IRQHandler
                0x08000a08                USART2_IRQHandler
                0x08000a08                COMP4_5_6_IRQHandler
                0x08000a08                I2C2_ER_IRQHandler
                0x08000a08                DMA1_Channel2_IRQHandler
                0x08000a08                TIM8_BRK_IRQHandler
                0x08000a08                CAN1_SCE_IRQHandler
                0x08000a08                FLASH_IRQHandler
                0x08000a08                BusFault_Handler
                0x08000a08                USART1_IRQHandler
                0x08000a08                SPI3_IRQHandler
                0x08000a08                I2C1_ER_IRQHandler
                0x08000a08                USBWakeUp_IRQHandler
                0x08000a08                DMA2_Channel3_IRQHandler
                0x08000a08                TIM1_BRK_TIM15_IRQHandler
 *(.init)
 *(.fini)
 *crtbegin.o(.ctors)
 *crtbegin?.o(.ctors)
 *(EXCLUDE_FILE(*crtend.o *crtend?.o) .ctors)
 *(SORT(.ctors.*))
 *(.ctors)
 *crtbegin.o(.dtors)
 *crtbegin?.o(.dtors)
 *(EXCLUDE_FILE(*crtend.o *crtend?.o) .dtors)
 *(SORT(.dtors.*))
 *(.dtors)
 *(.rodata*)
 *(.eh_fram e*)

.glue_7         0x08000a0c        0x0
 .glue_7        0x08000a0c        0x0 linker stubs

.glue_7t        0x08000a0c        0x0
 .glue_7t       0x08000a0c        0x0 linker stubs

.vfp11_veneer   0x08000a0c        0x0
 .vfp11_veneer  0x08000a0c        0x0 linker stubs

.v4_bx          0x08000a0c        0x0
 .v4_bx         0x08000a0c        0x0 linker stubs

.iplt           0x08000a0c        0x0
 .iplt          0x08000a0c        0x0 ..\obj\stm32f30x_rcc.o

.rel.dyn        0x08000a0c        0x0
 .rel.iplt      0x08000a0c        0x0 ..\obj\stm32f30x_rcc.o

.ARM.extab
 *(.ARM.extab* .gnu.linkonce.armextab.*)
                0x08000a0c                __exidx_start = .

.ARM.exidx
 *(.ARM.exidx* .gnu.linkonce.armexidx.*)
                0x08000a0c                __exidx_end = .
                0x08000a0c                __etext = .
                0x08000a0a                _sidata = __etext

.data           0x20000000       0x2c load address 0x08000a0a
                0x20000000                __data_start__ = .
                0x20000000                _sdata = __data_start__
 *(vtable)
 *(.data*)
 .data          0x20000000       0x2a ..\obj\stm32f30x_rcc.o
                0x2000002c                . = ALIGN (0x4)
 *fill*         0x2000002a        0x2 
                [!provide]                PROVIDE (__preinit_array_start, .)
 *(.preinit_array)
                [!provide]                PROVIDE (__preinit_array_end, .)
                0x2000002c                . = ALIGN (0x4)
                [!provide]                PROVIDE (__init_array_start, .)
 *(SORT(.init_array.*))
 *(.init_array)
                [!provide]                PROVIDE (__init_array_end, .)
                0x2000002c                . = ALIGN (0x4)
                [!provide]                PROVIDE (__fini_array_start, .)
 *(SORT(.fini_array.*))
 *(.fini_array)
                [!provide]                PROVIDE (__fini_array_end, .)
 *(.jcr*)
                0x2000002c                . = ALIGN (0x4)
                0x2000002c                __data_end__ = .
                0x2000002c                _edata = __data_end__

.igot.plt       0x2000002c        0x0 load address 0x08000a38
 .igot.plt      0x2000002c        0x0 ..\obj\stm32f30x_rcc.o

.bss            0x2000002c        0x8 load address 0x08000a38
                0x2000002c                . = ALIGN (0x4)
                0x2000002c                __bss_start__ = .
                0x2000002c                _sbss = __bss_start__
 *(.bss*)
 .bss           0x2000002c        0x8 ..\obj\main.o
                0x2000002c                delay
                0x20000030                delay2
 *(COMMON)
                0x20000034                . = ALIGN (0x4)
                0x20000034                __bss_end__ = .
                0x20000034                _ebss = __bss_end__

.heap           0x20000034        0x0
                0x20000034                __end__ = .
                0x20000034                _end = __end__
                0x20000034                end = __end__
 *(.heap*)
                0x20000034                __HeapLimit = .

.co_stack       0x20000034        0x4 load address 0x08000a40
                0x20000038                . = ALIGN (0x8)
 *fill*         0x20000034        0x4 
 *(.co_stack .co_stack.*)
                0x2000a000                __StackTop = (ORIGIN (ram) + LENGTH (ram))
                0x20009ffc                __StackLimit = (__StackTop - SIZEOF (.co_stack))
                [!provide]                PROVIDE (__stack, __StackTop)
                0x00000001                ASSERT ((__StackLimit >= __HeapLimit), region ram  overflowed with stack)
LOAD ..\obj\stm32f30x_rcc.o
LOAD ..\obj\stm32f30x_gpio.o
LOAD ..\obj\main.o
LOAD ..\obj\system_stm32f30x_temp.o
LOAD ..\obj\startup_stm32f30x.o
START GROUP
LOAD d:/5.3 2016q1/bin/../lib/gcc/arm-none-eabi/5.3.1/armv7e-m\libgcc.a
LOAD d:/5.3 2016q1/bin/../lib/gcc/arm-none-eabi/5.3.1/../../../../arm-none-eabi/lib/armv7e-m\libg.a
LOAD d:/5.3 2016q1/bin/../lib/gcc/arm-none-eabi/5.3.1/../../../../arm-none-eabi/lib/armv7e-m\libc.a
END GROUP
OUTPUT(RCC.elf elf32-littlearm)

.debug_info     0x00000000     0x1f84
 .debug_info    0x00000000      0xacc ..\obj\stm32f30x_rcc.o
 .debug_info    0x00000acc      0x612 ..\obj\stm32f30x_gpio.o
 .debug_info    0x000010de      0x964 ..\obj\main.o
 .debug_info    0x00001a42      0x4bb ..\obj\system_stm32f30x_temp.o
 .debug_info    0x00001efd       0x87 ..\obj\startup_stm32f30x.o

.debug_abbrev   0x00000000      0x69a
 .debug_abbrev  0x00000000      0x1e5 ..\obj\stm32f30x_rcc.o
 .debug_abbrev  0x000001e5      0x198 ..\obj\stm32f30x_gpio.o
 .debug_abbrev  0x0000037d      0x1c4 ..\obj\main.o
 .debug_abbrev  0x00000541      0x147 ..\obj\system_stm32f30x_temp.o
 .debug_abbrev  0x00000688       0x12 ..\obj\startup_stm32f30x.o

.debug_aranges  0x00000000      0x260
 .debug_aranges
                0x00000000      0x150 ..\obj\stm32f30x_rcc.o
 .debug_aranges
                0x00000150       0x80 ..\obj\stm32f30x_gpio.o
 .debug_aranges
                0x000001d0       0x38 ..\obj\main.o
 .debug_aranges
                0x00000208       0x30 ..\obj\system_stm32f30x_temp.o
 .debug_aranges
                0x00000238       0x28 ..\obj\startup_stm32f30x.o

.debug_ranges   0x00000000      0x218
 .debug_ranges  0x00000000      0x140 ..\obj\stm32f30x_rcc.o
 .debug_ranges  0x00000140       0x70 ..\obj\stm32f30x_gpio.o
 .debug_ranges  0x000001b0       0x28 ..\obj\main.o
 .debug_ranges  0x000001d8       0x20 ..\obj\system_stm32f30x_temp.o
 .debug_ranges  0x000001f8       0x20 ..\obj\startup_stm32f30x.o

.debug_line     0x00000000      0xbcc
 .debug_line    0x00000000      0x522 ..\obj\stm32f30x_rcc.o
 .debug_line    0x00000522      0x2bd ..\obj\stm32f30x_gpio.o
 .debug_line    0x000007df      0x1c5 ..\obj\main.o
 .debug_line    0x000009a4      0x18f ..\obj\system_stm32f30x_temp.o
 .debug_line    0x00000b33       0x99 ..\obj\startup_stm32f30x.o

.debug_str      0x00000000     0x1081
 .debug_str     0x00000000      0x75c ..\obj\stm32f30x_rcc.o
                                0x7ed (size before relaxing)
 .debug_str     0x0000075c      0x31d ..\obj\stm32f30x_gpio.o
                                0x498 (size before relaxing)
 .debug_str     0x00000a79      0x56a ..\obj\main.o
                                0x9a8 (size before relaxing)
 .debug_str     0x00000fe3       0x9e ..\obj\system_stm32f30x_temp.o
                                0x303 (size before relaxing)

.comment        0x00000000       0x6e
 .comment       0x00000000       0x6e ..\obj\stm32f30x_rcc.o
                                 0x6f (size before relaxing)
 .comment       0x0000006e       0x6f ..\obj\stm32f30x_gpio.o
 .comment       0x0000006e       0x6f ..\obj\main.o
 .comment       0x0000006e       0x6f ..\obj\system_stm32f30x_temp.o

.ARM.attributes
                0x00000000       0x31
 .ARM.attributes
                0x00000000       0x33 ..\obj\stm32f30x_rcc.o
 .ARM.attributes
                0x00000033       0x33 ..\obj\stm32f30x_gpio.o
 .ARM.attributes
                0x00000066       0x33 ..\obj\main.o
 .ARM.attributes
                0x00000099       0x33 ..\obj\system_stm32f30x_temp.o
 .ARM.attributes
                0x000000cc       0x21 ..\obj\startup_stm32f30x.o

.debug_frame    0x00000000      0x938
 .debug_frame   0x00000000      0x60c ..\obj\stm32f30x_rcc.o
 .debug_frame   0x0000060c      0x214 ..\obj\stm32f30x_gpio.o
 .debug_frame   0x00000820       0x9c ..\obj\main.o
 .debug_frame   0x000008bc       0x7c ..\obj\system_stm32f30x_temp.o
