Archive member included to satisfy reference by file (symbol)

d:/5.3 2016q1/bin/../lib/gcc/arm-none-eabi/5.3.1/armv7e-m\libgcc.a(_arm_addsubdf3.o)
                              ..\obj\main.o (__aeabi_dsub)
d:/5.3 2016q1/bin/../lib/gcc/arm-none-eabi/5.3.1/armv7e-m\libgcc.a(_arm_muldivdf3.o)
                              ..\obj\main.o (__aeabi_dmul)
d:/5.3 2016q1/bin/../lib/gcc/arm-none-eabi/5.3.1/armv7e-m\libgcc.a(_arm_cmpdf2.o)
                              ..\obj\main.o (__aeabi_dcmplt)

Allocating common symbols
Common symbol       size              file

receiveData         0x2               ..\obj\main.o
xPosition           0x8               ..\obj\main.o
xSign               0x1               ..\obj\main.o
sendData            0x1               ..\obj\main.o
tempByte            0x1               ..\obj\main.o
xResult             0x2               ..\obj\main.o

Discarded input sections

 .text          0x00000000        0x0 ..\obj\stm32f30x_rcc.o
 .data          0x00000000       0x2a ..\obj\stm32f30x_rcc.o
 .bss           0x00000000        0x0 ..\obj\stm32f30x_rcc.o
 .text.RCC_DeInit
                0x00000000       0x7c ..\obj\stm32f30x_rcc.o
 .text.RCC_HSEConfig
                0x00000000       0x24 ..\obj\stm32f30x_rcc.o
 .text.RCC_WaitForHSEStartUp
                0x00000000       0x50 ..\obj\stm32f30x_rcc.o
 .text.RCC_AdjustHSICalibrationValue
                0x00000000       0x3c ..\obj\stm32f30x_rcc.o
 .text.RCC_HSICmd
                0x00000000       0x20 ..\obj\stm32f30x_rcc.o
 .text.RCC_LSEConfig
                0x00000000       0x3c ..\obj\stm32f30x_rcc.o
 .text.RCC_LSEDriveConfig
                0x00000000       0x30 ..\obj\stm32f30x_rcc.o
 .text.RCC_LSICmd
                0x00000000       0x20 ..\obj\stm32f30x_rcc.o
 .text.RCC_PLLConfig
                0x00000000       0x34 ..\obj\stm32f30x_rcc.o
 .text.RCC_PLLCmd
                0x00000000       0x20 ..\obj\stm32f30x_rcc.o
 .text.RCC_PREDIV1Config
                0x00000000       0x38 ..\obj\stm32f30x_rcc.o
 .text.RCC_ClockSecuritySystemCmd
                0x00000000       0x20 ..\obj\stm32f30x_rcc.o
 .text.RCC_MCOConfig
                0x00000000       0x20 ..\obj\stm32f30x_rcc.o
 .text.RCC_SYSCLKConfig
                0x00000000       0x38 ..\obj\stm32f30x_rcc.o
 .text.RCC_GetSYSCLKSource
                0x00000000       0x1c ..\obj\stm32f30x_rcc.o
 .text.RCC_HCLKConfig
                0x00000000       0x38 ..\obj\stm32f30x_rcc.o
 .text.RCC_PCLK1Config
                0x00000000       0x38 ..\obj\stm32f30x_rcc.o
 .text.RCC_PCLK2Config
                0x00000000       0x38 ..\obj\stm32f30x_rcc.o
 .text.RCC_GetClocksFreq
                0x00000000      0x414 ..\obj\stm32f30x_rcc.o
 .text.RCC_ADCCLKConfig
                0x00000000       0x4c ..\obj\stm32f30x_rcc.o
 .text.RCC_I2CCLKConfig
                0x00000000       0x4c ..\obj\stm32f30x_rcc.o
 .text.RCC_TIMCLKConfig
                0x00000000       0x4c ..\obj\stm32f30x_rcc.o
 .text.RCC_USARTCLKConfig
                0x00000000       0x98 ..\obj\stm32f30x_rcc.o
 .text.RCC_USBCLKConfig
                0x00000000       0x1c ..\obj\stm32f30x_rcc.o
 .text.RCC_RTCCLKConfig
                0x00000000       0x24 ..\obj\stm32f30x_rcc.o
 .text.RCC_I2SCLKConfig
                0x00000000       0x1c ..\obj\stm32f30x_rcc.o
 .text.RCC_RTCCLKCmd
                0x00000000       0x20 ..\obj\stm32f30x_rcc.o
 .text.RCC_BackupResetCmd
                0x00000000       0x20 ..\obj\stm32f30x_rcc.o
 .text.RCC_AHBPeriphResetCmd
                0x00000000       0x3c ..\obj\stm32f30x_rcc.o
 .text.RCC_APB2PeriphResetCmd
                0x00000000       0x3c ..\obj\stm32f30x_rcc.o
 .text.RCC_APB1PeriphResetCmd
                0x00000000       0x3c ..\obj\stm32f30x_rcc.o
 .text.RCC_ITConfig
                0x00000000       0x4c ..\obj\stm32f30x_rcc.o
 .text.RCC_GetFlagStatus
                0x00000000       0x80 ..\obj\stm32f30x_rcc.o
 .text.RCC_ClearFlag
                0x00000000       0x1c ..\obj\stm32f30x_rcc.o
 .text.RCC_GetITStatus
                0x00000000       0x34 ..\obj\stm32f30x_rcc.o
 .text.RCC_ClearITPendingBit
                0x00000000       0x20 ..\obj\stm32f30x_rcc.o
 .text          0x00000000        0x0 ..\obj\stm32f30x_gpio.o
 .data          0x00000000        0x0 ..\obj\stm32f30x_gpio.o
 .bss           0x00000000        0x0 ..\obj\stm32f30x_gpio.o
 .text.GPIO_DeInit
                0x00000000       0xd8 ..\obj\stm32f30x_gpio.o
 .text.GPIO_StructInit
                0x00000000       0x34 ..\obj\stm32f30x_gpio.o
 .text.GPIO_PinLockConfig
                0x00000000       0x44 ..\obj\stm32f30x_gpio.o
 .text.GPIO_ReadInputDataBit
                0x00000000       0x38 ..\obj\stm32f30x_gpio.o
 .text.GPIO_ReadInputData
                0x00000000       0x18 ..\obj\stm32f30x_gpio.o
 .text.GPIO_ReadOutputDataBit
                0x00000000       0x38 ..\obj\stm32f30x_gpio.o
 .text.GPIO_ReadOutputData
                0x00000000       0x18 ..\obj\stm32f30x_gpio.o
 .text.GPIO_WriteBit
                0x00000000       0x30 ..\obj\stm32f30x_gpio.o
 .text          0x00000000        0x0 ..\obj\main.o
 .data          0x00000000        0x0 ..\obj\main.o
 .bss           0x00000000        0x0 ..\obj\main.o
 .text          0x00000000        0x0 ..\obj\stm32f30x_spi.o
 .data          0x00000000        0x0 ..\obj\stm32f30x_spi.o
 .bss           0x00000000        0x0 ..\obj\stm32f30x_spi.o
 .text.SPI_I2S_DeInit
                0x00000000       0x74 ..\obj\stm32f30x_spi.o
 .text.SPI_StructInit
                0x00000000       0x4c ..\obj\stm32f30x_spi.o
 .text.I2S_StructInit
                0x00000000       0x38 ..\obj\stm32f30x_spi.o
 .text.I2S_Init
                0x00000000      0x17c ..\obj\stm32f30x_spi.o
 .text.SPI_TIModeCmd
                0x00000000       0x40 ..\obj\stm32f30x_spi.o
 .text.I2S_Cmd  0x00000000       0x40 ..\obj\stm32f30x_spi.o
 .text.SPI_DataSizeConfig
                0x00000000       0x38 ..\obj\stm32f30x_spi.o
 .text.SPI_BiDirectionalLineConfig
                0x00000000       0x40 ..\obj\stm32f30x_spi.o
 .text.SPI_NSSInternalSoftwareConfig
                0x00000000       0x44 ..\obj\stm32f30x_spi.o
 .text.I2S_FullDuplexConfig
                0x00000000       0x9c ..\obj\stm32f30x_spi.o
 .text.SPI_SSOutputCmd
                0x00000000       0x40 ..\obj\stm32f30x_spi.o
 .text.SPI_NSSPulseModeCmd
                0x00000000       0x40 ..\obj\stm32f30x_spi.o
 .text.SPI_I2S_SendData16
                0x00000000       0x1c ..\obj\stm32f30x_spi.o
 .text.SPI_I2S_ReceiveData16
                0x00000000       0x18 ..\obj\stm32f30x_spi.o
 .text.SPI_CRCLengthConfig
                0x00000000       0x38 ..\obj\stm32f30x_spi.o
 .text.SPI_CalculateCRC
                0x00000000       0x40 ..\obj\stm32f30x_spi.o
 .text.SPI_TransmitCRC
                0x00000000       0x24 ..\obj\stm32f30x_spi.o
 .text.SPI_GetCRC
                0x00000000       0x30 ..\obj\stm32f30x_spi.o
 .text.SPI_GetCRCPolynomial
                0x00000000       0x18 ..\obj\stm32f30x_spi.o
 .text.SPI_I2S_DMACmd
                0x00000000       0x48 ..\obj\stm32f30x_spi.o
 .text.SPI_LastDMATransferCmd
                0x00000000       0x38 ..\obj\stm32f30x_spi.o
 .text.SPI_I2S_ITConfig
                0x00000000       0x60 ..\obj\stm32f30x_spi.o
 .text.SPI_GetTransmissionFIFOStatus
                0x00000000       0x20 ..\obj\stm32f30x_spi.o
 .text.SPI_GetReceptionFIFOStatus
                0x00000000       0x20 ..\obj\stm32f30x_spi.o
 .text.SPI_I2S_ClearFlag
                0x00000000       0x20 ..\obj\stm32f30x_spi.o
 .text.SPI_I2S_GetITStatus
                0x00000000       0x74 ..\obj\stm32f30x_spi.o
 .text          0x00000000        0x0 ..\obj\system_stm32f30x_temp.o
 .data          0x00000000       0x14 ..\obj\system_stm32f30x_temp.o
 .bss           0x00000000        0x0 ..\obj\system_stm32f30x_temp.o
 .text.SystemCoreClockUpdate1
                0x00000000       0xd4 ..\obj\system_stm32f30x_temp.o
 .text          0x00000000        0x0 ..\obj\stm32f30x_misc.o
 .data          0x00000000        0x0 ..\obj\stm32f30x_misc.o
 .bss           0x00000000        0x0 ..\obj\stm32f30x_misc.o
 .text.NVIC_PriorityGroupConfig
                0x00000000       0x24 ..\obj\stm32f30x_misc.o
 .text.NVIC_SetVectorTable
                0x00000000       0x2c ..\obj\stm32f30x_misc.o
 .text.NVIC_SystemLPConfig
                0x00000000       0x40 ..\obj\stm32f30x_misc.o
 .text.SysTick_CLKSourceConfig
                0x00000000       0x38 ..\obj\stm32f30x_misc.o
 .text          0x00000000        0x0 ..\obj\stm32f30x_tim.o
 .data          0x00000000        0x0 ..\obj\stm32f30x_tim.o
 .bss           0x00000000        0x0 ..\obj\stm32f30x_tim.o
 .text.TIM_DeInit
                0x00000000      0x14c ..\obj\stm32f30x_tim.o
 .text.TIM_TimeBaseStructInit
                0x00000000       0x34 ..\obj\stm32f30x_tim.o
 .text.TIM_PrescalerConfig
                0x00000000       0x28 ..\obj\stm32f30x_tim.o
 .text.TIM_CounterModeConfig
                0x00000000       0x38 ..\obj\stm32f30x_tim.o
 .text.TIM_SetCounter
                0x00000000       0x1c ..\obj\stm32f30x_tim.o
 .text.TIM_SetAutoreload
                0x00000000       0x1c ..\obj\stm32f30x_tim.o
 .text.TIM_GetCounter
                0x00000000       0x18 ..\obj\stm32f30x_tim.o
 .text.TIM_GetPrescaler
                0x00000000       0x18 ..\obj\stm32f30x_tim.o
 .text.TIM_UpdateDisableConfig
                0x00000000       0x40 ..\obj\stm32f30x_tim.o
 .text.TIM_UpdateRequestConfig
                0x00000000       0x40 ..\obj\stm32f30x_tim.o
 .text.TIM_UIFRemap
                0x00000000       0x40 ..\obj\stm32f30x_tim.o
 .text.TIM_ARRPreloadConfig
                0x00000000       0x40 ..\obj\stm32f30x_tim.o
 .text.TIM_SelectOnePulseMode
                0x00000000       0x38 ..\obj\stm32f30x_tim.o
 .text.TIM_SetClockDivision
                0x00000000       0x38 ..\obj\stm32f30x_tim.o
 .text.TIM_OC1Init
                0x00000000      0x124 ..\obj\stm32f30x_tim.o
 .text.TIM_OC2Init
                0x00000000      0x100 ..\obj\stm32f30x_tim.o
 .text.TIM_OC3Init
                0x00000000       0xfc ..\obj\stm32f30x_tim.o
 .text.TIM_OC4Init
                0x00000000       0xc0 ..\obj\stm32f30x_tim.o
 .text.TIM_OC5Init
                0x00000000       0xb8 ..\obj\stm32f30x_tim.o
 .text.TIM_OC6Init
                0x00000000       0xac ..\obj\stm32f30x_tim.o
 .text.TIM_SelectGC5C1
                0x00000000       0x38 ..\obj\stm32f30x_tim.o
 .text.TIM_SelectGC5C2
                0x00000000       0x38 ..\obj\stm32f30x_tim.o
 .text.TIM_SelectGC5C3
                0x00000000       0x38 ..\obj\stm32f30x_tim.o
 .text.TIM_OCStructInit
                0x00000000       0x44 ..\obj\stm32f30x_tim.o
 .text.TIM_SelectOCxM
                0x00000000       0xac ..\obj\stm32f30x_tim.o
 .text.TIM_SetCompare1
                0x00000000       0x1c ..\obj\stm32f30x_tim.o
 .text.TIM_SetCompare2
                0x00000000       0x1c ..\obj\stm32f30x_tim.o
 .text.TIM_SetCompare3
                0x00000000       0x1c ..\obj\stm32f30x_tim.o
 .text.TIM_SetCompare4
                0x00000000       0x1c ..\obj\stm32f30x_tim.o
 .text.TIM_SetCompare5
                0x00000000       0x1c ..\obj\stm32f30x_tim.o
 .text.TIM_SetCompare6
                0x00000000       0x1c ..\obj\stm32f30x_tim.o
 .text.TIM_ForcedOC1Config
                0x00000000       0x3c ..\obj\stm32f30x_tim.o
 .text.TIM_ForcedOC2Config
                0x00000000       0x3c ..\obj\stm32f30x_tim.o
 .text.TIM_ForcedOC3Config
                0x00000000       0x38 ..\obj\stm32f30x_tim.o
 .text.TIM_ForcedOC4Config
                0x00000000       0x38 ..\obj\stm32f30x_tim.o
 .text.TIM_ForcedOC5Config
                0x00000000       0x38 ..\obj\stm32f30x_tim.o
 .text.TIM_ForcedOC6Config
                0x00000000       0x38 ..\obj\stm32f30x_tim.o
 .text.TIM_OC1PreloadConfig
                0x00000000       0x38 ..\obj\stm32f30x_tim.o
 .text.TIM_OC2PreloadConfig
                0x00000000       0x38 ..\obj\stm32f30x_tim.o
 .text.TIM_OC3PreloadConfig
                0x00000000       0x38 ..\obj\stm32f30x_tim.o
 .text.TIM_OC4PreloadConfig
                0x00000000       0x38 ..\obj\stm32f30x_tim.o
 .text.TIM_OC5PreloadConfig
                0x00000000       0x38 ..\obj\stm32f30x_tim.o
 .text.TIM_OC6PreloadConfig
                0x00000000       0x38 ..\obj\stm32f30x_tim.o
 .text.TIM_OC1FastConfig
                0x00000000       0x38 ..\obj\stm32f30x_tim.o
 .text.TIM_OC2FastConfig
                0x00000000       0x38 ..\obj\stm32f30x_tim.o
 .text.TIM_OC3FastConfig
                0x00000000       0x38 ..\obj\stm32f30x_tim.o
 .text.TIM_OC4FastConfig
                0x00000000       0x38 ..\obj\stm32f30x_tim.o
 .text.TIM_ClearOC1Ref
                0x00000000       0x38 ..\obj\stm32f30x_tim.o
 .text.TIM_ClearOC2Ref
                0x00000000       0x38 ..\obj\stm32f30x_tim.o
 .text.TIM_ClearOC3Ref
                0x00000000       0x38 ..\obj\stm32f30x_tim.o
 .text.TIM_ClearOC4Ref
                0x00000000       0x38 ..\obj\stm32f30x_tim.o
 .text.TIM_ClearOC5Ref
                0x00000000       0x38 ..\obj\stm32f30x_tim.o
 .text.TIM_ClearOC6Ref
                0x00000000       0x38 ..\obj\stm32f30x_tim.o
 .text.TIM_SelectOCREFClear
                0x00000000       0x30 ..\obj\stm32f30x_tim.o
 .text.TIM_OC1PolarityConfig
                0x00000000       0x38 ..\obj\stm32f30x_tim.o
 .text.TIM_OC1NPolarityConfig
                0x00000000       0x38 ..\obj\stm32f30x_tim.o
 .text.TIM_OC2PolarityConfig
                0x00000000       0x38 ..\obj\stm32f30x_tim.o
 .text.TIM_OC2NPolarityConfig
                0x00000000       0x38 ..\obj\stm32f30x_tim.o
 .text.TIM_OC3PolarityConfig
                0x00000000       0x38 ..\obj\stm32f30x_tim.o
 .text.TIM_OC3NPolarityConfig
                0x00000000       0x38 ..\obj\stm32f30x_tim.o
 .text.TIM_OC4PolarityConfig
                0x00000000       0x38 ..\obj\stm32f30x_tim.o
 .text.TIM_OC5PolarityConfig
                0x00000000       0x38 ..\obj\stm32f30x_tim.o
 .text.TIM_OC6PolarityConfig
                0x00000000       0x38 ..\obj\stm32f30x_tim.o
 .text.TIM_CCxCmd
                0x00000000       0x48 ..\obj\stm32f30x_tim.o
 .text.TIM_CCxNCmd
                0x00000000       0x48 ..\obj\stm32f30x_tim.o
 .text.TIM_ICInit
                0x00000000       0xa8 ..\obj\stm32f30x_tim.o
 .text.TIM_ICStructInit
                0x00000000       0x30 ..\obj\stm32f30x_tim.o
 .text.TIM_PWMIConfig
                0x00000000       0xb8 ..\obj\stm32f30x_tim.o
 .text.TIM_GetCapture1
                0x00000000       0x18 ..\obj\stm32f30x_tim.o
 .text.TIM_GetCapture2
                0x00000000       0x18 ..\obj\stm32f30x_tim.o
 .text.TIM_GetCapture3
                0x00000000       0x18 ..\obj\stm32f30x_tim.o
 .text.TIM_GetCapture4
                0x00000000       0x18 ..\obj\stm32f30x_tim.o
 .text.TIM_SetIC1Prescaler
                0x00000000       0x30 ..\obj\stm32f30x_tim.o
 .text.TIM_SetIC2Prescaler
                0x00000000       0x30 ..\obj\stm32f30x_tim.o
 .text.TIM_SetIC3Prescaler
                0x00000000       0x30 ..\obj\stm32f30x_tim.o
 .text.TIM_SetIC4Prescaler
                0x00000000       0x34 ..\obj\stm32f30x_tim.o
 .text.TIM_BDTRConfig
                0x00000000       0x50 ..\obj\stm32f30x_tim.o
 .text.TIM_Break1Config
                0x00000000       0x38 ..\obj\stm32f30x_tim.o
 .text.TIM_Break2Config
                0x00000000       0x38 ..\obj\stm32f30x_tim.o
 .text.TIM_Break1Cmd
                0x00000000       0x38 ..\obj\stm32f30x_tim.o
 .text.TIM_Break2Cmd
                0x00000000       0x38 ..\obj\stm32f30x_tim.o
 .text.TIM_BDTRStructInit
                0x00000000       0x3c ..\obj\stm32f30x_tim.o
 .text.TIM_CtrlPWMOutputs
                0x00000000       0x38 ..\obj\stm32f30x_tim.o
 .text.TIM_SelectCOM
                0x00000000       0x38 ..\obj\stm32f30x_tim.o
 .text.TIM_CCPreloadControl
                0x00000000       0x38 ..\obj\stm32f30x_tim.o
 .text.TIM_GenerateEvent
                0x00000000       0x1c ..\obj\stm32f30x_tim.o
 .text.TIM_GetFlagStatus
                0x00000000       0x30 ..\obj\stm32f30x_tim.o
 .text.TIM_ClearFlag
                0x00000000       0x24 ..\obj\stm32f30x_tim.o
 .text.TIM_GetITStatus
                0x00000000       0x54 ..\obj\stm32f30x_tim.o
 .text.TIM_DMAConfig
                0x00000000       0x28 ..\obj\stm32f30x_tim.o
 .text.TIM_DMACmd
                0x00000000       0x40 ..\obj\stm32f30x_tim.o
 .text.TIM_SelectCCDMA
                0x00000000       0x38 ..\obj\stm32f30x_tim.o
 .text.TIM_InternalClockConfig
                0x00000000       0x20 ..\obj\stm32f30x_tim.o
 .text.TIM_ITRxExternalClockConfig
                0x00000000       0x2c ..\obj\stm32f30x_tim.o
 .text.TIM_TIxExternalClockConfig
                0x00000000       0x58 ..\obj\stm32f30x_tim.o
 .text.TIM_ETRClockMode1Config
                0x00000000       0x60 ..\obj\stm32f30x_tim.o
 .text.TIM_ETRClockMode2Config
                0x00000000       0x3c ..\obj\stm32f30x_tim.o
 .text.TIM_SelectInputTrigger
                0x00000000       0x38 ..\obj\stm32f30x_tim.o
 .text.TIM_SelectOutputTrigger
                0x00000000       0x30 ..\obj\stm32f30x_tim.o
 .text.TIM_SelectOutputTrigger2
                0x00000000       0x2c ..\obj\stm32f30x_tim.o
 .text.TIM_SelectSlaveMode
                0x00000000       0x30 ..\obj\stm32f30x_tim.o
 .text.TIM_SelectMasterSlaveMode
                0x00000000       0x30 ..\obj\stm32f30x_tim.o
 .text.TIM_ETRConfig
                0x00000000       0x54 ..\obj\stm32f30x_tim.o
 .text.TIM_EncoderInterfaceConfig
                0x00000000       0x98 ..\obj\stm32f30x_tim.o
 .text.TIM_SelectHallSensor
                0x00000000       0x38 ..\obj\stm32f30x_tim.o
 .text.TIM_RemapConfig
                0x00000000       0x20 ..\obj\stm32f30x_tim.o
 .text.TI1_Config
                0x00000000       0x80 ..\obj\stm32f30x_tim.o
 .text.TI2_Config
                0x00000000       0x98 ..\obj\stm32f30x_tim.o
 .text.TI3_Config
                0x00000000       0x8c ..\obj\stm32f30x_tim.o
 .text.TI4_Config
                0x00000000       0x9c ..\obj\stm32f30x_tim.o
 .text          0x00000000       0x14 ..\obj\startup_stm32f30x.o
 .data          0x00000000        0x0 ..\obj\startup_stm32f30x.o
 .bss           0x00000000        0x0 ..\obj\startup_stm32f30x.o
 .data          0x00000000        0x0 d:/5.3 2016q1/bin/../lib/gcc/arm-none-eabi/5.3.1/armv7e-m\libgcc.a(_arm_addsubdf3.o)
 .bss           0x00000000        0x0 d:/5.3 2016q1/bin/../lib/gcc/arm-none-eabi/5.3.1/armv7e-m\libgcc.a(_arm_addsubdf3.o)
 .data          0x00000000        0x0 d:/5.3 2016q1/bin/../lib/gcc/arm-none-eabi/5.3.1/armv7e-m\libgcc.a(_arm_muldivdf3.o)
 .bss           0x00000000        0x0 d:/5.3 2016q1/bin/../lib/gcc/arm-none-eabi/5.3.1/armv7e-m\libgcc.a(_arm_muldivdf3.o)
 .data          0x00000000        0x0 d:/5.3 2016q1/bin/../lib/gcc/arm-none-eabi/5.3.1/armv7e-m\libgcc.a(_arm_cmpdf2.o)
 .bss           0x00000000        0x0 d:/5.3 2016q1/bin/../lib/gcc/arm-none-eabi/5.3.1/armv7e-m\libgcc.a(_arm_cmpdf2.o)

Memory Configuration

Name             Origin             Length             Attributes
rom              0x08000000         0x00040000         xr
ram              0x20000000         0x0000a000         xrw
ram1             0x10000000         0x00002000         xrw
*default*        0x00000000         0xffffffff

Linker script and memory map

                0x2000a000                _eram = 0x2000a000

.text           0x08000000     0x1840
 *(.isr_vector)
 .isr_vector    0x08000000      0x188 ..\obj\startup_stm32f30x.o
                0x08000000                g_pfnVectors
 *(.text*)
 .text.RCC_AHBPeriphClockCmd
                0x08000188       0x3c ..\obj\stm32f30x_rcc.o
                0x08000188                RCC_AHBPeriphClockCmd
 .text.RCC_APB2PeriphClockCmd
                0x080001c4       0x3c ..\obj\stm32f30x_rcc.o
                0x080001c4                RCC_APB2PeriphClockCmd
 .text.RCC_APB1PeriphClockCmd
                0x08000200       0x3c ..\obj\stm32f30x_rcc.o
                0x08000200                RCC_APB1PeriphClockCmd
 .text.GPIO_Init
                0x0800023c      0x12c ..\obj\stm32f30x_gpio.o
                0x0800023c                GPIO_Init
 .text.GPIO_SetBits
                0x08000368       0x1c ..\obj\stm32f30x_gpio.o
                0x08000368                GPIO_SetBits
 .text.GPIO_ResetBits
                0x08000384       0x1c ..\obj\stm32f30x_gpio.o
                0x08000384                GPIO_ResetBits
 .text.GPIO_Write
                0x080003a0       0x1c ..\obj\stm32f30x_gpio.o
                0x080003a0                GPIO_Write
 .text.GPIO_PinAFConfig
                0x080003bc       0x90 ..\obj\stm32f30x_gpio.o
                0x080003bc                GPIO_PinAFConfig
 .text.GPIO_INIT
                0x0800044c       0x9c ..\obj\main.o
                0x0800044c                GPIO_INIT
 .text.SPI_INIT
                0x080004e8       0x64 ..\obj\main.o
                0x080004e8                SPI_INIT
 .text.writeData
                0x0800054c       0x3c ..\obj\main.o
                0x0800054c                writeData
 .text.sendByte
                0x08000588       0x48 ..\obj\main.o
                0x08000588                sendByte
 .text.TIM_INIT
                0x080005d0       0x44 ..\obj\main.o
                0x080005d0                TIM_INIT
 .text.NVIC_INIT
                0x08000614       0x28 ..\obj\main.o
                0x08000614                NVIC_INIT
 *fill*         0x0800063c        0x4 
 .text.TIM7_IRQHandler
                0x08000640      0x30c ..\obj\main.o
                0x08000640                TIM7_IRQHandler
 .text.main     0x0800094c       0x38 ..\obj\main.o
                0x0800094c                main
 .text.SPI_Init
                0x08000984      0x114 ..\obj\stm32f30x_spi.o
                0x08000984                SPI_Init
 .text.SPI_Cmd  0x08000a98       0x40 ..\obj\stm32f30x_spi.o
                0x08000a98                SPI_Cmd
 .text.SPI_RxFIFOThresholdConfig
                0x08000ad8       0x38 ..\obj\stm32f30x_spi.o
                0x08000ad8                SPI_RxFIFOThresholdConfig
 .text.SPI_SendData8
                0x08000b10       0x2c ..\obj\stm32f30x_spi.o
                0x08000b10                SPI_SendData8
 .text.SPI_ReceiveData8
                0x08000b3c       0x28 ..\obj\stm32f30x_spi.o
                0x08000b3c                SPI_ReceiveData8
 .text.SPI_I2S_GetFlagStatus
                0x08000b64       0x38 ..\obj\stm32f30x_spi.o
                0x08000b64                SPI_I2S_GetFlagStatus
 .text.SystemInit1
                0x08000b9c       0x84 ..\obj\system_stm32f30x_temp.o
                0x08000b9c                SystemInit
                0x08000b9c                SystemInit1
 .text.SetSysClock1
                0x08000c20       0xe0 ..\obj\system_stm32f30x_temp.o
                0x08000c20                SetSysClock
 .text.NVIC_Init
                0x08000d00       0xc4 ..\obj\stm32f30x_misc.o
                0x08000d00                NVIC_Init
 .text.TIM_TimeBaseInit
                0x08000dc4       0xec ..\obj\stm32f30x_tim.o
                0x08000dc4                TIM_TimeBaseInit
 .text.TIM_Cmd  0x08000eb0       0x40 ..\obj\stm32f30x_tim.o
                0x08000eb0                TIM_Cmd
 .text.TIM_ITConfig
                0x08000ef0       0x40 ..\obj\stm32f30x_tim.o
                0x08000ef0                TIM_ITConfig
 .text.TIM_ClearITPendingBit
                0x08000f30       0x24 ..\obj\stm32f30x_tim.o
                0x08000f30                TIM_ClearITPendingBit
 .text.Reset_Handler
                0x08000f54       0x44 ..\obj\startup_stm32f30x.o
                0x08000f54                Reset_Handler
 .text.Default_Handler
                0x08000f98        0x2 ..\obj\startup_stm32f30x.o
                0x08000f98                RTC_Alarm_IRQHandler
                0x08000f98                TIM8_TRG_COM_IRQHandler
                0x08000f98                TIM8_CC_IRQHandler
                0x08000f98                DebugMon_Handler
                0x08000f98                TIM1_CC_IRQHandler
                0x08000f98                HardFault_Handler
                0x08000f98                USB_HP_IRQHandler
                0x08000f98                SysTick_Handler
                0x08000f98                PVD_IRQHandler
                0x08000f98                PendSV_Handler
                0x08000f98                NMI_Handler
                0x08000f98                EXTI3_IRQHandler
                0x08000f98                EXTI0_IRQHandler
                0x08000f98                I2C2_EV_IRQHandler
                0x08000f98                FPU_IRQHandler
                0x08000f98                EXTI2_TS_IRQHandler
                0x08000f98                TIM1_UP_TIM16_IRQHandler
                0x08000f98                UsageFault_Handler
                0x08000f98                ADC1_2_IRQHandler
                0x08000f98                SPI1_IRQHandler
                0x08000f98                TIM6_DAC_IRQHandler
                0x08000f98                TIM8_UP_IRQHandler
                0x08000f98                DMA2_Channel2_IRQHandler
                0x08000f98                DMA1_Channel4_IRQHandler
                0x08000f98                USART3_IRQHandler
                0x08000f98                DMA1_Channel7_IRQHandler
                0x08000f98                CAN1_RX1_IRQHandler
                0x08000f98                UART5_IRQHandler
                0x08000f98                ADC3_IRQHandler
                0x08000f98                TIM4_IRQHandler
                0x08000f98                DMA2_Channel1_IRQHandler
                0x08000f98                I2C1_EV_IRQHandler
                0x08000f98                DMA1_Channel6_IRQHandler
                0x08000f98                UART4_IRQHandler
                0x08000f98                DMA2_Channel4_IRQHandler
                0x08000f98                TIM3_IRQHandler
                0x08000f98                RCC_IRQHandler
                0x08000f98                DMA1_Channel1_IRQHandler
                0x08000f98                Default_Handler
                0x08000f98                USBWakeUp_RMP_IRQHandler
                0x08000f98                EXTI15_10_IRQHandler
                0x08000f98                EXTI9_5_IRQHandler
                0x08000f98                TAMPER_STAMP_IRQHandler
                0x08000f98                RTC_WKUP_IRQHandler
                0x08000f98                SPI2_IRQHandler
                0x08000f98                MemManage_Handler
                0x08000f98                SVC_Handler
                0x08000f98                DMA2_Channel5_IRQHandler
                0x08000f98                DMA1_Channel5_IRQHandler
                0x08000f98                USB_LP_IRQHandler
                0x08000f98                EXTI4_IRQHandler
                0x08000f98                USB_LP_CAN1_RX0_IRQHandler
                0x08000f98                TIM1_TRG_COM_TIM17_IRQHandler
                0x08000f98                USB_HP_CAN1_TX_IRQHandler
                0x08000f98                DMA1_Channel3_IRQHandler
                0x08000f98                ADC4_IRQHandler
                0x08000f98                WWDG_IRQHandler
                0x08000f98                TIM2_IRQHandler
                0x08000f98                COMP7_IRQHandler
                0x08000f98                COMP1_2_3_IRQHandler
                0x08000f98                EXTI1_IRQHandler
                0x08000f98                USART2_IRQHandler
                0x08000f98                COMP4_5_6_IRQHandler
                0x08000f98                I2C2_ER_IRQHandler
                0x08000f98                DMA1_Channel2_IRQHandler
                0x08000f98                TIM8_BRK_IRQHandler
                0x08000f98                CAN1_SCE_IRQHandler
                0x08000f98                FLASH_IRQHandler
                0x08000f98                BusFault_Handler
                0x08000f98                USART1_IRQHandler
                0x08000f98                SPI3_IRQHandler
                0x08000f98                I2C1_ER_IRQHandler
                0x08000f98                USBWakeUp_IRQHandler
                0x08000f98                DMA2_Channel3_IRQHandler
                0x08000f98                TIM1_BRK_TIM15_IRQHandler
 *fill*         0x08000f9a        0x2 
 .text          0x08000f9c      0x370 d:/5.3 2016q1/bin/../lib/gcc/arm-none-eabi/5.3.1/armv7e-m\libgcc.a(_arm_addsubdf3.o)
                0x08000f9c                __aeabi_drsub
                0x08000fa4                __aeabi_dsub
                0x08000fa4                __subdf3
                0x08000fa8                __aeabi_dadd
                0x08000fa8                __adddf3
                0x08001220                __floatunsidf
                0x08001220                __aeabi_ui2d
                0x08001240                __floatsidf
                0x08001240                __aeabi_i2d
                0x08001264                __aeabi_f2d
                0x08001264                __extendsfdf2
                0x080012a0                __floatundidf
                0x080012a0                __aeabi_ul2d
                0x080012b0                __floatdidf
                0x080012b0                __aeabi_l2d
 .text          0x0800130c      0x424 d:/5.3 2016q1/bin/../lib/gcc/arm-none-eabi/5.3.1/armv7e-m\libgcc.a(_arm_muldivdf3.o)
                0x0800130c                __aeabi_dmul
                0x0800130c                __muldf3
                0x08001560                __divdf3
                0x08001560                __aeabi_ddiv
 .text          0x08001730      0x110 d:/5.3 2016q1/bin/../lib/gcc/arm-none-eabi/5.3.1/armv7e-m\libgcc.a(_arm_cmpdf2.o)
                0x08001730                __gtdf2
                0x08001730                __gedf2
                0x08001738                __ltdf2
                0x08001738                __ledf2
                0x08001740                __nedf2
                0x08001740                __eqdf2
                0x08001740                __cmpdf2
                0x080017bc                __aeabi_cdrcmple
                0x080017cc                __aeabi_cdcmpeq
                0x080017cc                __aeabi_cdcmple
                0x080017dc                __aeabi_dcmpeq
                0x080017f0                __aeabi_dcmplt
                0x08001804                __aeabi_dcmple
                0x08001818                __aeabi_dcmpge
                0x0800182c                __aeabi_dcmpgt
 *(.init)
 *(.fini)
 *crtbegin.o(.ctors)
 *crtbegin?.o(.ctors)
 *(EXCLUDE_FILE(*crtend.o *crtend?.o) .ctors)
 *(SORT(.ctors.*))
 *(.ctors)
 *crtbegin.o(.dtors)
 *crtbegin?.o(.dtors)
 *(EXCLUDE_FILE(*crtend.o *crtend?.o) .dtors)
 *(SORT(.dtors.*))
 *(.dtors)
 *(.rodata*)
 *(.eh_fram e*)

.glue_7         0x08001840        0x0
 .glue_7        0x08001840        0x0 linker stubs

.glue_7t        0x08001840        0x0
 .glue_7t       0x08001840        0x0 linker stubs

.vfp11_veneer   0x08001840        0x0
 .vfp11_veneer  0x08001840        0x0 linker stubs

.v4_bx          0x08001840        0x0
 .v4_bx         0x08001840        0x0 linker stubs

.iplt           0x08001840        0x0
 .iplt          0x08001840        0x0 ..\obj\stm32f30x_rcc.o

.rel.dyn        0x08001840        0x0
 .rel.iplt      0x08001840        0x0 ..\obj\stm32f30x_rcc.o

.ARM.extab
 *(.ARM.extab* .gnu.linkonce.armextab.*)
                0x08001840                __exidx_start = .

.ARM.exidx
 *(.ARM.exidx* .gnu.linkonce.armexidx.*)
                0x08001840                __exidx_end = .
                0x08001840                __etext = .
                0x08001840                _sidata = __etext

.data           0x20000000        0x0 load address 0x08001840
                0x20000000                __data_start__ = .
                0x20000000                _sdata = __data_start__
 *(vtable)
 *(.data*)
                0x20000000                . = ALIGN (0x4)
                [!provide]                PROVIDE (__preinit_array_start, .)
 *(.preinit_array)
                [!provide]                PROVIDE (__preinit_array_end, .)
                0x20000000                . = ALIGN (0x4)
                [!provide]                PROVIDE (__init_array_start, .)
 *(SORT(.init_array.*))
 *(.init_array)
                [!provide]                PROVIDE (__init_array_end, .)
                0x20000000                . = ALIGN (0x4)
                [!provide]                PROVIDE (__fini_array_start, .)
 *(SORT(.fini_array.*))
 *(.fini_array)
                [!provide]                PROVIDE (__fini_array_end, .)
 *(.jcr*)
                0x20000000                . = ALIGN (0x4)
                0x20000000                __data_end__ = .
                0x20000000                _edata = __data_end__

.igot.plt       0x20000000        0x0
 .igot.plt      0x20000000        0x0 ..\obj\stm32f30x_rcc.o

.bss            0x20000000       0x18
                0x20000000                . = ALIGN (0x4)
                0x20000000                __bss_start__ = .
                0x20000000                _sbss = __bss_start__
 *(.bss*)
 *(COMMON)
 COMMON         0x20000000       0x16 ..\obj\main.o
                0x20000000                receiveData
                0x20000008                xPosition
                0x20000010                xSign
                0x20000011                sendData
                0x20000012                tempByte
                0x20000014                xResult
                0x20000018                . = ALIGN (0x4)
 *fill*         0x20000016        0x2 
                0x20000018                __bss_end__ = .
                0x20000018                _ebss = __bss_end__

.heap           0x20000018        0x0
                0x20000018                __end__ = .
                0x20000018                _end = __end__
                0x20000018                end = __end__
 *(.heap*)
                0x20000018                __HeapLimit = .

.co_stack       0x20000018        0x0
                0x20000018                . = ALIGN (0x8)
 *(.co_stack .co_stack.*)
                0x2000a000                __StackTop = (ORIGIN (ram) + LENGTH (ram))
                0x2000a000                __StackLimit = (__StackTop - SIZEOF (.co_stack))
                [!provide]                PROVIDE (__stack, __StackTop)
                0x00000001                ASSERT ((__StackLimit >= __HeapLimit), region ram  overflowed with stack)
LOAD ..\obj\stm32f30x_rcc.o
LOAD ..\obj\stm32f30x_gpio.o
LOAD ..\obj\main.o
LOAD ..\obj\stm32f30x_spi.o
LOAD ..\obj\system_stm32f30x_temp.o
LOAD ..\obj\stm32f30x_misc.o
LOAD ..\obj\stm32f30x_tim.o
LOAD ..\obj\startup_stm32f30x.o
START GROUP
LOAD d:/5.3 2016q1/bin/../lib/gcc/arm-none-eabi/5.3.1/armv7e-m\libgcc.a
LOAD d:/5.3 2016q1/bin/../lib/gcc/arm-none-eabi/5.3.1/../../../../arm-none-eabi/lib/armv7e-m\libg.a
LOAD d:/5.3 2016q1/bin/../lib/gcc/arm-none-eabi/5.3.1/../../../../arm-none-eabi/lib/armv7e-m\libc.a
END GROUP
OUTPUT(GyroScope.elf elf32-littlearm)

.debug_info     0x00000000     0x5282
 .debug_info    0x00000000      0xacc ..\obj\stm32f30x_rcc.o
 .debug_info    0x00000acc      0x612 ..\obj\stm32f30x_gpio.o
 .debug_info    0x000010de      0x9f4 ..\obj\main.o
 .debug_info    0x00001ad2      0xb7a ..\obj\stm32f30x_spi.o
 .debug_info    0x0000264c      0x4bb ..\obj\system_stm32f30x_temp.o
 .debug_info    0x00002b07      0x556 ..\obj\stm32f30x_misc.o
 .debug_info    0x0000305d     0x218c ..\obj\stm32f30x_tim.o
 .debug_info    0x000051e9       0x99 ..\obj\startup_stm32f30x.o

.debug_abbrev   0x00000000      0xadd
 .debug_abbrev  0x00000000      0x1e5 ..\obj\stm32f30x_rcc.o
 .debug_abbrev  0x000001e5      0x198 ..\obj\stm32f30x_gpio.o
 .debug_abbrev  0x0000037d      0x1ac ..\obj\main.o
 .debug_abbrev  0x00000529      0x18b ..\obj\stm32f30x_spi.o
 .debug_abbrev  0x000006b4      0x147 ..\obj\system_stm32f30x_temp.o
 .debug_abbrev  0x000007fb      0x147 ..\obj\stm32f30x_misc.o
 .debug_abbrev  0x00000942      0x189 ..\obj\stm32f30x_tim.o
 .debug_abbrev  0x00000acb       0x12 ..\obj\startup_stm32f30x.o

.debug_aranges  0x00000000      0x780
 .debug_aranges
                0x00000000      0x150 ..\obj\stm32f30x_rcc.o
 .debug_aranges
                0x00000150       0x80 ..\obj\stm32f30x_gpio.o
 .debug_aranges
                0x000001d0       0x58 ..\obj\main.o
 .debug_aranges
                0x00000228      0x118 ..\obj\stm32f30x_spi.o
 .debug_aranges
                0x00000340       0x30 ..\obj\system_stm32f30x_temp.o
 .debug_aranges
                0x00000370       0x40 ..\obj\stm32f30x_misc.o
 .debug_aranges
                0x000003b0      0x3a8 ..\obj\stm32f30x_tim.o
 .debug_aranges
                0x00000758       0x28 ..\obj\startup_stm32f30x.o

.debug_ranges   0x00000000      0x708
 .debug_ranges  0x00000000      0x140 ..\obj\stm32f30x_rcc.o
 .debug_ranges  0x00000140       0x70 ..\obj\stm32f30x_gpio.o
 .debug_ranges  0x000001b0       0x48 ..\obj\main.o
 .debug_ranges  0x000001f8      0x108 ..\obj\stm32f30x_spi.o
 .debug_ranges  0x00000300       0x20 ..\obj\system_stm32f30x_temp.o
 .debug_ranges  0x00000320       0x30 ..\obj\stm32f30x_misc.o
 .debug_ranges  0x00000350      0x398 ..\obj\stm32f30x_tim.o
 .debug_ranges  0x000006e8       0x20 ..\obj\startup_stm32f30x.o

.debug_line     0x00000000     0x1fe1
 .debug_line    0x00000000      0x53a ..\obj\stm32f30x_rcc.o
 .debug_line    0x0000053a      0x2d5 ..\obj\stm32f30x_gpio.o
 .debug_line    0x0000080f      0x2c6 ..\obj\main.o
 .debug_line    0x00000ad5      0x49e ..\obj\stm32f30x_spi.o
 .debug_line    0x00000f73      0x19b ..\obj\system_stm32f30x_temp.o
 .debug_line    0x0000110e      0x1f0 ..\obj\stm32f30x_misc.o
 .debug_line    0x000012fe      0xc44 ..\obj\stm32f30x_tim.o
 .debug_line    0x00001f42       0x9f ..\obj\startup_stm32f30x.o

.debug_str      0x00000000     0x246b
 .debug_str     0x00000000      0x75d ..\obj\stm32f30x_rcc.o
                                0x7f3 (size before relaxing)
 .debug_str     0x0000075d      0x323 ..\obj\stm32f30x_gpio.o
                                0x49e (size before relaxing)
 .debug_str     0x00000a80      0x75e ..\obj\main.o
                                0xa95 (size before relaxing)
 .debug_str     0x000011de      0x3c5 ..\obj\stm32f30x_spi.o
                                0x7c6 (size before relaxing)
 .debug_str     0x000015a3       0xf8 ..\obj\system_stm32f30x_temp.o
                                0x309 (size before relaxing)
 .debug_str     0x0000169b      0x160 ..\obj\stm32f30x_misc.o
                                0x3cd (size before relaxing)
 .debug_str     0x000017fb      0xc70 ..\obj\stm32f30x_tim.o
                                0xf76 (size before relaxing)

.comment        0x00000000       0x6e
 .comment       0x00000000       0x6e ..\obj\stm32f30x_rcc.o
                                 0x6f (size before relaxing)
 .comment       0x0000006e       0x6f ..\obj\stm32f30x_gpio.o
 .comment       0x0000006e       0x6f ..\obj\main.o
 .comment       0x0000006e       0x6f ..\obj\stm32f30x_spi.o
 .comment       0x0000006e       0x6f ..\obj\system_stm32f30x_temp.o
 .comment       0x0000006e       0x6f ..\obj\stm32f30x_misc.o
 .comment       0x0000006e       0x6f ..\obj\stm32f30x_tim.o

.ARM.attributes
                0x00000000       0x31
 .ARM.attributes
                0x00000000       0x33 ..\obj\stm32f30x_rcc.o
 .ARM.attributes
                0x00000033       0x33 ..\obj\stm32f30x_gpio.o
 .ARM.attributes
                0x00000066       0x33 ..\obj\main.o
 .ARM.attributes
                0x00000099       0x33 ..\obj\stm32f30x_spi.o
 .ARM.attributes
                0x000000cc       0x33 ..\obj\system_stm32f30x_temp.o
 .ARM.attributes
                0x000000ff       0x33 ..\obj\stm32f30x_misc.o
 .ARM.attributes
                0x00000132       0x33 ..\obj\stm32f30x_tim.o
 .ARM.attributes
                0x00000165       0x21 ..\obj\startup_stm32f30x.o
 .ARM.attributes
                0x00000186       0x1e d:/5.3 2016q1/bin/../lib/gcc/arm-none-eabi/5.3.1/armv7e-m\libgcc.a(_arm_addsubdf3.o)
 .ARM.attributes
                0x000001a4       0x1e d:/5.3 2016q1/bin/../lib/gcc/arm-none-eabi/5.3.1/armv7e-m\libgcc.a(_arm_muldivdf3.o)
 .ARM.attributes
                0x000001c2       0x1e d:/5.3 2016q1/bin/../lib/gcc/arm-none-eabi/5.3.1/armv7e-m\libgcc.a(_arm_cmpdf2.o)

.debug_frame    0x00000000     0x2168
 .debug_frame   0x00000000      0x60c ..\obj\stm32f30x_rcc.o
 .debug_frame   0x0000060c      0x214 ..\obj\stm32f30x_gpio.o
 .debug_frame   0x00000820      0x128 ..\obj\main.o
 .debug_frame   0x00000948      0x508 ..\obj\stm32f30x_spi.o
 .debug_frame   0x00000e50       0x7c ..\obj\system_stm32f30x_temp.o
 .debug_frame   0x00000ecc       0xd8 ..\obj\stm32f30x_misc.o
 .debug_frame   0x00000fa4     0x11c4 ..\obj\stm32f30x_tim.o
