Archive member included to satisfy reference by file (symbol)

d:/5.3 2016q1/bin/../lib/gcc/arm-none-eabi/5.3.1/armv7e-m\libgcc.a(_arm_addsubdf3.o)
                              ..\obj\main.o (__aeabi_ui2d)
d:/5.3 2016q1/bin/../lib/gcc/arm-none-eabi/5.3.1/armv7e-m\libgcc.a(_arm_muldivdf3.o)
                              ..\obj\main.o (__aeabi_dmul)
d:/5.3 2016q1/bin/../lib/gcc/arm-none-eabi/5.3.1/armv7e-m\libgcc.a(_arm_fixunsdfsi.o)
                              ..\obj\main.o (__aeabi_d2uiz)

Discarded input sections

 .text          0x00000000        0x0 ..\obj\stm32f30x_rcc.o
 .data          0x00000000       0x2a ..\obj\stm32f30x_rcc.o
 .bss           0x00000000        0x0 ..\obj\stm32f30x_rcc.o
 .text.RCC_DeInit
                0x00000000       0x7c ..\obj\stm32f30x_rcc.o
 .text.RCC_HSEConfig
                0x00000000       0x24 ..\obj\stm32f30x_rcc.o
 .text.RCC_WaitForHSEStartUp
                0x00000000       0x50 ..\obj\stm32f30x_rcc.o
 .text.RCC_AdjustHSICalibrationValue
                0x00000000       0x3c ..\obj\stm32f30x_rcc.o
 .text.RCC_HSICmd
                0x00000000       0x20 ..\obj\stm32f30x_rcc.o
 .text.RCC_LSEConfig
                0x00000000       0x3c ..\obj\stm32f30x_rcc.o
 .text.RCC_LSEDriveConfig
                0x00000000       0x30 ..\obj\stm32f30x_rcc.o
 .text.RCC_LSICmd
                0x00000000       0x20 ..\obj\stm32f30x_rcc.o
 .text.RCC_PLLConfig
                0x00000000       0x34 ..\obj\stm32f30x_rcc.o
 .text.RCC_PLLCmd
                0x00000000       0x20 ..\obj\stm32f30x_rcc.o
 .text.RCC_PREDIV1Config
                0x00000000       0x38 ..\obj\stm32f30x_rcc.o
 .text.RCC_ClockSecuritySystemCmd
                0x00000000       0x20 ..\obj\stm32f30x_rcc.o
 .text.RCC_MCOConfig
                0x00000000       0x20 ..\obj\stm32f30x_rcc.o
 .text.RCC_SYSCLKConfig
                0x00000000       0x38 ..\obj\stm32f30x_rcc.o
 .text.RCC_GetSYSCLKSource
                0x00000000       0x1c ..\obj\stm32f30x_rcc.o
 .text.RCC_HCLKConfig
                0x00000000       0x38 ..\obj\stm32f30x_rcc.o
 .text.RCC_PCLK1Config
                0x00000000       0x38 ..\obj\stm32f30x_rcc.o
 .text.RCC_PCLK2Config
                0x00000000       0x38 ..\obj\stm32f30x_rcc.o
 .text.RCC_GetClocksFreq
                0x00000000      0x414 ..\obj\stm32f30x_rcc.o
 .text.RCC_ADCCLKConfig
                0x00000000       0x4c ..\obj\stm32f30x_rcc.o
 .text.RCC_I2CCLKConfig
                0x00000000       0x4c ..\obj\stm32f30x_rcc.o
 .text.RCC_TIMCLKConfig
                0x00000000       0x4c ..\obj\stm32f30x_rcc.o
 .text.RCC_USARTCLKConfig
                0x00000000       0x98 ..\obj\stm32f30x_rcc.o
 .text.RCC_USBCLKConfig
                0x00000000       0x1c ..\obj\stm32f30x_rcc.o
 .text.RCC_RTCCLKConfig
                0x00000000       0x24 ..\obj\stm32f30x_rcc.o
 .text.RCC_I2SCLKConfig
                0x00000000       0x1c ..\obj\stm32f30x_rcc.o
 .text.RCC_RTCCLKCmd
                0x00000000       0x20 ..\obj\stm32f30x_rcc.o
 .text.RCC_BackupResetCmd
                0x00000000       0x20 ..\obj\stm32f30x_rcc.o
 .text.RCC_AHBPeriphResetCmd
                0x00000000       0x3c ..\obj\stm32f30x_rcc.o
 .text.RCC_APB2PeriphResetCmd
                0x00000000       0x3c ..\obj\stm32f30x_rcc.o
 .text.RCC_APB1PeriphResetCmd
                0x00000000       0x3c ..\obj\stm32f30x_rcc.o
 .text.RCC_ITConfig
                0x00000000       0x4c ..\obj\stm32f30x_rcc.o
 .text.RCC_GetFlagStatus
                0x00000000       0x80 ..\obj\stm32f30x_rcc.o
 .text.RCC_ClearFlag
                0x00000000       0x1c ..\obj\stm32f30x_rcc.o
 .text.RCC_GetITStatus
                0x00000000       0x34 ..\obj\stm32f30x_rcc.o
 .text.RCC_ClearITPendingBit
                0x00000000       0x20 ..\obj\stm32f30x_rcc.o
 .text          0x00000000        0x0 ..\obj\stm32f30x_gpio.o
 .data          0x00000000        0x0 ..\obj\stm32f30x_gpio.o
 .bss           0x00000000        0x0 ..\obj\stm32f30x_gpio.o
 .text.GPIO_DeInit
                0x00000000       0xd8 ..\obj\stm32f30x_gpio.o
 .text.GPIO_StructInit
                0x00000000       0x34 ..\obj\stm32f30x_gpio.o
 .text.GPIO_PinLockConfig
                0x00000000       0x44 ..\obj\stm32f30x_gpio.o
 .text.GPIO_ReadInputDataBit
                0x00000000       0x38 ..\obj\stm32f30x_gpio.o
 .text.GPIO_ReadInputData
                0x00000000       0x18 ..\obj\stm32f30x_gpio.o
 .text.GPIO_ReadOutputDataBit
                0x00000000       0x38 ..\obj\stm32f30x_gpio.o
 .text.GPIO_ReadOutputData
                0x00000000       0x18 ..\obj\stm32f30x_gpio.o
 .text.GPIO_SetBits
                0x00000000       0x1c ..\obj\stm32f30x_gpio.o
 .text.GPIO_ResetBits
                0x00000000       0x1c ..\obj\stm32f30x_gpio.o
 .text.GPIO_WriteBit
                0x00000000       0x30 ..\obj\stm32f30x_gpio.o
 .text.GPIO_Write
                0x00000000       0x1c ..\obj\stm32f30x_gpio.o
 .text          0x00000000        0x0 ..\obj\main.o
 .data          0x00000000        0x0 ..\obj\main.o
 .bss           0x00000000        0x0 ..\obj\main.o
 .text          0x00000000        0x0 ..\obj\stm32f30x_spi.o
 .data          0x00000000        0x0 ..\obj\stm32f30x_spi.o
 .bss           0x00000000        0x0 ..\obj\stm32f30x_spi.o
 .text.SPI_I2S_DeInit
                0x00000000       0x74 ..\obj\stm32f30x_spi.o
 .text.SPI_StructInit
                0x00000000       0x4c ..\obj\stm32f30x_spi.o
 .text.I2S_StructInit
                0x00000000       0x38 ..\obj\stm32f30x_spi.o
 .text.I2S_Init
                0x00000000      0x17c ..\obj\stm32f30x_spi.o
 .text.SPI_TIModeCmd
                0x00000000       0x40 ..\obj\stm32f30x_spi.o
 .text.I2S_Cmd  0x00000000       0x40 ..\obj\stm32f30x_spi.o
 .text.SPI_DataSizeConfig
                0x00000000       0x38 ..\obj\stm32f30x_spi.o
 .text.SPI_BiDirectionalLineConfig
                0x00000000       0x40 ..\obj\stm32f30x_spi.o
 .text.I2S_FullDuplexConfig
                0x00000000       0x9c ..\obj\stm32f30x_spi.o
 .text.SPI_SSOutputCmd
                0x00000000       0x40 ..\obj\stm32f30x_spi.o
 .text.SPI_NSSPulseModeCmd
                0x00000000       0x40 ..\obj\stm32f30x_spi.o
 .text.SPI_I2S_SendData16
                0x00000000       0x1c ..\obj\stm32f30x_spi.o
 .text.SPI_I2S_ReceiveData16
                0x00000000       0x18 ..\obj\stm32f30x_spi.o
 .text.SPI_CRCLengthConfig
                0x00000000       0x38 ..\obj\stm32f30x_spi.o
 .text.SPI_CalculateCRC
                0x00000000       0x40 ..\obj\stm32f30x_spi.o
 .text.SPI_TransmitCRC
                0x00000000       0x24 ..\obj\stm32f30x_spi.o
 .text.SPI_GetCRC
                0x00000000       0x30 ..\obj\stm32f30x_spi.o
 .text.SPI_GetCRCPolynomial
                0x00000000       0x18 ..\obj\stm32f30x_spi.o
 .text.SPI_I2S_DMACmd
                0x00000000       0x48 ..\obj\stm32f30x_spi.o
 .text.SPI_LastDMATransferCmd
                0x00000000       0x38 ..\obj\stm32f30x_spi.o
 .text.SPI_GetTransmissionFIFOStatus
                0x00000000       0x20 ..\obj\stm32f30x_spi.o
 .text.SPI_GetReceptionFIFOStatus
                0x00000000       0x20 ..\obj\stm32f30x_spi.o
 .text.SPI_I2S_GetFlagStatus
                0x00000000       0x38 ..\obj\stm32f30x_spi.o
 .text.SPI_I2S_ClearFlag
                0x00000000       0x20 ..\obj\stm32f30x_spi.o
 .text.SPI_I2S_GetITStatus
                0x00000000       0x74 ..\obj\stm32f30x_spi.o
 .text          0x00000000        0x0 ..\obj\system_stm32f30x_temp.o
 .data          0x00000000       0x14 ..\obj\system_stm32f30x_temp.o
 .bss           0x00000000        0x0 ..\obj\system_stm32f30x_temp.o
 .text.SystemCoreClockUpdate1
                0x00000000       0xd4 ..\obj\system_stm32f30x_temp.o
 .text          0x00000000       0x14 ..\obj\startup_stm32f30x.o
 .data          0x00000000        0x0 ..\obj\startup_stm32f30x.o
 .bss           0x00000000        0x0 ..\obj\startup_stm32f30x.o
 .data          0x00000000        0x0 d:/5.3 2016q1/bin/../lib/gcc/arm-none-eabi/5.3.1/armv7e-m\libgcc.a(_arm_addsubdf3.o)
 .bss           0x00000000        0x0 d:/5.3 2016q1/bin/../lib/gcc/arm-none-eabi/5.3.1/armv7e-m\libgcc.a(_arm_addsubdf3.o)
 .data          0x00000000        0x0 d:/5.3 2016q1/bin/../lib/gcc/arm-none-eabi/5.3.1/armv7e-m\libgcc.a(_arm_muldivdf3.o)
 .bss           0x00000000        0x0 d:/5.3 2016q1/bin/../lib/gcc/arm-none-eabi/5.3.1/armv7e-m\libgcc.a(_arm_muldivdf3.o)
 .data          0x00000000        0x0 d:/5.3 2016q1/bin/../lib/gcc/arm-none-eabi/5.3.1/armv7e-m\libgcc.a(_arm_fixunsdfsi.o)
 .bss           0x00000000        0x0 d:/5.3 2016q1/bin/../lib/gcc/arm-none-eabi/5.3.1/armv7e-m\libgcc.a(_arm_fixunsdfsi.o)

Memory Configuration

Name             Origin             Length             Attributes
rom              0x08000000         0x00040000         xr
ram              0x20000000         0x0000a000         xrw
ram1             0x10000000         0x00002000         xrw
*default*        0x00000000         0xffffffff

Linker script and memory map

                0x2000a000                _eram = 0x2000a000

.text           0x08000000     0x12d4
 *(.isr_vector)
 .isr_vector    0x08000000      0x188 ..\obj\startup_stm32f30x.o
                0x08000000                g_pfnVectors
 *(.text*)
 .text.RCC_AHBPeriphClockCmd
                0x08000188       0x3c ..\obj\stm32f30x_rcc.o
                0x08000188                RCC_AHBPeriphClockCmd
 .text.RCC_APB2PeriphClockCmd
                0x080001c4       0x3c ..\obj\stm32f30x_rcc.o
                0x080001c4                RCC_APB2PeriphClockCmd
 .text.RCC_APB1PeriphClockCmd
                0x08000200       0x3c ..\obj\stm32f30x_rcc.o
                0x08000200                RCC_APB1PeriphClockCmd
 .text.GPIO_Init
                0x0800023c      0x12c ..\obj\stm32f30x_gpio.o
                0x0800023c                GPIO_Init
 .text.GPIO_PinAFConfig
                0x08000368       0x90 ..\obj\stm32f30x_gpio.o
                0x08000368                GPIO_PinAFConfig
 .text.NVIC_EnableIRQ
                0x080003f8       0x30 ..\obj\main.o
 .text._delay   0x08000428       0x50 ..\obj\main.o
                0x08000428                _delay
 .text.SPI2_IRQHandler
                0x08000478       0x28 ..\obj\main.o
                0x08000478                SPI2_IRQHandler
 .text.GPIO_INIT
                0x080004a0       0xe8 ..\obj\main.o
                0x080004a0                GPIO_INIT
 .text.SPI_INIT
                0x08000588       0xc4 ..\obj\main.o
                0x08000588                SPI_INIT
 .text.main     0x0800064c       0x84 ..\obj\main.o
                0x0800064c                main
 .text.SPI_Init
                0x080006d0      0x114 ..\obj\stm32f30x_spi.o
                0x080006d0                SPI_Init
 .text.SPI_Cmd  0x080007e4       0x40 ..\obj\stm32f30x_spi.o
                0x080007e4                SPI_Cmd
 .text.SPI_RxFIFOThresholdConfig
                0x08000824       0x38 ..\obj\stm32f30x_spi.o
                0x08000824                SPI_RxFIFOThresholdConfig
 .text.SPI_NSSInternalSoftwareConfig
                0x0800085c       0x44 ..\obj\stm32f30x_spi.o
                0x0800085c                SPI_NSSInternalSoftwareConfig
 .text.SPI_SendData8
                0x080008a0       0x2c ..\obj\stm32f30x_spi.o
                0x080008a0                SPI_SendData8
 .text.SPI_ReceiveData8
                0x080008cc       0x28 ..\obj\stm32f30x_spi.o
                0x080008cc                SPI_ReceiveData8
 .text.SPI_I2S_ITConfig
                0x080008f4       0x60 ..\obj\stm32f30x_spi.o
                0x080008f4                SPI_I2S_ITConfig
 .text.SystemInit1
                0x08000954       0x84 ..\obj\system_stm32f30x_temp.o
                0x08000954                SystemInit
                0x08000954                SystemInit1
 .text.SetSysClock1
                0x080009d8       0xe0 ..\obj\system_stm32f30x_temp.o
                0x080009d8                SetSysClock
 .text.Reset_Handler
                0x08000ab8       0x44 ..\obj\startup_stm32f30x.o
                0x08000ab8                Reset_Handler
 .text.Default_Handler
                0x08000afc        0x2 ..\obj\startup_stm32f30x.o
                0x08000afc                RTC_Alarm_IRQHandler
                0x08000afc                TIM8_TRG_COM_IRQHandler
                0x08000afc                TIM8_CC_IRQHandler
                0x08000afc                DebugMon_Handler
                0x08000afc                TIM1_CC_IRQHandler
                0x08000afc                HardFault_Handler
                0x08000afc                USB_HP_IRQHandler
                0x08000afc                SysTick_Handler
                0x08000afc                PVD_IRQHandler
                0x08000afc                PendSV_Handler
                0x08000afc                NMI_Handler
                0x08000afc                EXTI3_IRQHandler
                0x08000afc                EXTI0_IRQHandler
                0x08000afc                I2C2_EV_IRQHandler
                0x08000afc                FPU_IRQHandler
                0x08000afc                EXTI2_TS_IRQHandler
                0x08000afc                TIM1_UP_TIM16_IRQHandler
                0x08000afc                UsageFault_Handler
                0x08000afc                ADC1_2_IRQHandler
                0x08000afc                SPI1_IRQHandler
                0x08000afc                TIM6_DAC_IRQHandler
                0x08000afc                TIM8_UP_IRQHandler
                0x08000afc                DMA2_Channel2_IRQHandler
                0x08000afc                DMA1_Channel4_IRQHandler
                0x08000afc                USART3_IRQHandler
                0x08000afc                DMA1_Channel7_IRQHandler
                0x08000afc                CAN1_RX1_IRQHandler
                0x08000afc                UART5_IRQHandler
                0x08000afc                ADC3_IRQHandler
                0x08000afc                TIM4_IRQHandler
                0x08000afc                DMA2_Channel1_IRQHandler
                0x08000afc                I2C1_EV_IRQHandler
                0x08000afc                DMA1_Channel6_IRQHandler
                0x08000afc                UART4_IRQHandler
                0x08000afc                DMA2_Channel4_IRQHandler
                0x08000afc                TIM3_IRQHandler
                0x08000afc                RCC_IRQHandler
                0x08000afc                DMA1_Channel1_IRQHandler
                0x08000afc                Default_Handler
                0x08000afc                USBWakeUp_RMP_IRQHandler
                0x08000afc                EXTI15_10_IRQHandler
                0x08000afc                TIM7_IRQHandler
                0x08000afc                EXTI9_5_IRQHandler
                0x08000afc                TAMPER_STAMP_IRQHandler
                0x08000afc                RTC_WKUP_IRQHandler
                0x08000afc                MemManage_Handler
                0x08000afc                SVC_Handler
                0x08000afc                DMA2_Channel5_IRQHandler
                0x08000afc                DMA1_Channel5_IRQHandler
                0x08000afc                USB_LP_IRQHandler
                0x08000afc                EXTI4_IRQHandler
                0x08000afc                USB_LP_CAN1_RX0_IRQHandler
                0x08000afc                TIM1_TRG_COM_TIM17_IRQHandler
                0x08000afc                USB_HP_CAN1_TX_IRQHandler
                0x08000afc                DMA1_Channel3_IRQHandler
                0x08000afc                ADC4_IRQHandler
                0x08000afc                WWDG_IRQHandler
                0x08000afc                TIM2_IRQHandler
                0x08000afc                COMP7_IRQHandler
                0x08000afc                COMP1_2_3_IRQHandler
                0x08000afc                EXTI1_IRQHandler
                0x08000afc                USART2_IRQHandler
                0x08000afc                COMP4_5_6_IRQHandler
                0x08000afc                I2C2_ER_IRQHandler
                0x08000afc                DMA1_Channel2_IRQHandler
                0x08000afc                TIM8_BRK_IRQHandler
                0x08000afc                CAN1_SCE_IRQHandler
                0x08000afc                FLASH_IRQHandler
                0x08000afc                BusFault_Handler
                0x08000afc                USART1_IRQHandler
                0x08000afc                SPI3_IRQHandler
                0x08000afc                I2C1_ER_IRQHandler
                0x08000afc                USBWakeUp_IRQHandler
                0x08000afc                DMA2_Channel3_IRQHandler
                0x08000afc                TIM1_BRK_TIM15_IRQHandler
 *fill*         0x08000afe        0x2 
 .text          0x08000b00      0x370 d:/5.3 2016q1/bin/../lib/gcc/arm-none-eabi/5.3.1/armv7e-m\libgcc.a(_arm_addsubdf3.o)
                0x08000b00                __aeabi_drsub
                0x08000b08                __aeabi_dsub
                0x08000b08                __subdf3
                0x08000b0c                __aeabi_dadd
                0x08000b0c                __adddf3
                0x08000d84                __floatunsidf
                0x08000d84                __aeabi_ui2d
                0x08000da4                __floatsidf
                0x08000da4                __aeabi_i2d
                0x08000dc8                __aeabi_f2d
                0x08000dc8                __extendsfdf2
                0x08000e04                __floatundidf
                0x08000e04                __aeabi_ul2d
                0x08000e14                __floatdidf
                0x08000e14                __aeabi_l2d
 .text          0x08000e70      0x424 d:/5.3 2016q1/bin/../lib/gcc/arm-none-eabi/5.3.1/armv7e-m\libgcc.a(_arm_muldivdf3.o)
                0x08000e70                __aeabi_dmul
                0x08000e70                __muldf3
                0x080010c4                __divdf3
                0x080010c4                __aeabi_ddiv
 .text          0x08001294       0x40 d:/5.3 2016q1/bin/../lib/gcc/arm-none-eabi/5.3.1/armv7e-m\libgcc.a(_arm_fixunsdfsi.o)
                0x08001294                __aeabi_d2uiz
                0x08001294                __fixunsdfsi
 *(.init)
 *(.fini)
 *crtbegin.o(.ctors)
 *crtbegin?.o(.ctors)
 *(EXCLUDE_FILE(*crtend.o *crtend?.o) .ctors)
 *(SORT(.ctors.*))
 *(.ctors)
 *crtbegin.o(.dtors)
 *crtbegin?.o(.dtors)
 *(EXCLUDE_FILE(*crtend.o *crtend?.o) .dtors)
 *(SORT(.dtors.*))
 *(.dtors)
 *(.rodata*)
 *(.eh_fram e*)

.glue_7         0x080012d4        0x0
 .glue_7        0x080012d4        0x0 linker stubs

.glue_7t        0x080012d4        0x0
 .glue_7t       0x080012d4        0x0 linker stubs

.vfp11_veneer   0x080012d4        0x0
 .vfp11_veneer  0x080012d4        0x0 linker stubs

.v4_bx          0x080012d4        0x0
 .v4_bx         0x080012d4        0x0 linker stubs

.iplt           0x080012d4        0x0
 .iplt          0x080012d4        0x0 ..\obj\stm32f30x_rcc.o

.rel.dyn        0x080012d4        0x0
 .rel.iplt      0x080012d4        0x0 ..\obj\stm32f30x_rcc.o

.ARM.extab
 *(.ARM.extab* .gnu.linkonce.armextab.*)
                0x080012d4                __exidx_start = .

.ARM.exidx
 *(.ARM.exidx* .gnu.linkonce.armexidx.*)
                0x080012d4                __exidx_end = .
                0x080012d4                __etext = .
                0x080012d4                _sidata = __etext

.data           0x20000000        0x0 load address 0x080012d4
                0x20000000                __data_start__ = .
                0x20000000                _sdata = __data_start__
 *(vtable)
 *(.data*)
                0x20000000                . = ALIGN (0x4)
                [!provide]                PROVIDE (__preinit_array_start, .)
 *(.preinit_array)
                [!provide]                PROVIDE (__preinit_array_end, .)
                0x20000000                . = ALIGN (0x4)
                [!provide]                PROVIDE (__init_array_start, .)
 *(SORT(.init_array.*))
 *(.init_array)
                [!provide]                PROVIDE (__init_array_end, .)
                0x20000000                . = ALIGN (0x4)
                [!provide]                PROVIDE (__fini_array_start, .)
 *(SORT(.fini_array.*))
 *(.fini_array)
                [!provide]                PROVIDE (__fini_array_end, .)
 *(.jcr*)
                0x20000000                . = ALIGN (0x4)
                0x20000000                __data_end__ = .
                0x20000000                _edata = __data_end__

.igot.plt       0x20000000        0x0
 .igot.plt      0x20000000        0x0 ..\obj\stm32f30x_rcc.o

.bss            0x20000000        0x0
                0x20000000                . = ALIGN (0x4)
                0x20000000                __bss_start__ = .
                0x20000000                _sbss = __bss_start__
 *(.bss*)
 *(COMMON)
                0x20000000                . = ALIGN (0x4)
                0x20000000                __bss_end__ = .
                0x20000000                _ebss = __bss_end__

.heap           0x20000000        0x0
                0x20000000                __end__ = .
                0x20000000                _end = __end__
                0x20000000                end = __end__
 *(.heap*)
                0x20000000                __HeapLimit = .

.co_stack       0x20000000        0x0
                0x20000000                . = ALIGN (0x8)
 *(.co_stack .co_stack.*)
                0x2000a000                __StackTop = (ORIGIN (ram) + LENGTH (ram))
                0x2000a000                __StackLimit = (__StackTop - SIZEOF (.co_stack))
                [!provide]                PROVIDE (__stack, __StackTop)
                0x00000001                ASSERT ((__StackLimit >= __HeapLimit), region ram  overflowed with stack)
LOAD ..\obj\stm32f30x_rcc.o
LOAD ..\obj\stm32f30x_gpio.o
LOAD ..\obj\main.o
LOAD ..\obj\stm32f30x_spi.o
LOAD ..\obj\system_stm32f30x_temp.o
LOAD ..\obj\startup_stm32f30x.o
START GROUP
LOAD d:/5.3 2016q1/bin/../lib/gcc/arm-none-eabi/5.3.1/armv7e-m\libgcc.a
LOAD d:/5.3 2016q1/bin/../lib/gcc/arm-none-eabi/5.3.1/../../../../arm-none-eabi/lib/armv7e-m\libg.a
LOAD d:/5.3 2016q1/bin/../lib/gcc/arm-none-eabi/5.3.1/../../../../arm-none-eabi/lib/armv7e-m\libc.a
END GROUP
OUTPUT(SPI1.elf elf32-littlearm)

.debug_info     0x00000000     0x29e3
 .debug_info    0x00000000      0xacc ..\obj\stm32f30x_rcc.o
 .debug_info    0x00000acc      0x612 ..\obj\stm32f30x_gpio.o
 .debug_info    0x000010de      0x846 ..\obj\main.o
 .debug_info    0x00001924      0xb7a ..\obj\stm32f30x_spi.o
 .debug_info    0x0000249e      0x4bb ..\obj\system_stm32f30x_temp.o
 .debug_info    0x00002959       0x8a ..\obj\startup_stm32f30x.o

.debug_abbrev   0x00000000      0x841
 .debug_abbrev  0x00000000      0x1e5 ..\obj\stm32f30x_rcc.o
 .debug_abbrev  0x000001e5      0x198 ..\obj\stm32f30x_gpio.o
 .debug_abbrev  0x0000037d      0x1e0 ..\obj\main.o
 .debug_abbrev  0x0000055d      0x18b ..\obj\stm32f30x_spi.o
 .debug_abbrev  0x000006e8      0x147 ..\obj\system_stm32f30x_temp.o
 .debug_abbrev  0x0000082f       0x12 ..\obj\startup_stm32f30x.o

.debug_aranges  0x00000000      0x388
 .debug_aranges
                0x00000000      0x150 ..\obj\stm32f30x_rcc.o
 .debug_aranges
                0x00000150       0x80 ..\obj\stm32f30x_gpio.o
 .debug_aranges
                0x000001d0       0x48 ..\obj\main.o
 .debug_aranges
                0x00000218      0x118 ..\obj\stm32f30x_spi.o
 .debug_aranges
                0x00000330       0x30 ..\obj\system_stm32f30x_temp.o
 .debug_aranges
                0x00000360       0x28 ..\obj\startup_stm32f30x.o

.debug_ranges   0x00000000      0x330
 .debug_ranges  0x00000000      0x140 ..\obj\stm32f30x_rcc.o
 .debug_ranges  0x00000140       0x70 ..\obj\stm32f30x_gpio.o
 .debug_ranges  0x000001b0       0x38 ..\obj\main.o
 .debug_ranges  0x000001e8      0x108 ..\obj\stm32f30x_spi.o
 .debug_ranges  0x000002f0       0x20 ..\obj\system_stm32f30x_temp.o
 .debug_ranges  0x00000310       0x20 ..\obj\startup_stm32f30x.o

.debug_line     0x00000000     0x10d3
 .debug_line    0x00000000      0x526 ..\obj\stm32f30x_rcc.o
 .debug_line    0x00000526      0x2c1 ..\obj\stm32f30x_gpio.o
 .debug_line    0x000007e7      0x237 ..\obj\main.o
 .debug_line    0x00000a1e      0x48a ..\obj\stm32f30x_spi.o
 .debug_line    0x00000ea8      0x191 ..\obj\system_stm32f30x_temp.o
 .debug_line    0x00001039       0x9a ..\obj\startup_stm32f30x.o

.debug_str      0x00000000     0x14db
 .debug_str     0x00000000      0x758 ..\obj\stm32f30x_rcc.o
                                0x7ee (size before relaxing)
 .debug_str     0x00000758      0x31e ..\obj\stm32f30x_gpio.o
                                0x499 (size before relaxing)
 .debug_str     0x00000a76      0x5b2 ..\obj\main.o
                                0x8d3 (size before relaxing)
 .debug_str     0x00001028      0x3c0 ..\obj\stm32f30x_spi.o
                                0x7c1 (size before relaxing)
 .debug_str     0x000013e8       0xf3 ..\obj\system_stm32f30x_temp.o
                                0x304 (size before relaxing)

.comment        0x00000000       0x6e
 .comment       0x00000000       0x6e ..\obj\stm32f30x_rcc.o
                                 0x6f (size before relaxing)
 .comment       0x0000006e       0x6f ..\obj\stm32f30x_gpio.o
 .comment       0x0000006e       0x6f ..\obj\main.o
 .comment       0x0000006e       0x6f ..\obj\stm32f30x_spi.o
 .comment       0x0000006e       0x6f ..\obj\system_stm32f30x_temp.o

.ARM.attributes
                0x00000000       0x31
 .ARM.attributes
                0x00000000       0x33 ..\obj\stm32f30x_rcc.o
 .ARM.attributes
                0x00000033       0x33 ..\obj\stm32f30x_gpio.o
 .ARM.attributes
                0x00000066       0x33 ..\obj\main.o
 .ARM.attributes
                0x00000099       0x33 ..\obj\stm32f30x_spi.o
 .ARM.attributes
                0x000000cc       0x33 ..\obj\system_stm32f30x_temp.o
 .ARM.attributes
                0x000000ff       0x21 ..\obj\startup_stm32f30x.o
 .ARM.attributes
                0x00000120       0x1e d:/5.3 2016q1/bin/../lib/gcc/arm-none-eabi/5.3.1/armv7e-m\libgcc.a(_arm_addsubdf3.o)
 .ARM.attributes
                0x0000013e       0x1e d:/5.3 2016q1/bin/../lib/gcc/arm-none-eabi/5.3.1/armv7e-m\libgcc.a(_arm_muldivdf3.o)
 .ARM.attributes
                0x0000015c       0x1e d:/5.3 2016q1/bin/../lib/gcc/arm-none-eabi/5.3.1/armv7e-m\libgcc.a(_arm_fixunsdfsi.o)

.debug_frame    0x00000000      0xe8c
 .debug_frame   0x00000000      0x60c ..\obj\stm32f30x_rcc.o
 .debug_frame   0x0000060c      0x214 ..\obj\stm32f30x_gpio.o
 .debug_frame   0x00000820       0xe8 ..\obj\main.o
 .debug_frame   0x00000908      0x508 ..\obj\stm32f30x_spi.o
 .debug_frame   0x00000e10       0x7c ..\obj\system_stm32f30x_temp.o
