
Allocating common symbols
Common symbol       size              file

SaveRState          0x2               ..\obj\usb_int.o
HSEStartUpStatus    0x1               ..\obj\hw_config.o
SaveState           0x2               ..\obj\usb_init.o
wIstr               0x2               ..\obj\usb_istr.o
pProperty           0x4               ..\obj\usb_init.o
EPindex             0x1               ..\obj\usb_init.o
SaveTState          0x2               ..\obj\usb_int.o
Device_Info         0x1c              ..\obj\usb_init.o
pUser_Standard_Requests
                    0x4               ..\obj\usb_init.o
USB_Rx_Buffer       0x40              ..\obj\usb_endp.o
USART_Rx_Buffer     0x200             ..\obj\virtualComPort.o
StatusInfo          0x2               ..\obj\usb_core.o
pInformation        0x4               ..\obj\usb_init.o
ResumeS             0x2               ..\obj\usb_pwr.o
USART_InitStructure
                    0x18              ..\obj\virtualComPort.o
USB_Tx_ptr          0x2               ..\obj\virtualComPort.o
EP                  0x20              ..\obj\usb_pwr.o
EXTI_InitStructure  0x8               ..\obj\hw_config.o
USB_Tx_length       0x2               ..\obj\virtualComPort.o
wInterrupt_Mask     0x2               ..\obj\usb_init.o

Discarded input sections

 .text          0x00000000        0x0 ..\obj\usb_core.o
 .data          0x00000000        0x0 ..\obj\usb_core.o
 .text          0x00000000        0x0 ..\obj\stm32f30x_rcc.o
 .bss           0x00000000        0x0 ..\obj\stm32f30x_rcc.o
 .text.RCC_DeInit
                0x00000000       0x7c ..\obj\stm32f30x_rcc.o
 .text.RCC_HSEConfig
                0x00000000       0x24 ..\obj\stm32f30x_rcc.o
 .text.RCC_WaitForHSEStartUp
                0x00000000       0x50 ..\obj\stm32f30x_rcc.o
 .text.RCC_AdjustHSICalibrationValue
                0x00000000       0x3c ..\obj\stm32f30x_rcc.o
 .text.RCC_HSICmd
                0x00000000       0x20 ..\obj\stm32f30x_rcc.o
 .text.RCC_LSEConfig
                0x00000000       0x3c ..\obj\stm32f30x_rcc.o
 .text.RCC_LSEDriveConfig
                0x00000000       0x30 ..\obj\stm32f30x_rcc.o
 .text.RCC_LSICmd
                0x00000000       0x20 ..\obj\stm32f30x_rcc.o
 .text.RCC_PLLConfig
                0x00000000       0x34 ..\obj\stm32f30x_rcc.o
 .text.RCC_PLLCmd
                0x00000000       0x20 ..\obj\stm32f30x_rcc.o
 .text.RCC_PREDIV1Config
                0x00000000       0x38 ..\obj\stm32f30x_rcc.o
 .text.RCC_ClockSecuritySystemCmd
                0x00000000       0x20 ..\obj\stm32f30x_rcc.o
 .text.RCC_MCOConfig
                0x00000000       0x20 ..\obj\stm32f30x_rcc.o
 .text.RCC_SYSCLKConfig
                0x00000000       0x38 ..\obj\stm32f30x_rcc.o
 .text.RCC_GetSYSCLKSource
                0x00000000       0x1c ..\obj\stm32f30x_rcc.o
 .text.RCC_HCLKConfig
                0x00000000       0x38 ..\obj\stm32f30x_rcc.o
 .text.RCC_PCLK1Config
                0x00000000       0x38 ..\obj\stm32f30x_rcc.o
 .text.RCC_PCLK2Config
                0x00000000       0x38 ..\obj\stm32f30x_rcc.o
 .text.RCC_ADCCLKConfig
                0x00000000       0x4c ..\obj\stm32f30x_rcc.o
 .text.RCC_I2CCLKConfig
                0x00000000       0x4c ..\obj\stm32f30x_rcc.o
 .text.RCC_TIMCLKConfig
                0x00000000       0x4c ..\obj\stm32f30x_rcc.o
 .text.RCC_USARTCLKConfig
                0x00000000       0x98 ..\obj\stm32f30x_rcc.o
 .text.RCC_RTCCLKConfig
                0x00000000       0x24 ..\obj\stm32f30x_rcc.o
 .text.RCC_I2SCLKConfig
                0x00000000       0x1c ..\obj\stm32f30x_rcc.o
 .text.RCC_RTCCLKCmd
                0x00000000       0x20 ..\obj\stm32f30x_rcc.o
 .text.RCC_BackupResetCmd
                0x00000000       0x20 ..\obj\stm32f30x_rcc.o
 .text.RCC_AHBPeriphResetCmd
                0x00000000       0x3c ..\obj\stm32f30x_rcc.o
 .text.RCC_APB2PeriphResetCmd
                0x00000000       0x3c ..\obj\stm32f30x_rcc.o
 .text.RCC_APB1PeriphResetCmd
                0x00000000       0x3c ..\obj\stm32f30x_rcc.o
 .text.RCC_ITConfig
                0x00000000       0x4c ..\obj\stm32f30x_rcc.o
 .text.RCC_GetFlagStatus
                0x00000000       0x80 ..\obj\stm32f30x_rcc.o
 .text.RCC_ClearFlag
                0x00000000       0x1c ..\obj\stm32f30x_rcc.o
 .text.RCC_GetITStatus
                0x00000000       0x34 ..\obj\stm32f30x_rcc.o
 .text.RCC_ClearITPendingBit
                0x00000000       0x20 ..\obj\stm32f30x_rcc.o
 .text          0x00000000        0x0 ..\obj\system_stm32f30x.o
 .data          0x00000000       0x14 ..\obj\system_stm32f30x.o
 .bss           0x00000000        0x0 ..\obj\system_stm32f30x.o
 .text.SystemCoreClockUpdate
                0x00000000       0xd4 ..\obj\system_stm32f30x.o
 .text          0x00000000        0x0 ..\obj\usb_int.o
 .data          0x00000000        0x0 ..\obj\usb_int.o
 .bss           0x00000000        0x0 ..\obj\usb_int.o
 .text.CTR_HP   0x00000000       0xe8 ..\obj\usb_int.o
 .text          0x00000000        0x0 ..\obj\stm32303c_eval.o
 .bss           0x00000000        0x0 ..\obj\stm32303c_eval.o
 .rodata        0x00000000       0x81 ..\obj\stm32303c_eval.o
 .text.STM_EVAL_LEDInit
                0x00000000       0x70 ..\obj\stm32303c_eval.o
 .text.STM_EVAL_LEDOn
                0x00000000       0x30 ..\obj\stm32303c_eval.o
 .text.STM_EVAL_LEDOff
                0x00000000       0x30 ..\obj\stm32303c_eval.o
 .text.STM_EVAL_LEDToggle
                0x00000000       0x40 ..\obj\stm32303c_eval.o
 .text.STM_EVAL_PBInit
                0x00000000       0xe0 ..\obj\stm32303c_eval.o
 .text.STM_EVAL_PBGetState
                0x00000000       0x44 ..\obj\stm32303c_eval.o
 .text.SD_LowLevel_DeInit
                0x00000000       0x90 ..\obj\stm32303c_eval.o
 .text.SD_LowLevel_Init
                0x00000000      0x11c ..\obj\stm32303c_eval.o
 .text.TS751_LowLevel_DeInit
                0x00000000       0x68 ..\obj\stm32303c_eval.o
 .text.TS751_LowLevel_Init
                0x00000000       0x94 ..\obj\stm32303c_eval.o
 .text.sEE_I2C_LowLevel_DeInit
                0x00000000       0x58 ..\obj\stm32303c_eval.o
 .text.sEE_I2C_LowLevel_Init
                0x00000000       0x74 ..\obj\stm32303c_eval.o
 .text.sEE_SPI_LowLevel_DeInit
                0x00000000       0x7c ..\obj\stm32303c_eval.o
 .text.sEE_SPI_LowLevel_Init
                0x00000000       0xfc ..\obj\stm32303c_eval.o
 .text          0x00000000        0x0 ..\obj\usb_desc.o
 .bss           0x00000000        0x0 ..\obj\usb_desc.o
 .text          0x00000000        0x0 ..\obj\usb_regs.o
 .data          0x00000000        0x0 ..\obj\usb_regs.o
 .bss           0x00000000        0x0 ..\obj\usb_regs.o
 .text.SetCNTR  0x00000000       0x20 ..\obj\usb_regs.o
 .text.GetCNTR  0x00000000       0x18 ..\obj\usb_regs.o
 .text.GetISTR  0x00000000       0x18 ..\obj\usb_regs.o
 .text.GetFNR   0x00000000       0x18 ..\obj\usb_regs.o
 .text.SetDADDR
                0x00000000       0x20 ..\obj\usb_regs.o
 .text.GetDADDR
                0x00000000       0x18 ..\obj\usb_regs.o
 .text.GetBTABLE
                0x00000000       0x18 ..\obj\usb_regs.o
 .text.SetENDPOINT
                0x00000000       0x2c ..\obj\usb_regs.o
 .text.GetENDPOINT
                0x00000000       0x24 ..\obj\usb_regs.o
 .text.GetEPType
                0x00000000       0x2c ..\obj\usb_regs.o
 .text.SetDouBleBuffEPStall
                0x00000000       0x5c ..\obj\usb_regs.o
 .text.GetEPTxStatus
                0x00000000       0x2c ..\obj\usb_regs.o
 .text.GetEPRxStatus
                0x00000000       0x2c ..\obj\usb_regs.o
 .text.SetEP_KIND
                0x00000000       0x48 ..\obj\usb_regs.o
 .text.ClearEP_KIND
                0x00000000       0x48 ..\obj\usb_regs.o
 .text.Set_Status_Out
                0x00000000       0x48 ..\obj\usb_regs.o
 .text.SetEPDoubleBuff
                0x00000000       0x48 ..\obj\usb_regs.o
 .text.ClearEPDoubleBuff
                0x00000000       0x48 ..\obj\usb_regs.o
 .text.GetTxStallStatus
                0x00000000       0x34 ..\obj\usb_regs.o
 .text.GetRxStallStatus
                0x00000000       0x34 ..\obj\usb_regs.o
 .text.ClearEP_CTR_RX
                0x00000000       0x38 ..\obj\usb_regs.o
 .text.ClearEP_CTR_TX
                0x00000000       0x38 ..\obj\usb_regs.o
 .text.ToggleDTOG_RX
                0x00000000       0x40 ..\obj\usb_regs.o
 .text.ToggleDTOG_TX
                0x00000000       0x40 ..\obj\usb_regs.o
 .text.SetEPAddress
                0x00000000       0x4c ..\obj\usb_regs.o
 .text.GetEPAddress
                0x00000000       0x2c ..\obj\usb_regs.o
 .text.SetEPCountRxReg
                0x00000000       0x64 ..\obj\usb_regs.o
 .text.GetEPTxCount
                0x00000000       0x38 ..\obj\usb_regs.o
 .text.SetEPDblBuffAddr
                0x00000000       0x64 ..\obj\usb_regs.o
 .text.SetEPDblBuf0Addr
                0x00000000       0x40 ..\obj\usb_regs.o
 .text.SetEPDblBuf1Addr
                0x00000000       0x40 ..\obj\usb_regs.o
 .text.GetEPDblBuf0Addr
                0x00000000       0x34 ..\obj\usb_regs.o
 .text.GetEPDblBuf1Addr
                0x00000000       0x34 ..\obj\usb_regs.o
 .text.SetEPDblBuffCount
                0x00000000      0x134 ..\obj\usb_regs.o
 .text.SetEPDblBuf0Count
                0x00000000       0xac ..\obj\usb_regs.o
 .text.SetEPDblBuf1Count
                0x00000000       0xac ..\obj\usb_regs.o
 .text.GetEPDblBuf0Count
                0x00000000       0x38 ..\obj\usb_regs.o
 .text.GetEPDblBuf1Count
                0x00000000       0x38 ..\obj\usb_regs.o
 .text.GetEPDblBufDir
                0x00000000       0x64 ..\obj\usb_regs.o
 .text.FreeUserBuffer
                0x00000000       0x80 ..\obj\usb_regs.o
 .text.ToWord   0x00000000       0x2c ..\obj\usb_regs.o
 .text          0x00000000        0x0 ..\obj\hw_config.o
 .data          0x00000000        0x0 ..\obj\hw_config.o
 .text.Leave_LowPowerMode
                0x00000000       0x34 ..\obj\hw_config.o
 COMMON         0x00000000        0xc ..\obj\hw_config.o
 .text          0x00000000        0x0 ..\obj\usb_prop.o
 .text          0x00000000        0x0 ..\obj\stm32f30x_gpio.o
 .data          0x00000000        0x0 ..\obj\stm32f30x_gpio.o
 .bss           0x00000000        0x0 ..\obj\stm32f30x_gpio.o
 .text.GPIO_DeInit
                0x00000000       0xd8 ..\obj\stm32f30x_gpio.o
 .text.GPIO_StructInit
                0x00000000       0x34 ..\obj\stm32f30x_gpio.o
 .text.GPIO_PinLockConfig
                0x00000000       0x44 ..\obj\stm32f30x_gpio.o
 .text.GPIO_ReadInputDataBit
                0x00000000       0x38 ..\obj\stm32f30x_gpio.o
 .text.GPIO_ReadInputData
                0x00000000       0x18 ..\obj\stm32f30x_gpio.o
 .text.GPIO_ReadOutputDataBit
                0x00000000       0x38 ..\obj\stm32f30x_gpio.o
 .text.GPIO_ReadOutputData
                0x00000000       0x18 ..\obj\stm32f30x_gpio.o
 .text.GPIO_WriteBit
                0x00000000       0x30 ..\obj\stm32f30x_gpio.o
 .text.GPIO_Write
                0x00000000       0x1c ..\obj\stm32f30x_gpio.o
 .text          0x00000000        0x0 ..\obj\usb_pwr.o
 .text.PowerOff
                0x00000000       0x2c ..\obj\usb_pwr.o
 .text          0x00000000        0x0 ..\obj\usb_init.o
 .data          0x00000000        0x0 ..\obj\usb_init.o
 .bss           0x00000000        0x0 ..\obj\usb_init.o
 .text          0x00000000        0x0 ..\obj\main.o
 .data          0x00000000        0x0 ..\obj\main.o
 .bss           0x00000000        0x0 ..\obj\main.o
 .text          0x00000000        0x0 ..\obj\stm32f30x_dma.o
 .data          0x00000000        0x0 ..\obj\stm32f30x_dma.o
 .bss           0x00000000        0x0 ..\obj\stm32f30x_dma.o
 .text.DMA_DeInit
                0x00000000      0x178 ..\obj\stm32f30x_dma.o
 .text.DMA_Init
                0x00000000       0x80 ..\obj\stm32f30x_dma.o
 .text.DMA_StructInit
                0x00000000       0x54 ..\obj\stm32f30x_dma.o
 .text.DMA_Cmd  0x00000000       0x38 ..\obj\stm32f30x_dma.o
 .text.DMA_SetCurrDataCounter
                0x00000000       0x1c ..\obj\stm32f30x_dma.o
 .text.DMA_GetCurrDataCounter
                0x00000000       0x18 ..\obj\stm32f30x_dma.o
 .text.DMA_ITConfig
                0x00000000       0x3c ..\obj\stm32f30x_dma.o
 .text.DMA_GetFlagStatus
                0x00000000       0x50 ..\obj\stm32f30x_dma.o
 .text.DMA_ClearFlag
                0x00000000       0x34 ..\obj\stm32f30x_dma.o
 .text.DMA_GetITStatus
                0x00000000       0x50 ..\obj\stm32f30x_dma.o
 .text.DMA_ClearITPendingBit
                0x00000000       0x34 ..\obj\stm32f30x_dma.o
 .debug_info    0x00000000      0x47b ..\obj\stm32f30x_dma.o
 .debug_abbrev  0x00000000      0x157 ..\obj\stm32f30x_dma.o
 .debug_aranges
                0x00000000       0x70 ..\obj\stm32f30x_dma.o
 .debug_ranges  0x00000000       0x60 ..\obj\stm32f30x_dma.o
 .debug_line    0x00000000      0x2c9 ..\obj\stm32f30x_dma.o
 .debug_str     0x00000000      0x3ba ..\obj\stm32f30x_dma.o
 .comment       0x00000000       0x6f ..\obj\stm32f30x_dma.o
 .debug_frame   0x00000000      0x1c8 ..\obj\stm32f30x_dma.o
 .ARM.attributes
                0x00000000       0x33 ..\obj\stm32f30x_dma.o
 .text          0x00000000        0x0 ..\obj\virtualComPort.o
 .data          0x00000000        0x0 ..\obj\virtualComPort.o
 .bss           0x00000000        0x0 ..\obj\virtualComPort.o
 .text.DMA_COMInit
                0x00000000       0x3c ..\obj\virtualComPort.o
 .text          0x00000000        0x0 ..\obj\stm32f30x_exti.o
 .data          0x00000000        0x0 ..\obj\stm32f30x_exti.o
 .bss           0x00000000        0x0 ..\obj\stm32f30x_exti.o
 .text.EXTI_DeInit
                0x00000000       0x5c ..\obj\stm32f30x_exti.o
 .text.EXTI_Init
                0x00000000      0x1f4 ..\obj\stm32f30x_exti.o
 .text.EXTI_StructInit
                0x00000000       0x2c ..\obj\stm32f30x_exti.o
 .text.EXTI_GenerateSWInterrupt
                0x00000000       0x40 ..\obj\stm32f30x_exti.o
 .text.EXTI_GetFlagStatus
                0x00000000       0x44 ..\obj\stm32f30x_exti.o
 .text.EXTI_ClearFlag
                0x00000000       0x30 ..\obj\stm32f30x_exti.o
 .text.EXTI_GetITStatus
                0x00000000       0x70 ..\obj\stm32f30x_exti.o
 .text          0x00000000        0x0 ..\obj\stm32f30x_spi.o
 .data          0x00000000        0x0 ..\obj\stm32f30x_spi.o
 .bss           0x00000000        0x0 ..\obj\stm32f30x_spi.o
 .text.SPI_I2S_DeInit
                0x00000000       0x74 ..\obj\stm32f30x_spi.o
 .text.SPI_StructInit
                0x00000000       0x4c ..\obj\stm32f30x_spi.o
 .text.SPI_Init
                0x00000000      0x114 ..\obj\stm32f30x_spi.o
 .text.I2S_StructInit
                0x00000000       0x38 ..\obj\stm32f30x_spi.o
 .text.I2S_Init
                0x00000000      0x17c ..\obj\stm32f30x_spi.o
 .text.SPI_Cmd  0x00000000       0x40 ..\obj\stm32f30x_spi.o
 .text.SPI_TIModeCmd
                0x00000000       0x40 ..\obj\stm32f30x_spi.o
 .text.I2S_Cmd  0x00000000       0x40 ..\obj\stm32f30x_spi.o
 .text.SPI_DataSizeConfig
                0x00000000       0x38 ..\obj\stm32f30x_spi.o
 .text.SPI_RxFIFOThresholdConfig
                0x00000000       0x38 ..\obj\stm32f30x_spi.o
 .text.SPI_BiDirectionalLineConfig
                0x00000000       0x40 ..\obj\stm32f30x_spi.o
 .text.SPI_NSSInternalSoftwareConfig
                0x00000000       0x44 ..\obj\stm32f30x_spi.o
 .text.I2S_FullDuplexConfig
                0x00000000       0x9c ..\obj\stm32f30x_spi.o
 .text.SPI_SSOutputCmd
                0x00000000       0x40 ..\obj\stm32f30x_spi.o
 .text.SPI_NSSPulseModeCmd
                0x00000000       0x40 ..\obj\stm32f30x_spi.o
 .text.SPI_SendData8
                0x00000000       0x2c ..\obj\stm32f30x_spi.o
 .text.SPI_I2S_SendData16
                0x00000000       0x1c ..\obj\stm32f30x_spi.o
 .text.SPI_ReceiveData8
                0x00000000       0x28 ..\obj\stm32f30x_spi.o
 .text.SPI_I2S_ReceiveData16
                0x00000000       0x18 ..\obj\stm32f30x_spi.o
 .text.SPI_CRCLengthConfig
                0x00000000       0x38 ..\obj\stm32f30x_spi.o
 .text.SPI_CalculateCRC
                0x00000000       0x40 ..\obj\stm32f30x_spi.o
 .text.SPI_TransmitCRC
                0x00000000       0x24 ..\obj\stm32f30x_spi.o
 .text.SPI_GetCRC
                0x00000000       0x30 ..\obj\stm32f30x_spi.o
 .text.SPI_GetCRCPolynomial
                0x00000000       0x18 ..\obj\stm32f30x_spi.o
 .text.SPI_I2S_DMACmd
                0x00000000       0x48 ..\obj\stm32f30x_spi.o
 .text.SPI_LastDMATransferCmd
                0x00000000       0x38 ..\obj\stm32f30x_spi.o
 .text.SPI_I2S_ITConfig
                0x00000000       0x60 ..\obj\stm32f30x_spi.o
 .text.SPI_GetTransmissionFIFOStatus
                0x00000000       0x20 ..\obj\stm32f30x_spi.o
 .text.SPI_GetReceptionFIFOStatus
                0x00000000       0x20 ..\obj\stm32f30x_spi.o
 .text.SPI_I2S_GetFlagStatus
                0x00000000       0x38 ..\obj\stm32f30x_spi.o
 .text.SPI_I2S_ClearFlag
                0x00000000       0x20 ..\obj\stm32f30x_spi.o
 .text.SPI_I2S_GetITStatus
                0x00000000       0x74 ..\obj\stm32f30x_spi.o
 .debug_info    0x00000000      0xb7a ..\obj\stm32f30x_spi.o
 .debug_abbrev  0x00000000      0x18b ..\obj\stm32f30x_spi.o
 .debug_aranges
                0x00000000      0x118 ..\obj\stm32f30x_spi.o
 .debug_ranges  0x00000000      0x108 ..\obj\stm32f30x_spi.o
 .debug_line    0x00000000      0x496 ..\obj\stm32f30x_spi.o
 .debug_str     0x00000000      0x7c4 ..\obj\stm32f30x_spi.o
 .comment       0x00000000       0x6f ..\obj\stm32f30x_spi.o
 .debug_frame   0x00000000      0x508 ..\obj\stm32f30x_spi.o
 .ARM.attributes
                0x00000000       0x33 ..\obj\stm32f30x_spi.o
 .text          0x00000000        0x0 ..\obj\stm32f30x_i2c.o
 .data          0x00000000        0x0 ..\obj\stm32f30x_i2c.o
 .bss           0x00000000        0x0 ..\obj\stm32f30x_i2c.o
 .text.I2C_DeInit
                0x00000000       0x48 ..\obj\stm32f30x_i2c.o
 .text.I2C_Init
                0x00000000       0xc8 ..\obj\stm32f30x_i2c.o
 .text.I2C_StructInit
                0x00000000       0x40 ..\obj\stm32f30x_i2c.o
 .text.I2C_Cmd  0x00000000       0x38 ..\obj\stm32f30x_i2c.o
 .text.I2C_SoftwareResetCmd
                0x00000000       0x30 ..\obj\stm32f30x_i2c.o
 .text.I2C_ITConfig
                0x00000000       0x3c ..\obj\stm32f30x_i2c.o
 .text.I2C_StretchClockCmd
                0x00000000       0x38 ..\obj\stm32f30x_i2c.o
 .text.I2C_StopModeCmd
                0x00000000       0x38 ..\obj\stm32f30x_i2c.o
 .text.I2C_DualAddressCmd
                0x00000000       0x38 ..\obj\stm32f30x_i2c.o
 .text.I2C_OwnAddress2Config
                0x00000000       0x4c ..\obj\stm32f30x_i2c.o
 .text.I2C_GeneralCallCmd
                0x00000000       0x38 ..\obj\stm32f30x_i2c.o
 .text.I2C_SlaveByteControlCmd
                0x00000000       0x38 ..\obj\stm32f30x_i2c.o
 .text.I2C_SlaveAddressConfig
                0x00000000       0x40 ..\obj\stm32f30x_i2c.o
 .text.I2C_10BitAddressingModeCmd
                0x00000000       0x38 ..\obj\stm32f30x_i2c.o
 .text.I2C_AutoEndCmd
                0x00000000       0x38 ..\obj\stm32f30x_i2c.o
 .text.I2C_ReloadCmd
                0x00000000       0x38 ..\obj\stm32f30x_i2c.o
 .text.I2C_NumberOfBytesConfig
                0x00000000       0x3c ..\obj\stm32f30x_i2c.o
 .text.I2C_MasterRequestConfig
                0x00000000       0x38 ..\obj\stm32f30x_i2c.o
 .text.I2C_GenerateSTART
                0x00000000       0x38 ..\obj\stm32f30x_i2c.o
 .text.I2C_GenerateSTOP
                0x00000000       0x38 ..\obj\stm32f30x_i2c.o
 .text.I2C_10BitAddressHeaderCmd
                0x00000000       0x38 ..\obj\stm32f30x_i2c.o
 .text.I2C_AcknowledgeConfig
                0x00000000       0x38 ..\obj\stm32f30x_i2c.o
 .text.I2C_GetAddressMatched
                0x00000000       0x20 ..\obj\stm32f30x_i2c.o
 .text.I2C_GetTransferDirection
                0x00000000       0x38 ..\obj\stm32f30x_i2c.o
 .text.I2C_TransferHandling
                0x00000000       0x58 ..\obj\stm32f30x_i2c.o
 .text.I2C_SMBusAlertCmd
                0x00000000       0x38 ..\obj\stm32f30x_i2c.o
 .text.I2C_ClockTimeoutCmd
                0x00000000       0x38 ..\obj\stm32f30x_i2c.o
 .text.I2C_ExtendedClockTimeoutCmd
                0x00000000       0x38 ..\obj\stm32f30x_i2c.o
 .text.I2C_IdleClockTimeoutCmd
                0x00000000       0x38 ..\obj\stm32f30x_i2c.o
 .text.I2C_TimeoutAConfig
                0x00000000       0x40 ..\obj\stm32f30x_i2c.o
 .text.I2C_TimeoutBConfig
                0x00000000       0x44 ..\obj\stm32f30x_i2c.o
 .text.I2C_CalculatePEC
                0x00000000       0x38 ..\obj\stm32f30x_i2c.o
 .text.I2C_PECRequestCmd
                0x00000000       0x38 ..\obj\stm32f30x_i2c.o
 .text.I2C_GetPEC
                0x00000000       0x18 ..\obj\stm32f30x_i2c.o
 .text.I2C_ReadRegister
                0x00000000       0x2c ..\obj\stm32f30x_i2c.o
 .text.I2C_SendData
                0x00000000       0x1c ..\obj\stm32f30x_i2c.o
 .text.I2C_ReceiveData
                0x00000000       0x18 ..\obj\stm32f30x_i2c.o
 .text.I2C_DMACmd
                0x00000000       0x3c ..\obj\stm32f30x_i2c.o
 .text.I2C_GetFlagStatus
                0x00000000       0x3c ..\obj\stm32f30x_i2c.o
 .text.I2C_ClearFlag
                0x00000000       0x1c ..\obj\stm32f30x_i2c.o
 .text.I2C_GetITStatus
                0x00000000       0x7c ..\obj\stm32f30x_i2c.o
 .text.I2C_ClearITPendingBit
                0x00000000       0x1c ..\obj\stm32f30x_i2c.o
 .debug_info    0x00000000      0xbe6 ..\obj\stm32f30x_i2c.o
 .debug_abbrev  0x00000000      0x180 ..\obj\stm32f30x_i2c.o
 .debug_aranges
                0x00000000      0x168 ..\obj\stm32f30x_i2c.o
 .debug_ranges  0x00000000      0x158 ..\obj\stm32f30x_i2c.o
 .debug_line    0x00000000      0x511 ..\obj\stm32f30x_i2c.o
 .debug_str     0x00000000      0x64a ..\obj\stm32f30x_i2c.o
 .comment       0x00000000       0x6f ..\obj\stm32f30x_i2c.o
 .debug_frame   0x00000000      0x69c ..\obj\stm32f30x_i2c.o
 .ARM.attributes
                0x00000000       0x33 ..\obj\stm32f30x_i2c.o
 .text          0x00000000        0x0 ..\obj\usb_sil.o
 .data          0x00000000        0x0 ..\obj\usb_sil.o
 .bss           0x00000000        0x0 ..\obj\usb_sil.o
 .text.USB_SIL_Write
                0x00000000       0x4c ..\obj\usb_sil.o
 .text          0x00000000        0x0 ..\obj\system_stm32f30x_temp.o
 .data          0x00000000       0x14 ..\obj\system_stm32f30x_temp.o
 .bss           0x00000000        0x0 ..\obj\system_stm32f30x_temp.o
 .text.SystemInit1
                0x00000000       0x84 ..\obj\system_stm32f30x_temp.o
 .text.SystemCoreClockUpdate1
                0x00000000       0xd4 ..\obj\system_stm32f30x_temp.o
 .text.SetSysClock1
                0x00000000       0xe0 ..\obj\system_stm32f30x_temp.o
 .debug_info    0x00000000      0x4bb ..\obj\system_stm32f30x_temp.o
 .debug_abbrev  0x00000000      0x147 ..\obj\system_stm32f30x_temp.o
 .debug_aranges
                0x00000000       0x30 ..\obj\system_stm32f30x_temp.o
 .debug_ranges  0x00000000       0x20 ..\obj\system_stm32f30x_temp.o
 .debug_line    0x00000000      0x197 ..\obj\system_stm32f30x_temp.o
 .debug_str     0x00000000      0x307 ..\obj\system_stm32f30x_temp.o
 .comment       0x00000000       0x6f ..\obj\system_stm32f30x_temp.o
 .debug_frame   0x00000000       0x7c ..\obj\system_stm32f30x_temp.o
 .ARM.attributes
                0x00000000       0x33 ..\obj\system_stm32f30x_temp.o
 .text          0x00000000        0x0 ..\obj\stm32f30x_misc.o
 .data          0x00000000        0x0 ..\obj\stm32f30x_misc.o
 .bss           0x00000000        0x0 ..\obj\stm32f30x_misc.o
 .text.NVIC_SetVectorTable
                0x00000000       0x2c ..\obj\stm32f30x_misc.o
 .text.NVIC_SystemLPConfig
                0x00000000       0x40 ..\obj\stm32f30x_misc.o
 .text.SysTick_CLKSourceConfig
                0x00000000       0x38 ..\obj\stm32f30x_misc.o
 .text          0x00000000        0x0 ..\obj\stm32_it.o
 .data          0x00000000        0x0 ..\obj\stm32_it.o
 .bss           0x00000000        0x0 ..\obj\stm32_it.o
 .text          0x00000000        0x0 ..\obj\usb_endp.o
 .data          0x00000000        0x0 ..\obj\usb_endp.o
 .text          0x00000000       0x14 ..\obj\startup_stm32f30x.o
 .data          0x00000000        0x0 ..\obj\startup_stm32f30x.o
 .bss           0x00000000        0x0 ..\obj\startup_stm32f30x.o
 .text          0x00000000        0x0 ..\obj\stm32f30x_syscfg.o
 .data          0x00000000        0x0 ..\obj\stm32f30x_syscfg.o
 .bss           0x00000000        0x0 ..\obj\stm32f30x_syscfg.o
 .text.SYSCFG_DeInit
                0x00000000       0x4c ..\obj\stm32f30x_syscfg.o
 .text.SYSCFG_MemoryRemapConfig
                0x00000000       0x38 ..\obj\stm32f30x_syscfg.o
 .text.SYSCFG_DMAChannelRemapConfig
                0x00000000       0x3c ..\obj\stm32f30x_syscfg.o
 .text.SYSCFG_TriggerRemapConfig
                0x00000000       0x3c ..\obj\stm32f30x_syscfg.o
 .text.SYSCFG_EncoderRemapConfig
                0x00000000       0x30 ..\obj\stm32f30x_syscfg.o
 .text.SYSCFG_USBInterruptLineRemapCmd
                0x00000000       0x20 ..\obj\stm32f30x_syscfg.o
 .text.SYSCFG_I2CFastModePlusConfig
                0x00000000       0x3c ..\obj\stm32f30x_syscfg.o
 .text.SYSCFG_ITConfig
                0x00000000       0x3c ..\obj\stm32f30x_syscfg.o
 .text.SYSCFG_EXTILineConfig
                0x00000000       0x84 ..\obj\stm32f30x_syscfg.o
 .text.SYSCFG_BreakConfig
                0x00000000       0x24 ..\obj\stm32f30x_syscfg.o
 .text.SYSCFG_BypassParityCheckDisable
                0x00000000       0x18 ..\obj\stm32f30x_syscfg.o
 .text.SYSCFG_SRAMWRPEnable
                0x00000000       0x24 ..\obj\stm32f30x_syscfg.o
 .text.SYSCFG_GetFlagStatus
                0x00000000       0x34 ..\obj\stm32f30x_syscfg.o
 .text.SYSCFG_ClearFlag
                0x00000000       0x24 ..\obj\stm32f30x_syscfg.o
 .debug_info    0x00000000      0x3ce ..\obj\stm32f30x_syscfg.o
 .debug_abbrev  0x00000000      0x183 ..\obj\stm32f30x_syscfg.o
 .debug_aranges
                0x00000000       0x88 ..\obj\stm32f30x_syscfg.o
 .debug_ranges  0x00000000       0x78 ..\obj\stm32f30x_syscfg.o
 .debug_line    0x00000000      0x255 ..\obj\stm32f30x_syscfg.o
 .debug_str     0x00000000      0x3fd ..\obj\stm32f30x_syscfg.o
 .comment       0x00000000       0x6f ..\obj\stm32f30x_syscfg.o
 .debug_frame   0x00000000      0x230 ..\obj\stm32f30x_syscfg.o
 .ARM.attributes
                0x00000000       0x33 ..\obj\stm32f30x_syscfg.o
 .text          0x00000000        0x0 ..\obj\stm32f30x_pwr.o
 .data          0x00000000        0x0 ..\obj\stm32f30x_pwr.o
 .bss           0x00000000        0x0 ..\obj\stm32f30x_pwr.o
 .text.PWR_DeInit
                0x00000000       0x1c ..\obj\stm32f30x_pwr.o
 .text.PWR_BackupAccessCmd
                0x00000000       0x20 ..\obj\stm32f30x_pwr.o
 .text.PWR_PVDLevelConfig
                0x00000000       0x38 ..\obj\stm32f30x_pwr.o
 .text.PWR_PVDCmd
                0x00000000       0x20 ..\obj\stm32f30x_pwr.o
 .text.PWR_WakeUpPinCmd
                0x00000000       0x3c ..\obj\stm32f30x_pwr.o
 .text.PWR_EnterSleepMode
                0x00000000       0x30 ..\obj\stm32f30x_pwr.o
 .text.PWR_EnterSTOPMode
                0x00000000       0x64 ..\obj\stm32f30x_pwr.o
 .text.PWR_EnterSTANDBYMode
                0x00000000       0x3c ..\obj\stm32f30x_pwr.o
 .text.PWR_GetFlagStatus
                0x00000000       0x34 ..\obj\stm32f30x_pwr.o
 .text.PWR_ClearFlag
                0x00000000       0x24 ..\obj\stm32f30x_pwr.o
 .debug_info    0x00000000      0x4fb ..\obj\stm32f30x_pwr.o
 .debug_abbrev  0x00000000      0x181 ..\obj\stm32f30x_pwr.o
 .debug_aranges
                0x00000000       0x68 ..\obj\stm32f30x_pwr.o
 .debug_ranges  0x00000000       0x58 ..\obj\stm32f30x_pwr.o
 .debug_line    0x00000000      0x23e ..\obj\stm32f30x_pwr.o
 .debug_str     0x00000000      0x355 ..\obj\stm32f30x_pwr.o
 .comment       0x00000000       0x6f ..\obj\stm32f30x_pwr.o
 .debug_frame   0x00000000      0x18c ..\obj\stm32f30x_pwr.o
 .ARM.attributes
                0x00000000       0x33 ..\obj\stm32f30x_pwr.o
 .text          0x00000000        0x0 ..\obj\usb_mem.o
 .data          0x00000000        0x0 ..\obj\usb_mem.o
 .bss           0x00000000        0x0 ..\obj\usb_mem.o
 .text          0x00000000        0x0 ..\obj\usb_istr.o
 .text          0x00000000        0x0 ..\obj\stm32f30x_usart.o
 .data          0x00000000        0x0 ..\obj\stm32f30x_usart.o
 .bss           0x00000000        0x0 ..\obj\stm32f30x_usart.o
 .text.USART_DeInit
                0x00000000       0xb8 ..\obj\stm32f30x_usart.o
 .text.USART_StructInit
                0x00000000       0x38 ..\obj\stm32f30x_usart.o
 .text.USART_ClockInit
                0x00000000       0x48 ..\obj\stm32f30x_usart.o
 .text.USART_ClockStructInit
                0x00000000       0x2c ..\obj\stm32f30x_usart.o
 .text.USART_DirectionModeCmd
                0x00000000       0x3c ..\obj\stm32f30x_usart.o
 .text.USART_OverSampling8Cmd
                0x00000000       0x38 ..\obj\stm32f30x_usart.o
 .text.USART_OneBitMethodCmd
                0x00000000       0x38 ..\obj\stm32f30x_usart.o
 .text.USART_MSBFirstCmd
                0x00000000       0x38 ..\obj\stm32f30x_usart.o
 .text.USART_DataInvCmd
                0x00000000       0x38 ..\obj\stm32f30x_usart.o
 .text.USART_InvPinCmd
                0x00000000       0x3c ..\obj\stm32f30x_usart.o
 .text.USART_SWAPPinCmd
                0x00000000       0x38 ..\obj\stm32f30x_usart.o
 .text.USART_ReceiverTimeOutCmd
                0x00000000       0x38 ..\obj\stm32f30x_usart.o
 .text.USART_SetReceiverTimeOut
                0x00000000       0x2c ..\obj\stm32f30x_usart.o
 .text.USART_SetPrescaler
                0x00000000       0x38 ..\obj\stm32f30x_usart.o
 .text.USART_STOPModeCmd
                0x00000000       0x38 ..\obj\stm32f30x_usart.o
 .text.USART_StopModeWakeUpSourceConfig
                0x00000000       0x2c ..\obj\stm32f30x_usart.o
 .text.USART_AutoBaudRateCmd
                0x00000000       0x38 ..\obj\stm32f30x_usart.o
 .text.USART_AutoBaudRateConfig
                0x00000000       0x2c ..\obj\stm32f30x_usart.o
 .text.USART_SetAddress
                0x00000000       0x30 ..\obj\stm32f30x_usart.o
 .text.USART_MuteModeCmd
                0x00000000       0x38 ..\obj\stm32f30x_usart.o
 .text.USART_MuteModeWakeUpConfig
                0x00000000       0x2c ..\obj\stm32f30x_usart.o
 .text.USART_AddressDetectionConfig
                0x00000000       0x2c ..\obj\stm32f30x_usart.o
 .text.USART_LINBreakDetectLengthConfig
                0x00000000       0x2c ..\obj\stm32f30x_usart.o
 .text.USART_LINCmd
                0x00000000       0x38 ..\obj\stm32f30x_usart.o
 .text.USART_HalfDuplexCmd
                0x00000000       0x38 ..\obj\stm32f30x_usart.o
 .text.USART_SetGuardTime
                0x00000000       0x3c ..\obj\stm32f30x_usart.o
 .text.USART_SmartCardCmd
                0x00000000       0x38 ..\obj\stm32f30x_usart.o
 .text.USART_SmartCardNACKCmd
                0x00000000       0x38 ..\obj\stm32f30x_usart.o
 .text.USART_SetAutoRetryCount
                0x00000000       0x30 ..\obj\stm32f30x_usart.o
 .text.USART_SetBlockLength
                0x00000000       0x30 ..\obj\stm32f30x_usart.o
 .text.USART_IrDAConfig
                0x00000000       0x2c ..\obj\stm32f30x_usart.o
 .text.USART_IrDACmd
                0x00000000       0x38 ..\obj\stm32f30x_usart.o
 .text.USART_DECmd
                0x00000000       0x38 ..\obj\stm32f30x_usart.o
 .text.USART_DEPolarityConfig
                0x00000000       0x2c ..\obj\stm32f30x_usart.o
 .text.USART_SetDEAssertionTime
                0x00000000       0x30 ..\obj\stm32f30x_usart.o
 .text.USART_SetDEDeassertionTime
                0x00000000       0x30 ..\obj\stm32f30x_usart.o
 .text.USART_DMACmd
                0x00000000       0x3c ..\obj\stm32f30x_usart.o
 .text.USART_DMAReceptionErrorConfig
                0x00000000       0x2c ..\obj\stm32f30x_usart.o
 .text.USART_RequestCmd
                0x00000000       0x48 ..\obj\stm32f30x_usart.o
 .text.USART_OverrunDetectionConfig
                0x00000000       0x2c ..\obj\stm32f30x_usart.o
 .text.USART_ClearFlag
                0x00000000       0x1c ..\obj\stm32f30x_usart.o
 .text.USART_ClearITPendingBit
                0x00000000       0x34 ..\obj\stm32f30x_usart.o

Memory Configuration

Name             Origin             Length             Attributes
rom              0x08000000         0x00040000         xr
ram              0x20000000         0x0000a000         xrw
ram1             0x10000000         0x00002000         xrw
*default*        0x00000000         0xffffffff

Linker script and memory map

                0x2000a000                _eram = 0x2000a000

.text           0x08000000     0x3832
 *(.isr_vector)
 .isr_vector    0x08000000      0x188 ..\obj\startup_stm32f30x.o
                0x08000000                g_pfnVectors
 *(.text*)
 .text.Standard_GetConfiguration
                0x08000188       0x3c ..\obj\usb_core.o
                0x08000188                Standard_GetConfiguration
 .text.Standard_SetConfiguration
                0x080001c4       0x50 ..\obj\usb_core.o
                0x080001c4                Standard_SetConfiguration
 .text.Standard_GetInterface
                0x08000214       0x3c ..\obj\usb_core.o
                0x08000214                Standard_GetInterface
 .text.Standard_SetInterface
                0x08000250       0x88 ..\obj\usb_core.o
                0x08000250                Standard_SetInterface
 .text.Standard_GetStatus
                0x080002d8      0x134 ..\obj\usb_core.o
                0x080002d8                Standard_GetStatus
 .text.Standard_ClearFeature
                0x0800040c      0x1d0 ..\obj\usb_core.o
                0x0800040c                Standard_ClearFeature
 .text.Standard_SetEndPointFeature
                0x080005dc      0x110 ..\obj\usb_core.o
                0x080005dc                Standard_SetEndPointFeature
 .text.Standard_SetDeviceFeature
                0x080006ec       0x2c ..\obj\usb_core.o
                0x080006ec                Standard_SetDeviceFeature
 .text.Standard_GetDescriptorData
                0x08000718       0x48 ..\obj\usb_core.o
                0x08000718                Standard_GetDescriptorData
 .text.DataStageOut
                0x08000760      0x128 ..\obj\usb_core.o
 .text.DataStageIn
                0x08000888      0x10c ..\obj\usb_core.o
 .text.NoData_Setup0
                0x08000994      0x19c ..\obj\usb_core.o
 .text.Data_Setup0
                0x08000b30      0x324 ..\obj\usb_core.o
 .text.Setup0_Process
                0x08000e54       0xd8 ..\obj\usb_core.o
                0x08000e54                Setup0_Process
 .text.In0_Process
                0x08000f2c       0x90 ..\obj\usb_core.o
                0x08000f2c                In0_Process
 .text.Out0_Process
                0x08000fbc       0x74 ..\obj\usb_core.o
                0x08000fbc                Out0_Process
 .text.Post0_Process
                0x08001030       0x50 ..\obj\usb_core.o
                0x08001030                Post0_Process
 .text.SetDeviceAddress
                0x08001080       0x78 ..\obj\usb_core.o
                0x08001080                SetDeviceAddress
 .text.NOP_Process
                0x080010f8        0xc ..\obj\usb_core.o
                0x080010f8                NOP_Process
 .text.RCC_GetClocksFreq
                0x08001104      0x414 ..\obj\stm32f30x_rcc.o
                0x08001104                RCC_GetClocksFreq
 .text.RCC_USBCLKConfig
                0x08001518       0x1c ..\obj\stm32f30x_rcc.o
                0x08001518                RCC_USBCLKConfig
 .text.RCC_AHBPeriphClockCmd
                0x08001534       0x3c ..\obj\stm32f30x_rcc.o
                0x08001534                RCC_AHBPeriphClockCmd
 .text.RCC_APB2PeriphClockCmd
                0x08001570       0x3c ..\obj\stm32f30x_rcc.o
                0x08001570                RCC_APB2PeriphClockCmd
 .text.RCC_APB1PeriphClockCmd
                0x080015ac       0x3c ..\obj\stm32f30x_rcc.o
                0x080015ac                RCC_APB1PeriphClockCmd
 .text.SystemInit
                0x080015e8       0x84 ..\obj\system_stm32f30x.o
                0x080015e8                SystemInit
 .text.SetSysClock
                0x0800166c       0xe0 ..\obj\system_stm32f30x.o
 .text.CTR_LP   0x0800174c      0x2f0 ..\obj\usb_int.o
                0x0800174c                CTR_LP
 .text.STM_EVAL_COMInit
                0x08001a3c       0xc4 ..\obj\stm32303c_eval.o
                0x08001a3c                STM_EVAL_COMInit
 .text.SetISTR  0x08001b00       0x20 ..\obj\usb_regs.o
                0x08001b00                SetISTR
 .text.SetBTABLE
                0x08001b20       0x24 ..\obj\usb_regs.o
                0x08001b20                SetBTABLE
 .text.SetEPType
                0x08001b44       0x4c ..\obj\usb_regs.o
                0x08001b44                SetEPType
 .text.SetEPTxStatus
                0x08001b90       0x70 ..\obj\usb_regs.o
                0x08001b90                SetEPTxStatus
 .text.SetEPRxStatus
                0x08001c00       0x70 ..\obj\usb_regs.o
                0x08001c00                SetEPRxStatus
 .text.SetEPTxValid
                0x08001c70       0x54 ..\obj\usb_regs.o
                0x08001c70                SetEPTxValid
 .text.SetEPRxValid
                0x08001cc4       0x54 ..\obj\usb_regs.o
                0x08001cc4                SetEPRxValid
 .text.Clear_Status_Out
                0x08001d18       0x48 ..\obj\usb_regs.o
                0x08001d18                Clear_Status_Out
 .text.ClearDTOG_RX
                0x08001d60       0x58 ..\obj\usb_regs.o
                0x08001d60                ClearDTOG_RX
 .text.ClearDTOG_TX
                0x08001db8       0x58 ..\obj\usb_regs.o
                0x08001db8                ClearDTOG_TX
 .text.SetEPTxAddr
                0x08001e10       0x40 ..\obj\usb_regs.o
                0x08001e10                SetEPTxAddr
 .text.SetEPRxAddr
                0x08001e50       0x40 ..\obj\usb_regs.o
                0x08001e50                SetEPRxAddr
 .text.GetEPTxAddr
                0x08001e90       0x34 ..\obj\usb_regs.o
                0x08001e90                GetEPTxAddr
 .text.GetEPRxAddr
                0x08001ec4       0x34 ..\obj\usb_regs.o
                0x08001ec4                GetEPRxAddr
 .text.SetEPTxCount
                0x08001ef8       0x3c ..\obj\usb_regs.o
                0x08001ef8                SetEPTxCount
 .text.SetEPRxCount
                0x08001f34       0x84 ..\obj\usb_regs.o
                0x08001f34                SetEPRxCount
 .text.GetEPRxCount
                0x08001fb8       0x38 ..\obj\usb_regs.o
                0x08001fb8                GetEPRxCount
 .text.ByteSwap
                0x08001ff0       0x30 ..\obj\usb_regs.o
                0x08001ff0                ByteSwap
 .text.Set_System
                0x08002020       0x80 ..\obj\hw_config.o
                0x08002020                Set_System
 .text.Set_USBClock
                0x080020a0       0x18 ..\obj\hw_config.o
                0x080020a0                Set_USBClock
 .text.USB_Interrupts_Config
                0x080020b8       0x60 ..\obj\hw_config.o
                0x080020b8                USB_Interrupts_Config
 .text.USB_Cable_Config
                0x08002118       0x34 ..\obj\hw_config.o
                0x08002118                USB_Cable_Config
 .text.Get_SerialNum
                0x0800214c       0x58 ..\obj\hw_config.o
                0x0800214c                Get_SerialNum
 .text.IntToUnicode
                0x080021a4       0x7c ..\obj\hw_config.o
 .text.Virtual_Com_Port_init
                0x08002220       0x30 ..\obj\usb_prop.o
                0x08002220                Virtual_Com_Port_init
 .text.Virtual_Com_Port_Reset
                0x08002250       0xf4 ..\obj\usb_prop.o
                0x08002250                Virtual_Com_Port_Reset
 .text.Virtual_Com_Port_SetConfiguration
                0x08002344       0x2c ..\obj\usb_prop.o
                0x08002344                Virtual_Com_Port_SetConfiguration
 .text.Virtual_Com_Port_SetDeviceAddress
                0x08002370       0x18 ..\obj\usb_prop.o
                0x08002370                Virtual_Com_Port_SetDeviceAddress
 .text.Virtual_Com_Port_Status_In
                0x08002388       0x20 ..\obj\usb_prop.o
                0x08002388                Virtual_Com_Port_Status_In
 .text.Virtual_Com_Port_Status_Out
                0x080023a8        0xc ..\obj\usb_prop.o
                0x080023a8                Virtual_Com_Port_Status_Out
 .text.Virtual_Com_Port_Data_Setup
                0x080023b4       0x80 ..\obj\usb_prop.o
                0x080023b4                Virtual_Com_Port_Data_Setup
 .text.Virtual_Com_Port_NoData_Setup
                0x08002434       0x3c ..\obj\usb_prop.o
                0x08002434                Virtual_Com_Port_NoData_Setup
 .text.Virtual_Com_Port_GetDeviceDescriptor
                0x08002470       0x24 ..\obj\usb_prop.o
                0x08002470                Virtual_Com_Port_GetDeviceDescriptor
 .text.Virtual_Com_Port_GetConfigDescriptor
                0x08002494       0x24 ..\obj\usb_prop.o
                0x08002494                Virtual_Com_Port_GetConfigDescriptor
 .text.Virtual_Com_Port_GetStringDescriptor
                0x080024b8       0x40 ..\obj\usb_prop.o
                0x080024b8                Virtual_Com_Port_GetStringDescriptor
 .text.Virtual_Com_Port_Get_Interface_Setting
                0x080024f8       0x30 ..\obj\usb_prop.o
                0x080024f8                Virtual_Com_Port_Get_Interface_Setting
 .text.Virtual_Com_Port_GetLineCoding
                0x08002528       0x30 ..\obj\usb_prop.o
                0x08002528                Virtual_Com_Port_GetLineCoding
 .text.Virtual_Com_Port_SetLineCoding
                0x08002558       0x30 ..\obj\usb_prop.o
                0x08002558                Virtual_Com_Port_SetLineCoding
 .text.GPIO_Init
                0x08002588      0x12c ..\obj\stm32f30x_gpio.o
                0x08002588                GPIO_Init
 .text.GPIO_SetBits
                0x080026b4       0x1c ..\obj\stm32f30x_gpio.o
                0x080026b4                GPIO_SetBits
 .text.GPIO_ResetBits
                0x080026d0       0x1c ..\obj\stm32f30x_gpio.o
                0x080026d0                GPIO_ResetBits
 .text.GPIO_PinAFConfig
                0x080026ec       0x90 ..\obj\stm32f30x_gpio.o
                0x080026ec                GPIO_PinAFConfig
 .text.PowerOn  0x0800277c       0x58 ..\obj\usb_pwr.o
                0x0800277c                PowerOn
 .text.Suspend  0x080027d4       0xdc ..\obj\usb_pwr.o
                0x080027d4                Suspend
 .text.Resume_Init
                0x080028b0       0x30 ..\obj\usb_pwr.o
                0x080028b0                Resume_Init
 .text.Resume   0x080028e0      0x11c ..\obj\usb_pwr.o
                0x080028e0                Resume
 .text.USB_Init
                0x080029fc       0x44 ..\obj\usb_init.o
                0x080029fc                USB_Init
 .text.LED_INIT
                0x08002a40       0x38 ..\obj\main.o
                0x08002a40                LED_INIT
 .text.main     0x08002a78       0x1c ..\obj\main.o
                0x08002a78                main
 .text.VCP_Data_InISR
                0x08002a94        0xc ..\obj\virtualComPort.o
                0x08002a94                VCP_Data_InISR
 .text.USART_Config_Default
                0x08002aa0       0x50 ..\obj\virtualComPort.o
                0x08002aa0                USART_Config_Default
 .text.USART_Config
                0x08002af0       0xd0 ..\obj\virtualComPort.o
                0x08002af0                USART_Config
 .text.USB_To_USART_Send_Data
                0x08002bc0       0x50 ..\obj\virtualComPort.o
                0x08002bc0                USB_To_USART_Send_Data
 .text.VCP_SendRxBufPacketToUsb
                0x08002c10       0xa0 ..\obj\virtualComPort.o
                0x08002c10                VCP_SendRxBufPacketToUsb
 .text.Handle_USBAsynchXfer
                0x08002cb0       0xfc ..\obj\virtualComPort.o
                0x08002cb0                Handle_USBAsynchXfer
 .text.USART_To_USB_Send_Data
                0x08002dac       0x70 ..\obj\virtualComPort.o
                0x08002dac                USART_To_USB_Send_Data
 .text.EXTI_ClearITPendingBit
                0x08002e1c       0x30 ..\obj\stm32f30x_exti.o
                0x08002e1c                EXTI_ClearITPendingBit
 .text.USB_SIL_Init
                0x08002e4c       0x30 ..\obj\usb_sil.o
                0x08002e4c                USB_SIL_Init
 .text.USB_SIL_Read
                0x08002e7c       0x4c ..\obj\usb_sil.o
                0x08002e7c                USB_SIL_Read
 .text.NVIC_PriorityGroupConfig
                0x08002ec8       0x24 ..\obj\stm32f30x_misc.o
                0x08002ec8                NVIC_PriorityGroupConfig
 .text.NVIC_Init
                0x08002eec       0xc4 ..\obj\stm32f30x_misc.o
                0x08002eec                NVIC_Init
 .text.NMI_Handler
                0x08002fb0        0xc ..\obj\stm32_it.o
                0x08002fb0                NMI_Handler
 .text.HardFault_Handler
                0x08002fbc        0x8 ..\obj\stm32_it.o
                0x08002fbc                HardFault_Handler
 .text.MemManage_Handler
                0x08002fc4        0x8 ..\obj\stm32_it.o
                0x08002fc4                MemManage_Handler
 .text.BusFault_Handler
                0x08002fcc        0x8 ..\obj\stm32_it.o
                0x08002fcc                BusFault_Handler
 .text.UsageFault_Handler
                0x08002fd4        0x8 ..\obj\stm32_it.o
                0x08002fd4                UsageFault_Handler
 .text.SVC_Handler
                0x08002fdc        0xc ..\obj\stm32_it.o
                0x08002fdc                SVC_Handler
 .text.DebugMon_Handler
                0x08002fe8        0xc ..\obj\stm32_it.o
                0x08002fe8                DebugMon_Handler
 .text.PendSV_Handler
                0x08002ff4        0xc ..\obj\stm32_it.o
                0x08002ff4                PendSV_Handler
 .text.SysTick_Handler
                0x08003000        0xc ..\obj\stm32_it.o
                0x08003000                SysTick_Handler
 .text.USB_LP_CAN1_RX0_IRQHandler
                0x0800300c        0xc ..\obj\stm32_it.o
                0x0800300c                USB_LP_CAN1_RX0_IRQHandler
 .text.USART1_IRQHandler
                0x08003018       0x38 ..\obj\stm32_it.o
                0x08003018                USART1_IRQHandler
 .text.USBWakeUp_IRQHandler
                0x08003050       0x10 ..\obj\stm32_it.o
                0x08003050                USBWakeUp_IRQHandler
 .text.EP1_IN_Callback
                0x08003060        0xc ..\obj\usb_endp.o
                0x08003060                EP1_IN_Callback
 .text.EP3_OUT_Callback
                0x0800306c       0x64 ..\obj\usb_endp.o
                0x0800306c                EP3_OUT_Callback
 .text.SOF_Callback
                0x080030d0       0x30 ..\obj\usb_endp.o
                0x080030d0                SOF_Callback
 .text.Reset_Handler
                0x08003100       0x44 ..\obj\startup_stm32f30x.o
                0x08003100                Reset_Handler
 .text.Default_Handler
                0x08003144        0x2 ..\obj\startup_stm32f30x.o
                0x08003144                RTC_Alarm_IRQHandler
                0x08003144                TIM8_TRG_COM_IRQHandler
                0x08003144                TIM8_CC_IRQHandler
                0x08003144                TIM1_CC_IRQHandler
                0x08003144                USB_HP_IRQHandler
                0x08003144                PVD_IRQHandler
                0x08003144                EXTI3_IRQHandler
                0x08003144                EXTI0_IRQHandler
                0x08003144                I2C2_EV_IRQHandler
                0x08003144                FPU_IRQHandler
                0x08003144                EXTI2_TS_IRQHandler
                0x08003144                TIM1_UP_TIM16_IRQHandler
                0x08003144                ADC1_2_IRQHandler
                0x08003144                SPI1_IRQHandler
                0x08003144                TIM6_DAC_IRQHandler
                0x08003144                TIM8_UP_IRQHandler
                0x08003144                DMA2_Channel2_IRQHandler
                0x08003144                DMA1_Channel4_IRQHandler
                0x08003144                USART3_IRQHandler
                0x08003144                DMA1_Channel7_IRQHandler
                0x08003144                CAN1_RX1_IRQHandler
                0x08003144                UART5_IRQHandler
                0x08003144                ADC3_IRQHandler
                0x08003144                TIM4_IRQHandler
                0x08003144                DMA2_Channel1_IRQHandler
                0x08003144                I2C1_EV_IRQHandler
                0x08003144                DMA1_Channel6_IRQHandler
                0x08003144                UART4_IRQHandler
                0x08003144                DMA2_Channel4_IRQHandler
                0x08003144                TIM3_IRQHandler
                0x08003144                RCC_IRQHandler
                0x08003144                DMA1_Channel1_IRQHandler
                0x08003144                Default_Handler
                0x08003144                USBWakeUp_RMP_IRQHandler
                0x08003144                EXTI15_10_IRQHandler
                0x08003144                TIM7_IRQHandler
                0x08003144                EXTI9_5_IRQHandler
                0x08003144                TAMPER_STAMP_IRQHandler
                0x08003144                RTC_WKUP_IRQHandler
                0x08003144                SPI2_IRQHandler
                0x08003144                DMA2_Channel5_IRQHandler
                0x08003144                DMA1_Channel5_IRQHandler
                0x08003144                USB_LP_IRQHandler
                0x08003144                EXTI4_IRQHandler
                0x08003144                TIM1_TRG_COM_TIM17_IRQHandler
                0x08003144                USB_HP_CAN1_TX_IRQHandler
                0x08003144                DMA1_Channel3_IRQHandler
                0x08003144                ADC4_IRQHandler
                0x08003144                WWDG_IRQHandler
                0x08003144                TIM2_IRQHandler
                0x08003144                COMP7_IRQHandler
                0x08003144                COMP1_2_3_IRQHandler
                0x08003144                EXTI1_IRQHandler
                0x08003144                USART2_IRQHandler
                0x08003144                COMP4_5_6_IRQHandler
                0x08003144                I2C2_ER_IRQHandler
                0x08003144                DMA1_Channel2_IRQHandler
                0x08003144                TIM8_BRK_IRQHandler
                0x08003144                CAN1_SCE_IRQHandler
                0x08003144                FLASH_IRQHandler
                0x08003144                SPI3_IRQHandler
                0x08003144                I2C1_ER_IRQHandler
                0x08003144                DMA2_Channel3_IRQHandler
                0x08003144                TIM1_BRK_TIM15_IRQHandler
 *fill*         0x08003146        0x2 
 .text.UserToPMABufferCopy
                0x08003148       0x74 ..\obj\usb_mem.o
                0x08003148                UserToPMABufferCopy
 .text.PMAToUserBufferCopy
                0x080031bc       0x5c ..\obj\usb_mem.o
                0x080031bc                PMAToUserBufferCopy
 .text.USB_Istr
                0x08003218      0x224 ..\obj\usb_istr.o
                0x08003218                USB_Istr
 .text.USART_Init
                0x0800343c      0x178 ..\obj\stm32f30x_usart.o
                0x0800343c                USART_Init
 .text.USART_Cmd
                0x080035b4       0x38 ..\obj\stm32f30x_usart.o
                0x080035b4                USART_Cmd
 .text.USART_SendData
                0x080035ec       0x24 ..\obj\stm32f30x_usart.o
                0x080035ec                USART_SendData
 .text.USART_ReceiveData
                0x08003610       0x20 ..\obj\stm32f30x_usart.o
                0x08003610                USART_ReceiveData
 .text.USART_ITConfig
                0x08003630       0x80 ..\obj\stm32f30x_usart.o
                0x08003630                USART_ITConfig
 .text.USART_GetFlagStatus
                0x080036b0       0x30 ..\obj\stm32f30x_usart.o
                0x080036b0                USART_GetFlagStatus
 .text.USART_GetITStatus
                0x080036e0       0x9c ..\obj\stm32f30x_usart.o
                0x080036e0                USART_GetITStatus
 *(.init)
 *(.fini)
 *crtbegin.o(.ctors)
 *crtbegin?.o(.ctors)
 *(EXCLUDE_FILE(*crtend.o *crtend?.o) .ctors)
 *(SORT(.ctors.*))
 *(.ctors)
 *crtbegin.o(.dtors)
 *crtbegin?.o(.dtors)
 *(EXCLUDE_FILE(*crtend.o *crtend?.o) .dtors)
 *(SORT(.dtors.*))
 *(.dtors)
 *(.rodata*)
 .rodata        0x0800377c       0xb6 ..\obj\usb_desc.o
                0x0800377c                Virtual_Com_Port_DeviceDescriptor
                0x08003790                Virtual_Com_Port_ConfigDescriptor
                0x080037d4                Virtual_Com_Port_StringLangID
                0x080037d8                Virtual_Com_Port_StringVendor
                0x08003800                Virtual_Com_Port_StringProduct
 *(.eh_fram e*)

.glue_7         0x08003834        0x0
 .glue_7        0x08003834        0x0 linker stubs

.glue_7t        0x08003834        0x0
 .glue_7t       0x08003834        0x0 linker stubs

.vfp11_veneer   0x08003834        0x0
 .vfp11_veneer  0x08003834        0x0 linker stubs

.v4_bx          0x08003834        0x0
 .v4_bx         0x08003834        0x0 linker stubs

.iplt           0x08003834        0x0
 .iplt          0x08003834        0x0 ..\obj\usb_core.o

.rel.dyn        0x08003834        0x0
 .rel.iplt      0x08003834        0x0 ..\obj\usb_core.o

.ARM.extab
 *(.ARM.extab* .gnu.linkonce.armextab.*)
                0x08003834                __exidx_start = .

.ARM.exidx
 *(.ARM.exidx* .gnu.linkonce.armexidx.*)
                0x08003834                __exidx_end = .
                0x08003834                __etext = .
                0x08003832                _sidata = __etext

.data           0x20000000      0x148 load address 0x08003832
                0x20000000                __data_start__ = .
                0x20000000                _sdata = __data_start__
 *(vtable)
 *(.data*)
 .data          0x20000000       0x2a ..\obj\stm32f30x_rcc.o
 *fill*         0x2000002a        0x2 
 .data          0x2000002c       0x34 ..\obj\stm32303c_eval.o
                0x2000002c                GPIO_PORT
                0x2000003c                BUTTON_PORT
                0x20000054                COM_USART
                0x20000058                COM_TX_PORT
                0x2000005c                COM_RX_PORT
 .data          0x20000060       0x1a ..\obj\usb_desc.o
                0x20000060                Virtual_Com_Port_StringSerial
 *fill*         0x2000007a        0x2 
 .data          0x2000007c       0x90 ..\obj\usb_prop.o
                0x2000007c                linecoding
                0x20000084                Device_Table
                0x20000088                Device_Property
                0x200000b8                User_Standard_Requests
                0x200000dc                Device_Descriptor
                0x200000e4                Config_Descriptor
                0x200000ec                String_Descriptor
 .data          0x2000010c        0x1 ..\obj\usb_pwr.o
                0x2000010c                fSuspendEnabled
 *fill*         0x2000010d        0x3 
 .data          0x20000110       0x38 ..\obj\usb_istr.o
                0x20000110                pEpInt_IN
                0x2000012c                pEpInt_OUT
                0x20000148                . = ALIGN (0x4)
                [!provide]                PROVIDE (__preinit_array_start, .)
 *(.preinit_array)
                [!provide]                PROVIDE (__preinit_array_end, .)
                0x20000148                . = ALIGN (0x4)
                [!provide]                PROVIDE (__init_array_start, .)
 *(SORT(.init_array.*))
 *(.init_array)
                [!provide]                PROVIDE (__init_array_end, .)
                0x20000148                . = ALIGN (0x4)
                [!provide]                PROVIDE (__fini_array_start, .)
 *(SORT(.fini_array.*))
 *(.fini_array)
                [!provide]                PROVIDE (__fini_array_end, .)
 *(.jcr*)
                0x20000148                . = ALIGN (0x4)
                0x20000148                __data_end__ = .
                0x20000148                _edata = __data_end__

.igot.plt       0x20000148        0x0 load address 0x0800397c
 .igot.plt      0x20000148        0x0 ..\obj\usb_core.o

.bss            0x20000148      0x2f0 load address 0x0800397c
                0x20000148                . = ALIGN (0x4)
                0x20000148                __bss_start__ = .
                0x20000148                _sbss = __bss_start__
 *(.bss*)
 .bss           0x20000148        0x5 ..\obj\usb_core.o
                0x20000148                DevRemoteWakeup
                0x2000014c                Data_Mul_MaxPacketSize
 *fill*         0x2000014d        0x3 
 .bss           0x20000150        0xd ..\obj\hw_config.o
                0x20000150                USART_Rx_ptr_in
                0x20000154                USART_Rx_ptr_out
                0x20000158                USART_Rx_length
                0x2000015c                USB_Tx_State
 .bss           0x2000015d        0x1 ..\obj\usb_prop.o
                0x2000015d                Request
 *fill*         0x2000015e        0x2 
 .bss           0x20000160        0x8 ..\obj\usb_pwr.o
                0x20000160                bDeviceState
                0x20000164                remotewakeupon
 .bss           0x20000168        0x4 ..\obj\usb_endp.o
 .bss           0x2000016c        0xc ..\obj\usb_istr.o
                0x2000016c                bIntPackSOF
                0x20000170                esof_counter
                0x20000174                wCNTR
 *(COMMON)
 COMMON         0x20000178        0x2 ..\obj\usb_core.o
                0x20000178                StatusInfo
 COMMON         0x2000017a        0x4 ..\obj\usb_int.o
                0x2000017a                SaveRState
                0x2000017c                SaveTState
 *fill*         0x2000017e        0x2 
 COMMON         0x20000180       0x24 ..\obj\usb_pwr.o
                0x20000180                ResumeS
                0x20000184                EP
 COMMON         0x200001a4       0x32 ..\obj\usb_init.o
                0x200001a4                SaveState
                0x200001a8                pProperty
                0x200001ac                EPindex
                0x200001b0                Device_Info
                0x200001cc                pUser_Standard_Requests
                0x200001d0                pInformation
                0x200001d4                wInterrupt_Mask
 *fill*         0x200001d6        0x2 
 COMMON         0x200001d8      0x21c ..\obj\virtualComPort.o
                0x200001d8                USART_Rx_Buffer
                0x200003d8                USART_InitStructure
                0x200003f0                USB_Tx_ptr
                0x200003f2                USB_Tx_length
 COMMON         0x200003f4       0x40 ..\obj\usb_endp.o
                0x200003f4                USB_Rx_Buffer
 COMMON         0x20000434        0x2 ..\obj\usb_istr.o
                0x20000434                wIstr
                0x20000438                . = ALIGN (0x4)
 *fill*         0x20000436        0x2 
                0x20000438                __bss_end__ = .
                0x20000438                _ebss = __bss_end__

.heap           0x20000438        0x0
                0x20000438                __end__ = .
                0x20000438                _end = __end__
                0x20000438                end = __end__
 *(.heap*)
                0x20000438                __HeapLimit = .

.co_stack       0x20000438        0x0
                0x20000438                . = ALIGN (0x8)
 *(.co_stack .co_stack.*)
                0x2000a000                __StackTop = (ORIGIN (ram) + LENGTH (ram))
                0x2000a000                __StackLimit = (__StackTop - SIZEOF (.co_stack))
                [!provide]                PROVIDE (__stack, __StackTop)
                0x00000001                ASSERT ((__StackLimit >= __HeapLimit), region ram  overflowed with stack)
LOAD ..\obj\usb_core.o
LOAD ..\obj\stm32f30x_rcc.o
LOAD ..\obj\system_stm32f30x.o
LOAD ..\obj\usb_int.o
LOAD ..\obj\stm32303c_eval.o
LOAD ..\obj\usb_desc.o
LOAD ..\obj\usb_regs.o
LOAD ..\obj\hw_config.o
LOAD ..\obj\usb_prop.o
LOAD ..\obj\stm32f30x_gpio.o
LOAD ..\obj\usb_pwr.o
LOAD ..\obj\usb_init.o
LOAD ..\obj\main.o
LOAD ..\obj\stm32f30x_dma.o
LOAD ..\obj\virtualComPort.o
LOAD ..\obj\stm32f30x_exti.o
LOAD ..\obj\stm32f30x_spi.o
LOAD ..\obj\stm32f30x_i2c.o
LOAD ..\obj\usb_sil.o
LOAD ..\obj\system_stm32f30x_temp.o
LOAD ..\obj\stm32f30x_misc.o
LOAD ..\obj\stm32_it.o
LOAD ..\obj\usb_endp.o
LOAD ..\obj\startup_stm32f30x.o
LOAD ..\obj\stm32f30x_syscfg.o
LOAD ..\obj\stm32f30x_pwr.o
LOAD ..\obj\usb_mem.o
LOAD ..\obj\usb_istr.o
LOAD ..\obj\stm32f30x_usart.o
START GROUP
LOAD d:/5.3 2016q1/bin/../lib/gcc/arm-none-eabi/5.3.1/armv7e-m\libgcc.a
LOAD d:/5.3 2016q1/bin/../lib/gcc/arm-none-eabi/5.3.1/../../../../arm-none-eabi/lib/armv7e-m\libg.a
LOAD d:/5.3 2016q1/bin/../lib/gcc/arm-none-eabi/5.3.1/../../../../arm-none-eabi/lib/armv7e-m\libc.a
END GROUP
OUTPUT(USB-COM.elf elf32-littlearm)

.debug_info     0x00000000     0x84d2
 .debug_info    0x00000000      0xb9b ..\obj\usb_core.o
 .debug_info    0x00000b9b      0xacc ..\obj\stm32f30x_rcc.o
 .debug_info    0x00001667      0x4c0 ..\obj\system_stm32f30x.o
 .debug_info    0x00001b27      0x1f3 ..\obj\usb_int.o
 .debug_info    0x00001d1a      0xf07 ..\obj\stm32303c_eval.o
 .debug_info    0x00002c21      0x188 ..\obj\usb_desc.o
 .debug_info    0x00002da9      0xc91 ..\obj\usb_regs.o
 .debug_info    0x00003a3a      0x903 ..\obj\hw_config.o
 .debug_info    0x0000433d      0x838 ..\obj\usb_prop.o
 .debug_info    0x00004b75      0x612 ..\obj\stm32f30x_gpio.o
 .debug_info    0x00005187      0x33a ..\obj\usb_pwr.o
 .debug_info    0x000054c1      0x456 ..\obj\usb_init.o
 .debug_info    0x00005917      0x2f8 ..\obj\main.o
 .debug_info    0x00005c0f      0x477 ..\obj\virtualComPort.o
 .debug_info    0x00006086      0x3c4 ..\obj\stm32f30x_exti.o
 .debug_info    0x0000644a      0x186 ..\obj\usb_sil.o
 .debug_info    0x000065d0      0x556 ..\obj\stm32f30x_misc.o
 .debug_info    0x00006b26      0x299 ..\obj\stm32_it.o
 .debug_info    0x00006dbf      0x28e ..\obj\usb_endp.o
 .debug_info    0x0000704d       0x93 ..\obj\startup_stm32f30x.o
 .debug_info    0x000070e0      0x1d2 ..\obj\usb_mem.o
 .debug_info    0x000072b2      0x35c ..\obj\usb_istr.o
 .debug_info    0x0000760e      0xec4 ..\obj\stm32f30x_usart.o

.debug_abbrev   0x00000000     0x1e0e
 .debug_abbrev  0x00000000      0x28d ..\obj\usb_core.o
 .debug_abbrev  0x0000028d      0x1e5 ..\obj\stm32f30x_rcc.o
 .debug_abbrev  0x00000472      0x138 ..\obj\system_stm32f30x.o
 .debug_abbrev  0x000005aa       0xce ..\obj\usb_int.o
 .debug_abbrev  0x00000678      0x1d9 ..\obj\stm32303c_eval.o
 .debug_abbrev  0x00000851       0x73 ..\obj\usb_desc.o
 .debug_abbrev  0x000008c4      0x176 ..\obj\usb_regs.o
 .debug_abbrev  0x00000a3a      0x227 ..\obj\hw_config.o
 .debug_abbrev  0x00000c61      0x1f5 ..\obj\usb_prop.o
 .debug_abbrev  0x00000e56      0x198 ..\obj\stm32f30x_gpio.o
 .debug_abbrev  0x00000fee      0x18c ..\obj\usb_pwr.o
 .debug_abbrev  0x0000117a      0x10f ..\obj\usb_init.o
 .debug_abbrev  0x00001289      0x11b ..\obj\main.o
 .debug_abbrev  0x000013a4      0x1c8 ..\obj\virtualComPort.o
 .debug_abbrev  0x0000156c      0x17e ..\obj\stm32f30x_exti.o
 .debug_abbrev  0x000016ea       0xbb ..\obj\usb_sil.o
 .debug_abbrev  0x000017a5      0x147 ..\obj\stm32f30x_misc.o
 .debug_abbrev  0x000018ec       0xee ..\obj\stm32_it.o
 .debug_abbrev  0x000019da      0x114 ..\obj\usb_endp.o
 .debug_abbrev  0x00001aee       0x12 ..\obj\startup_stm32f30x.o
 .debug_abbrev  0x00001b00       0x9d ..\obj\usb_mem.o
 .debug_abbrev  0x00001b9d      0x11a ..\obj\usb_istr.o
 .debug_abbrev  0x00001cb7      0x157 ..\obj\stm32f30x_usart.o

.debug_aranges  0x00000000      0xaa8
 .debug_aranges
                0x00000000       0xb0 ..\obj\usb_core.o
 .debug_aranges
                0x000000b0      0x150 ..\obj\stm32f30x_rcc.o
 .debug_aranges
                0x00000200       0x30 ..\obj\system_stm32f30x.o
 .debug_aranges
                0x00000230       0x28 ..\obj\usb_int.o
 .debug_aranges
                0x00000258       0x90 ..\obj\stm32303c_eval.o
 .debug_aranges
                0x000002e8       0x18 ..\obj\usb_desc.o
 .debug_aranges
                0x00000300      0x1f0 ..\obj\usb_regs.o
 .debug_aranges
                0x000004f0       0x50 ..\obj\hw_config.o
 .debug_aranges
                0x00000540       0x88 ..\obj\usb_prop.o
 .debug_aranges
                0x000005c8       0x80 ..\obj\stm32f30x_gpio.o
 .debug_aranges
                0x00000648       0x40 ..\obj\usb_pwr.o
 .debug_aranges
                0x00000688       0x20 ..\obj\usb_init.o
 .debug_aranges
                0x000006a8       0x28 ..\obj\main.o
 .debug_aranges
                0x000006d0       0x58 ..\obj\virtualComPort.o
 .debug_aranges
                0x00000728       0x58 ..\obj\stm32f30x_exti.o
 .debug_aranges
                0x00000780       0x30 ..\obj\usb_sil.o
 .debug_aranges
                0x000007b0       0x40 ..\obj\stm32f30x_misc.o
 .debug_aranges
                0x000007f0       0x78 ..\obj\stm32_it.o
 .debug_aranges
                0x00000868       0x30 ..\obj\usb_endp.o
 .debug_aranges
                0x00000898       0x28 ..\obj\startup_stm32f30x.o
 .debug_aranges
                0x000008c0       0x28 ..\obj\usb_mem.o
 .debug_aranges
                0x000008e8       0x20 ..\obj\usb_istr.o
 .debug_aranges
                0x00000908      0x1a0 ..\obj\stm32f30x_usart.o

.debug_ranges   0x00000000      0xa10
 .debug_ranges  0x00000000       0xa0 ..\obj\usb_core.o
 .debug_ranges  0x000000a0      0x140 ..\obj\stm32f30x_rcc.o
 .debug_ranges  0x000001e0       0x20 ..\obj\system_stm32f30x.o
 .debug_ranges  0x00000200       0x18 ..\obj\usb_int.o
 .debug_ranges  0x00000218       0x80 ..\obj\stm32303c_eval.o
 .debug_ranges  0x00000298      0x2b8 ..\obj\usb_regs.o
 .debug_ranges  0x00000550       0x40 ..\obj\hw_config.o
 .debug_ranges  0x00000590       0x78 ..\obj\usb_prop.o
 .debug_ranges  0x00000608       0x70 ..\obj\stm32f30x_gpio.o
 .debug_ranges  0x00000678       0x30 ..\obj\usb_pwr.o
 .debug_ranges  0x000006a8       0x10 ..\obj\usb_init.o
 .debug_ranges  0x000006b8       0x18 ..\obj\main.o
 .debug_ranges  0x000006d0       0x48 ..\obj\virtualComPort.o
 .debug_ranges  0x00000718       0x48 ..\obj\stm32f30x_exti.o
 .debug_ranges  0x00000760       0x20 ..\obj\usb_sil.o
 .debug_ranges  0x00000780       0x30 ..\obj\stm32f30x_misc.o
 .debug_ranges  0x000007b0       0x68 ..\obj\stm32_it.o
 .debug_ranges  0x00000818       0x20 ..\obj\usb_endp.o
 .debug_ranges  0x00000838       0x20 ..\obj\startup_stm32f30x.o
 .debug_ranges  0x00000858       0x18 ..\obj\usb_mem.o
 .debug_ranges  0x00000870       0x10 ..\obj\usb_istr.o
 .debug_ranges  0x00000880      0x190 ..\obj\stm32f30x_usart.o

.debug_line     0x00000000     0x3b7b
 .debug_line    0x00000000      0x47e ..\obj\usb_core.o
 .debug_line    0x0000047e      0x532 ..\obj\stm32f30x_rcc.o
 .debug_line    0x000009b0      0x1b1 ..\obj\system_stm32f30x.o
 .debug_line    0x00000b61      0x215 ..\obj\usb_int.o
 .debug_line    0x00000d76      0x39e ..\obj\stm32303c_eval.o
 .debug_line    0x00001114       0xee ..\obj\usb_desc.o
 .debug_line    0x00001202      0x6e1 ..\obj\usb_regs.o
 .debug_line    0x000018e3      0x2a8 ..\obj\hw_config.o
 .debug_line    0x00001b8b      0x29b ..\obj\usb_prop.o
 .debug_line    0x00001e26      0x2cd ..\obj\stm32f30x_gpio.o
 .debug_line    0x000020f3      0x246 ..\obj\usb_pwr.o
 .debug_line    0x00002339      0x131 ..\obj\usb_init.o
 .debug_line    0x0000246a      0x189 ..\obj\main.o
 .debug_line    0x000025f3      0x2f0 ..\obj\virtualComPort.o
 .debug_line    0x000028e3      0x247 ..\obj\stm32f30x_exti.o
 .debug_line    0x00002b2a      0x158 ..\obj\usb_sil.o
 .debug_line    0x00002c82      0x1e8 ..\obj\stm32f30x_misc.o
 .debug_line    0x00002e6a      0x206 ..\obj\stm32_it.o
 .debug_line    0x00003070      0x198 ..\obj\usb_endp.o
 .debug_line    0x00003208       0x9d ..\obj\startup_stm32f30x.o
 .debug_line    0x000032a5      0x15d ..\obj\usb_mem.o
 .debug_line    0x00003402      0x1ab ..\obj\usb_istr.o
 .debug_line    0x000035ad      0x5ce ..\obj\stm32f30x_usart.o

.debug_str      0x00000000     0x351f
 .debug_str     0x00000000      0x8ed ..\obj\usb_core.o
                                0xa75 (size before relaxing)
 .debug_str     0x000008ed      0x641 ..\obj\stm32f30x_rcc.o
                                0x7f1 (size before relaxing)
 .debug_str     0x00000f2e       0xf1 ..\obj\system_stm32f30x.o
                                0x2f8 (size before relaxing)
 .debug_str     0x0000101f       0x61 ..\obj\usb_int.o
                                0x1e2 (size before relaxing)
 .debug_str     0x00001080      0xc3c ..\obj\stm32303c_eval.o
                                0xde0 (size before relaxing)
 .debug_str     0x00001cbc       0xe7 ..\obj\usb_desc.o
                                0x221 (size before relaxing)
 .debug_str     0x00001da3      0x3ed ..\obj\usb_regs.o
                                0x56b (size before relaxing)
 .debug_str     0x00002190      0x188 ..\obj\hw_config.o
                                0xba3 (size before relaxing)
 .debug_str     0x00002318      0x258 ..\obj\usb_prop.o
                                0x941 (size before relaxing)
 .debug_str     0x00002570      0x186 ..\obj\stm32f30x_gpio.o
                                0x49c (size before relaxing)
 .debug_str     0x000026f6      0x11e ..\obj\usb_pwr.o
                                0x353 (size before relaxing)
 .debug_str     0x00002814       0x3d ..\obj\usb_init.o
                                0x523 (size before relaxing)
 .debug_str     0x00002851       0x30 ..\obj\main.o
                                0x33d (size before relaxing)
 .debug_str     0x00002881      0x127 ..\obj\virtualComPort.o
                                0x403 (size before relaxing)
 .debug_str     0x000029a8      0x11d ..\obj\stm32f30x_exti.o
                                0x37d (size before relaxing)
 .debug_str     0x00002ac5       0x7f ..\obj\usb_sil.o
                                0x1f1 (size before relaxing)
 .debug_str     0x00002b44      0x14a ..\obj\stm32f30x_misc.o
                                0x3cb (size before relaxing)
 .debug_str     0x00002c8e       0xfc ..\obj\stm32_it.o
                                0x29c (size before relaxing)
 .debug_str     0x00002d8a       0x7c ..\obj\usb_endp.o
                                0x294 (size before relaxing)
 .debug_str     0x00002e06       0x81 ..\obj\usb_mem.o
                                0x1e3 (size before relaxing)
 .debug_str     0x00002e87       0x4c ..\obj\usb_istr.o
                                0x3a4 (size before relaxing)
 .debug_str     0x00002ed3      0x64c ..\obj\stm32f30x_usart.o
                                0x9fc (size before relaxing)

.comment        0x00000000       0x6e
 .comment       0x00000000       0x6e ..\obj\usb_core.o
                                 0x6f (size before relaxing)
 .comment       0x0000006e       0x6f ..\obj\stm32f30x_rcc.o
 .comment       0x0000006e       0x6f ..\obj\system_stm32f30x.o
 .comment       0x0000006e       0x6f ..\obj\usb_int.o
 .comment       0x0000006e       0x6f ..\obj\stm32303c_eval.o
 .comment       0x0000006e       0x6f ..\obj\usb_desc.o
 .comment       0x0000006e       0x6f ..\obj\usb_regs.o
 .comment       0x0000006e       0x6f ..\obj\hw_config.o
 .comment       0x0000006e       0x6f ..\obj\usb_prop.o
 .comment       0x0000006e       0x6f ..\obj\stm32f30x_gpio.o
 .comment       0x0000006e       0x6f ..\obj\usb_pwr.o
 .comment       0x0000006e       0x6f ..\obj\usb_init.o
 .comment       0x0000006e       0x6f ..\obj\main.o
 .comment       0x0000006e       0x6f ..\obj\virtualComPort.o
 .comment       0x0000006e       0x6f ..\obj\stm32f30x_exti.o
 .comment       0x0000006e       0x6f ..\obj\usb_sil.o
 .comment       0x0000006e       0x6f ..\obj\stm32f30x_misc.o
 .comment       0x0000006e       0x6f ..\obj\stm32_it.o
 .comment       0x0000006e       0x6f ..\obj\usb_endp.o
 .comment       0x0000006e       0x6f ..\obj\usb_mem.o
 .comment       0x0000006e       0x6f ..\obj\usb_istr.o
 .comment       0x0000006e       0x6f ..\obj\stm32f30x_usart.o

.ARM.attributes
                0x00000000       0x31
 .ARM.attributes
                0x00000000       0x33 ..\obj\usb_core.o
 .ARM.attributes
                0x00000033       0x33 ..\obj\stm32f30x_rcc.o
 .ARM.attributes
                0x00000066       0x33 ..\obj\system_stm32f30x.o
 .ARM.attributes
                0x00000099       0x33 ..\obj\usb_int.o
 .ARM.attributes
                0x000000cc       0x33 ..\obj\stm32303c_eval.o
 .ARM.attributes
                0x000000ff       0x33 ..\obj\usb_desc.o
 .ARM.attributes
                0x00000132       0x33 ..\obj\usb_regs.o
 .ARM.attributes
                0x00000165       0x33 ..\obj\hw_config.o
 .ARM.attributes
                0x00000198       0x33 ..\obj\usb_prop.o
 .ARM.attributes
                0x000001cb       0x33 ..\obj\stm32f30x_gpio.o
 .ARM.attributes
                0x000001fe       0x33 ..\obj\usb_pwr.o
 .ARM.attributes
                0x00000231       0x33 ..\obj\usb_init.o
 .ARM.attributes
                0x00000264       0x33 ..\obj\main.o
 .ARM.attributes
                0x00000297       0x33 ..\obj\virtualComPort.o
 .ARM.attributes
                0x000002ca       0x33 ..\obj\stm32f30x_exti.o
 .ARM.attributes
                0x000002fd       0x33 ..\obj\usb_sil.o
 .ARM.attributes
                0x00000330       0x33 ..\obj\stm32f30x_misc.o
 .ARM.attributes
                0x00000363       0x33 ..\obj\stm32_it.o
 .ARM.attributes
                0x00000396       0x33 ..\obj\usb_endp.o
 .ARM.attributes
                0x000003c9       0x21 ..\obj\startup_stm32f30x.o
 .ARM.attributes
                0x000003ea       0x33 ..\obj\usb_mem.o
 .ARM.attributes
                0x0000041d       0x33 ..\obj\usb_istr.o
 .ARM.attributes
                0x00000450       0x33 ..\obj\stm32f30x_usart.o

.debug_frame    0x00000000     0x2904
 .debug_frame   0x00000000      0x2b8 ..\obj\usb_core.o
 .debug_frame   0x000002b8      0x60c ..\obj\stm32f30x_rcc.o
 .debug_frame   0x000008c4       0x7c ..\obj\system_stm32f30x.o
 .debug_frame   0x00000940       0x5c ..\obj\usb_int.o
 .debug_frame   0x0000099c      0x238 ..\obj\stm32303c_eval.o
 .debug_frame   0x00000bd4      0x91c ..\obj\usb_regs.o
 .debug_frame   0x000014f0      0x108 ..\obj\hw_config.o
 .debug_frame   0x000015f8      0x1fc ..\obj\usb_prop.o
 .debug_frame   0x000017f4      0x214 ..\obj\stm32f30x_gpio.o
 .debug_frame   0x00001a08       0xc4 ..\obj\usb_pwr.o
 .debug_frame   0x00001acc       0x2c ..\obj\usb_init.o
 .debug_frame   0x00001af8       0x50 ..\obj\main.o
 .debug_frame   0x00001b48      0x110 ..\obj\virtualComPort.o
 .debug_frame   0x00001c58      0x148 ..\obj\stm32f30x_exti.o
 .debug_frame   0x00001da0       0x78 ..\obj\usb_sil.o
 .debug_frame   0x00001e18       0xd8 ..\obj\stm32f30x_misc.o
 .debug_frame   0x00001ef0      0x164 ..\obj\stm32_it.o
 .debug_frame   0x00002054       0x6c ..\obj\usb_endp.o
 .debug_frame   0x000020c0       0x60 ..\obj\usb_mem.o
 .debug_frame   0x00002120       0x34 ..\obj\usb_istr.o
 .debug_frame   0x00002154      0x7b0 ..\obj\stm32f30x_usart.o
